Archive member included to satisfy reference by file (symbol)

C:/ST/STM32CubeIDE_2.2.0/STM32CubeIDE/plugins/com.st.stm32cube.ide.mcu.externaltools.gnu-tools-for-stm32.14.3.rel1.win32_1.0.100.202602081740/tools/bin/../lib/gcc/arm-none-eabi/14.3.1/../../../../arm-none-eabi/lib/thumb/v8-m.main+fp/hard\libc_nano.a(libc_a-exit.o)
                              C:/ST/STM32CubeIDE_2.2.0/STM32CubeIDE/plugins/com.st.stm32cube.ide.mcu.externaltools.gnu-tools-for-stm32.14.3.rel1.win32_1.0.100.202602081740/tools/bin/../lib/gcc/arm-none-eabi/14.3.1/../../../../arm-none-eabi/lib/thumb/v8-m.main+fp/hard/crt0.o (exit)
C:/ST/STM32CubeIDE_2.2.0/STM32CubeIDE/plugins/com.st.stm32cube.ide.mcu.externaltools.gnu-tools-for-stm32.14.3.rel1.win32_1.0.100.202602081740/tools/bin/../lib/gcc/arm-none-eabi/14.3.1/../../../../arm-none-eabi/lib/thumb/v8-m.main+fp/hard\libc_nano.a(libc_a-findfp.o)
                              C:/ST/STM32CubeIDE_2.2.0/STM32CubeIDE/plugins/com.st.stm32cube.ide.mcu.externaltools.gnu-tools-for-stm32.14.3.rel1.win32_1.0.100.202602081740/tools/bin/../lib/gcc/arm-none-eabi/14.3.1/../../../../arm-none-eabi/lib/thumb/v8-m.main+fp/hard\libc_nano.a(libc_a-exit.o) (__stdio_exit_handler)
C:/ST/STM32CubeIDE_2.2.0/STM32CubeIDE/plugins/com.st.stm32cube.ide.mcu.externaltools.gnu-tools-for-stm32.14.3.rel1.win32_1.0.100.202602081740/tools/bin/../lib/gcc/arm-none-eabi/14.3.1/../../../../arm-none-eabi/lib/thumb/v8-m.main+fp/hard\libc_nano.a(libc_a-fwalk.o)
                              C:/ST/STM32CubeIDE_2.2.0/STM32CubeIDE/plugins/com.st.stm32cube.ide.mcu.externaltools.gnu-tools-for-stm32.14.3.rel1.win32_1.0.100.202602081740/tools/bin/../lib/gcc/arm-none-eabi/14.3.1/../../../../arm-none-eabi/lib/thumb/v8-m.main+fp/hard\libc_nano.a(libc_a-findfp.o) (_fwalk_sglue)
C:/ST/STM32CubeIDE_2.2.0/STM32CubeIDE/plugins/com.st.stm32cube.ide.mcu.externaltools.gnu-tools-for-stm32.14.3.rel1.win32_1.0.100.202602081740/tools/bin/../lib/gcc/arm-none-eabi/14.3.1/../../../../arm-none-eabi/lib/thumb/v8-m.main+fp/hard\libc_nano.a(libc_a-stdio.o)
                              C:/ST/STM32CubeIDE_2.2.0/STM32CubeIDE/plugins/com.st.stm32cube.ide.mcu.externaltools.gnu-tools-for-stm32.14.3.rel1.win32_1.0.100.202602081740/tools/bin/../lib/gcc/arm-none-eabi/14.3.1/../../../../arm-none-eabi/lib/thumb/v8-m.main+fp/hard\libc_nano.a(libc_a-findfp.o) (__sread)
C:/ST/STM32CubeIDE_2.2.0/STM32CubeIDE/plugins/com.st.stm32cube.ide.mcu.externaltools.gnu-tools-for-stm32.14.3.rel1.win32_1.0.100.202602081740/tools/bin/../lib/gcc/arm-none-eabi/14.3.1/../../../../arm-none-eabi/lib/thumb/v8-m.main+fp/hard\libc_nano.a(libc_a-memset.o)
                              C:/ST/STM32CubeIDE_2.2.0/STM32CubeIDE/plugins/com.st.stm32cube.ide.mcu.externaltools.gnu-tools-for-stm32.14.3.rel1.win32_1.0.100.202602081740/tools/bin/../lib/gcc/arm-none-eabi/14.3.1/../../../../arm-none-eabi/lib/thumb/v8-m.main+fp/hard/crt0.o (memset)
C:/ST/STM32CubeIDE_2.2.0/STM32CubeIDE/plugins/com.st.stm32cube.ide.mcu.externaltools.gnu-tools-for-stm32.14.3.rel1.win32_1.0.100.202602081740/tools/bin/../lib/gcc/arm-none-eabi/14.3.1/../../../../arm-none-eabi/lib/thumb/v8-m.main+fp/hard\libc_nano.a(libc_a-closer.o)
                              C:/ST/STM32CubeIDE_2.2.0/STM32CubeIDE/plugins/com.st.stm32cube.ide.mcu.externaltools.gnu-tools-for-stm32.14.3.rel1.win32_1.0.100.202602081740/tools/bin/../lib/gcc/arm-none-eabi/14.3.1/../../../../arm-none-eabi/lib/thumb/v8-m.main+fp/hard\libc_nano.a(libc_a-stdio.o) (_close_r)
C:/ST/STM32CubeIDE_2.2.0/STM32CubeIDE/plugins/com.st.stm32cube.ide.mcu.externaltools.gnu-tools-for-stm32.14.3.rel1.win32_1.0.100.202602081740/tools/bin/../lib/gcc/arm-none-eabi/14.3.1/../../../../arm-none-eabi/lib/thumb/v8-m.main+fp/hard\libc_nano.a(libc_a-reent.o)
                              C:/ST/STM32CubeIDE_2.2.0/STM32CubeIDE/plugins/com.st.stm32cube.ide.mcu.externaltools.gnu-tools-for-stm32.14.3.rel1.win32_1.0.100.202602081740/tools/bin/../lib/gcc/arm-none-eabi/14.3.1/../../../../arm-none-eabi/lib/thumb/v8-m.main+fp/hard\libc_nano.a(libc_a-closer.o) (errno)
C:/ST/STM32CubeIDE_2.2.0/STM32CubeIDE/plugins/com.st.stm32cube.ide.mcu.externaltools.gnu-tools-for-stm32.14.3.rel1.win32_1.0.100.202602081740/tools/bin/../lib/gcc/arm-none-eabi/14.3.1/../../../../arm-none-eabi/lib/thumb/v8-m.main+fp/hard\libc_nano.a(libc_a-impure.o)
                              C:/ST/STM32CubeIDE_2.2.0/STM32CubeIDE/plugins/com.st.stm32cube.ide.mcu.externaltools.gnu-tools-for-stm32.14.3.rel1.win32_1.0.100.202602081740/tools/bin/../lib/gcc/arm-none-eabi/14.3.1/../../../../arm-none-eabi/lib/thumb/v8-m.main+fp/hard\libc_nano.a(libc_a-reent.o) (_impure_ptr)
C:/ST/STM32CubeIDE_2.2.0/STM32CubeIDE/plugins/com.st.stm32cube.ide.mcu.externaltools.gnu-tools-for-stm32.14.3.rel1.win32_1.0.100.202602081740/tools/bin/../lib/gcc/arm-none-eabi/14.3.1/../../../../arm-none-eabi/lib/thumb/v8-m.main+fp/hard\libc_nano.a(libc_a-lseekr.o)
[...]
Memory Configuration

Name             Origin             Length             Attributes
RAM              0x20000000         0x000c0000         xrw
SRAM4            0x28000000         0x00004000         xrw
FLASH            0x08000000         0x00200000         xr
*default*        0x00000000         0xffffffff

Linker script and memory map

LOAD C:/ST/STM32CubeIDE_2.2.0/STM32CubeIDE/plugins/com.st.stm32cube.ide.mcu.externaltools.gnu-tools-for-stm32.14.3.rel1.win32_1.0.100.202602081740/tools/bin/../lib/gcc/arm-none-eabi/14.3.1/thumb/v8-m.main+fp/hard/crti.o
LOAD C:/ST/STM32CubeIDE_2.2.0/STM32CubeIDE/plugins/com.st.stm32cube.ide.mcu.externaltools.gnu-tools-for-stm32.14.3.rel1.win32_1.0.100.202602081740/tools/bin/../lib/gcc/arm-none-eabi/14.3.1/thumb/v8-m.main+fp/hard/crtbegin.o
LOAD C:/ST/STM32CubeIDE_2.2.0/STM32CubeIDE/plugins/com.st.stm32cube.ide.mcu.externaltools.gnu-tools-for-stm32.14.3.rel1.win32_1.0.100.202602081740/tools/bin/../lib/gcc/arm-none-eabi/14.3.1/../../../../arm-none-eabi/lib/thumb/v8-m.main+fp/hard/crt0.o
LOAD ./Core/Src/app_uart.o
LOAD ./Core/Src/gpio.o
LOAD ./Core/Src/icache.o
LOAD ./Core/Src/main.o
LOAD ./Core/Src/spi.o
LOAD ./Core/Src/stm32u5xx_hal_msp.o
LOAD ./Core/Src/stm32u5xx_it.o
LOAD ./Core/Src/sx1262_board.o
LOAD ./Core/Src/sx1262_bringup.o
LOAD ./Core/Src/syscalls.o
LOAD ./Core/Src/sysmem.o
LOAD ./Core/Src/system_stm32u5xx.o
LOAD ./Core/Src/usart.o
LOAD ./Core/Startup/startup_stm32u585ciux.o
LOAD ./Drivers/STM32U5xx_HAL_Driver/Src/stm32u5xx_hal.o
LOAD ./Drivers/STM32U5xx_HAL_Driver/Src/stm32u5xx_hal_cortex.o
LOAD ./Drivers/STM32U5xx_HAL_Driver/Src/stm32u5xx_hal_dma.o
LOAD ./Drivers/STM32U5xx_HAL_Driver/Src/stm32u5xx_hal_dma_ex.o
LOAD ./Drivers/STM32U5xx_HAL_Driver/Src/stm32u5xx_hal_exti.o
LOAD ./Drivers/STM32U5xx_HAL_Driver/Src/stm32u5xx_hal_flash.o
LOAD ./Drivers/STM32U5xx_HAL_Driver/Src/stm32u5xx_hal_flash_ex.o
LOAD ./Drivers/STM32U5xx_HAL_Driver/Src/stm32u5xx_hal_gpio.o
LOAD ./Drivers/STM32U5xx_HAL_Driver/Src/stm32u5xx_hal_gtzc.o
LOAD ./Drivers/STM32U5xx_HAL_Driver/Src/stm32u5xx_hal_i2c.o
LOAD ./Drivers/STM32U5xx_HAL_Driver/Src/stm32u5xx_hal_i2c_ex.o
LOAD ./Drivers/STM32U5xx_HAL_Driver/Src/stm32u5xx_hal_icache.o
LOAD ./Drivers/STM32U5xx_HAL_Driver/Src/stm32u5xx_hal_pwr.o
LOAD ./Drivers/STM32U5xx_HAL_Driver/Src/stm32u5xx_hal_pwr_ex.o
LOAD ./Drivers/STM32U5xx_HAL_Driver/Src/stm32u5xx_hal_rcc.o
LOAD ./Drivers/STM32U5xx_HAL_Driver/Src/stm32u5xx_hal_rcc_ex.o
LOAD ./Drivers/STM32U5xx_HAL_Driver/Src/stm32u5xx_hal_spi.o
LOAD ./Drivers/STM32U5xx_HAL_Driver/Src/stm32u5xx_hal_spi_ex.o
LOAD ./Drivers/STM32U5xx_HAL_Driver/Src/stm32u5xx_hal_uart.o
LOAD ./Drivers/STM32U5xx_HAL_Driver/Src/stm32u5xx_hal_uart_ex.o
LOAD ./Drivers/SX126x/Src/sx126x.o
START GROUP
LOAD C:/ST/STM32CubeIDE_2.2.0/STM32CubeIDE/plugins/com.st.stm32cube.ide.mcu.externaltools.gnu-tools-for-stm32.14.3.rel1.win32_1.0.100.202602081740/tools/bin/../lib/gcc/arm-none-eabi/14.3.1/../../../../arm-none-eabi/lib/thumb/v8-m.main+fp/hard\libc_nano.a
LOAD C:/ST/STM32CubeIDE_2.2.0/STM32CubeIDE/plugins/com.st.stm32cube.ide.mcu.externaltools.gnu-tools-for-stm32.14.3.rel1.win32_1.0.100.202602081740/tools/bin/../lib/gcc/arm-none-eabi/14.3.1/../../../../arm-none-eabi/lib/thumb/v8-m.main+fp/hard\libm.a
END GROUP
START GROUP
LOAD C:/ST/STM32CubeIDE_2.2.0/STM32CubeIDE/plugins/com.st.stm32cube.ide.mcu.externaltools.gnu-tools-for-stm32.14.3.rel1.win32_1.0.100.202602081740/tools/bin/../lib/gcc/arm-none-eabi/14.3.1/thumb/v8-m.main+fp/hard\libgcc.a
LOAD C:/ST/STM32CubeIDE_2.2.0/STM32CubeIDE/plugins/com.st.stm32cube.ide.mcu.externaltools.gnu-tools-for-stm32.14.3.rel1.win32_1.0.100.202602081740/tools/bin/../lib/gcc/arm-none-eabi/14.3.1/../../../../arm-none-eabi/lib/thumb/v8-m.main+fp/hard\libc_nano.a
END GROUP
START GROUP
LOAD C:/ST/STM32CubeIDE_2.2.0/STM32CubeIDE/plugins/com.st.stm32cube.ide.mcu.externaltools.gnu-tools-for-stm32.14.3.rel1.win32_1.0.100.202602081740/tools/bin/../lib/gcc/arm-none-eabi/14.3.1/thumb/v8-m.main+fp/hard\libgcc.a
LOAD C:/ST/STM32CubeIDE_2.2.0/STM32CubeIDE/plugins/com.st.stm32cube.ide.mcu.externaltools.gnu-tools-for-stm32.14.3.rel1.win32_1.0.100.202602081740/tools/bin/../lib/gcc/arm-none-eabi/14.3.1/../../../../arm-none-eabi/lib/thumb/v8-m.main+fp/hard\libc_nano.a
LOAD C:/ST/STM32CubeIDE_2.2.0/STM32CubeIDE/plugins/com.st.stm32cube.ide.mcu.externaltools.gnu-tools-for-stm32.14.3.rel1.win32_1.0.100.202602081740/tools/bin/../lib/gcc/arm-none-eabi/14.3.1/../../../../arm-none-eabi/lib/thumb/v8-m.main+fp/hard\libnosys.a
END GROUP
START GROUP
LOAD C:/ST/STM32CubeIDE_2.2.0/STM32CubeIDE/plugins/com.st.stm32cube.ide.mcu.externaltools.gnu-tools-for-stm32.14.3.rel1.win32_1.0.100.202602081740/tools/bin/../lib/gcc/arm-none-eabi/14.3.1/thumb/v8-m.main+fp/hard\libgcc.a
LOAD C:/ST/STM32CubeIDE_2.2.0/STM32CubeIDE/plugins/com.st.stm32cube.ide.mcu.externaltools.gnu-tools-for-stm32.14.3.rel1.win32_1.0.100.202602081740/tools/bin/../lib/gcc/arm-none-eabi/14.3.1/../../../../arm-none-eabi/lib/thumb/v8-m.main+fp/hard\libc_nano.a
LOAD C:/ST/STM32CubeIDE_2.2.0/STM32CubeIDE/plugins/com.st.stm32cube.ide.mcu.externaltools.gnu-tools-for-stm32.14.3.rel1.win32_1.0.100.202602081740/tools/bin/../lib/gcc/arm-none-eabi/14.3.1/../../../../arm-none-eabi/lib/thumb/v8-m.main+fp/hard\libnosys.a
END GROUP
LOAD C:/ST/STM32CubeIDE_2.2.0/STM32CubeIDE/plugins/com.st.stm32cube.ide.mcu.externaltools.gnu-tools-for-stm32.14.3.rel1.win32_1.0.100.202602081740/tools/bin/../lib/gcc/arm-none-eabi/14.3.1/thumb/v8-m.main+fp/hard/crtend.o
LOAD C:/ST/STM32CubeIDE_2.2.0/STM32CubeIDE/plugins/com.st.stm32cube.ide.mcu.externaltools.gnu-tools-for-stm32.14.3.rel1.win32_1.0.100.202602081740/tools/bin/../lib/gcc/arm-none-eabi/14.3.1/thumb/v8-m.main+fp/hard/crtn.o
                0x200c0000                        _estack = (ORIGIN (RAM) + LENGTH (RAM))
                0x200bfc00                        _sstack = (_estack - _Min_Stack_Size)
                0x00000200                        _Min_Heap_Size = 0x200
                0x00000400                        _Min_Stack_Size = 0x400

.isr_vector     0x08000000      0x238
 *(.isr_vector)
 .isr_vector    0x08000000      0x238 ./Core/Startup/startup_stm32u585ciux.o
                0x08000000                g_pfnVectors

.text           0x08000238     0x7700
 *(.text)
 .text          0x08000238       0x40 C:/ST/STM32CubeIDE_2.2.0/STM32CubeIDE/plugins/com.st.stm32cube.ide.mcu.externaltools.gnu-tools-for-stm32.14.3.rel1.win32_1.0.100.202602081740/tools/bin/../lib/gcc/arm-none-eabi/14.3.1/thumb/v8-m.main+fp/hard/crtbegin.o
 .text          0x08000278       0x30 C:/ST/STM32CubeIDE_2.2.0/STM32CubeIDE/plugins/com.st.stm32cube.ide.mcu.externaltools.gnu-tools-for-stm32.14.3.rel1.win32_1.0.100.202602081740/tools/bin/../lib/gcc/arm-none-eabi/14.3.1/thumb/v8-m.main+fp/hard\libgcc.a(_aeabi_uldivmod.o)
                0x08000278                __aeabi_uldivmod
 .text          0x080002a8      0x34c C:/ST/STM32CubeIDE_2.2.0/STM32CubeIDE/plugins/com.st.stm32cube.ide.mcu.externaltools.gnu-tools-for-stm32.14.3.rel1.win32_1.0.100.202602081740/tools/bin/../lib/gcc/arm-none-eabi/14.3.1/thumb/v8-m.main+fp/hard\libgcc.a(_udivmoddi4.o)
                0x080002a8                __udivmoddi4
 .text          0x080005f4        0x4 C:/ST/STM32CubeIDE_2.2.0/STM32CubeIDE/plugins/com.st.stm32cube.ide.mcu.externaltools.gnu-tools-for-stm32.14.3.rel1.win32_1.0.100.202602081740/tools/bin/../lib/gcc/arm-none-eabi/14.3.1/thumb/v8-m.main+fp/hard\libgcc.a(_dvmd_tls.o)
                0x080005f4                __aeabi_idiv0
                0x080005f4                __aeabi_ldiv0
 *(.text*)
 .text.app_uart_write_buffer
                0x080005f8       0x4c ./Core/Src/app_uart.o
 .text.app_uart_write
                0x08000644       0x3a ./Core/Src/app_uart.o
                0x08000644                app_uart_write
 *fill*         0x0800067e        0x2 
 .text.app_uart_write_line
                0x08000680       0x30 ./Core/Src/app_uart.o
                0x08000680                app_uart_write_line
 .text.app_uart_write_hex8
                0x080006b0       0x40 ./Core/Src/app_uart.o
                0x080006b0                app_uart_write_hex8
 .text.MX_GPIO_Init
                0x080006f0      0x1a8 ./Core/Src/gpio.o
                0x080006f0                MX_GPIO_Init
 .text.MX_ICACHE_Init
                0x08000898       0x26 ./Core/Src/icache.o
                0x08000898                MX_ICACHE_Init
 .text.main     0x080008be       0x24 ./Core/Src/main.o
                0x080008be                main
 .text.SystemClock_Config
                0x080008e2       0xb8 ./Core/Src/main.o
                0x080008e2                SystemClock_Config
 .text.Error_Handler
                0x0800099a        0xc ./Core/Src/main.o
                0x0800099a                Error_Handler
 *fill*         0x080009a6        0x2 
 .text.MX_SPI1_Init
                0x080009a8       0xe0 ./Core/Src/spi.o
                0x080009a8                MX_SPI1_Init
 .text.HAL_SPI_MspInit
                0x08000a88       0xd4 ./Core/Src/spi.o
                0x08000a88                HAL_SPI_MspInit
 .text.HAL_MspInit
                0x08000b5c       0x34 ./Core/Src/stm32u5xx_hal_msp.o
                0x08000b5c                HAL_MspInit
 .text.NMI_Handler
                0x08000b90        0x8 ./Core/Src/stm32u5xx_it.o
                0x08000b90                NMI_Handler
 .text.HardFault_Handler
                0x08000b98        0x8 ./Core/Src/stm32u5xx_it.o
                0x08000b98                HardFault_Handler
 .text.MemManage_Handler
                0x08000ba0        0x8 ./Core/Src/stm32u5xx_it.o
                0x08000ba0                MemManage_Handler
 .text.BusFault_Handler
                0x08000ba8        0x8 ./Core/Src/stm32u5xx_it.o
                0x08000ba8                BusFault_Handler
 .text.UsageFault_Handler
                0x08000bb0        0x8 ./Core/Src/stm32u5xx_it.o
                0x08000bb0                UsageFault_Handler
 .text.SVC_Handler
                0x08000bb8        0xe ./Core/Src/stm32u5xx_it.o
                0x08000bb8                SVC_Handler
 .text.DebugMon_Handler
                0x08000bc6        0xe ./Core/Src/stm32u5xx_it.o
                0x08000bc6                DebugMon_Handler
 .text.PendSV_Handler
                0x08000bd4        0xe ./Core/Src/stm32u5xx_it.o
                0x08000bd4                PendSV_Handler
 .text.SysTick_Handler
                0x08000be2        0xc ./Core/Src/stm32u5xx_it.o
                0x08000be2                SysTick_Handler
 .text.EXTI4_IRQHandler
                0x08000bee        0xe ./Core/Src/stm32u5xx_it.o
                0x08000bee                EXTI4_IRQHandler
 .text.sx1262_board_validate_context
                0x08000bfc       0x30 ./Core/Src/sx1262_board.o
 .text.sx1262_board_wait_while_busy
                0x08000c2c       0x4e ./Core/Src/sx1262_board.o
 *fill*         0x08000c7a        0x2 
 .text.sx1262_board_context
                0x08000c7c       0x14 ./Core/Src/sx1262_board.o
                0x08000c7c                sx1262_board_context
 .text.sx1262_board_last_error
                0x08000c90       0x18 ./Core/Src/sx1262_board.o
                0x08000c90                sx1262_board_last_error
 .text.sx1262_board_last_status_byte
                0x08000ca8       0x18 ./Core/Src/sx1262_board.o
                0x08000ca8                sx1262_board_last_status_byte
 .text.sx126x_hal_write
                0x08000cc0       0xf8 ./Core/Src/sx1262_board.o
                0x08000cc0                sx126x_hal_write
 .text.sx126x_hal_read
                0x08000db8       0xfc ./Core/Src/sx1262_board.o
                0x08000db8                sx126x_hal_read
 .text.sx126x_hal_reset
                0x08000eb4       0x68 ./Core/Src/sx1262_board.o
                0x08000eb4                sx126x_hal_reset
 .text.HAL_GPIO_EXTI_Rising_Callback
                0x08000f1c       0x28 ./Core/Src/sx1262_board.o
                0x08000f1c                HAL_GPIO_EXTI_Rising_Callback
 .text.sx1262_bringup_driver_failure
                0x08000f44       0x22 ./Core/Src/sx1262_bringup.o
 *fill*         0x08000f66        0x2 
 .text.sx1262_bringup_reason
                0x08000f68       0x5c ./Core/Src/sx1262_bringup.o
 .text.sx1262_bringup_report_failure
                0x08000fc4       0x50 ./Core/Src/sx1262_bringup.o
 .text.sx1262_bringup_status_is_valid
                0x08001014       0x5c ./Core/Src/sx1262_bringup.o
 .text.sx1262_bringup_report_status
                0x08001070       0x8c ./Core/Src/sx1262_bringup.o
 .text.sx1262_bringup_run
                0x080010fc      0x10c ./Core/Src/sx1262_bringup.o
                0x080010fc                sx1262_bringup_run
 .text.SystemInit
                0x08001208       0x70 ./Core/Src/system_stm32u5xx.o
                0x08001208                SystemInit
 .text.MX_USART1_UART_Init
                0x08001278       0x98 ./Core/Src/usart.o
                0x08001278                MX_USART1_UART_Init
 .text.HAL_UART_MspInit
                0x08001310       0xd0 ./Core/Src/usart.o
                0x08001310                HAL_UART_MspInit
 .text.Reset_Handler
                0x080013e0       0x50 ./Core/Startup/startup_stm32u585ciux.o
                0x080013e0                Reset_Handler
 .text.Default_Handler
                0x08001430        0x2 ./Core/Startup/startup_stm32u585ciux.o
                0x08001430                EXTI2_IRQHandler
                0x08001430                TIM8_TRG_COM_IRQHandler
                0x08001430                TIM8_CC_IRQHandler
                0x08001430                EXTI5_IRQHandler
                0x08001430                FLASH_S_IRQHandler
                0x08001430                EXTI13_IRQHandler
                0x08001430                TIM1_CC_IRQHandler
                0x08001430                TSC_IRQHandler
                0x08001430                TAMP_IRQHandler
                0x08001430                TIM6_IRQHandler
                0x08001430                EXTI12_IRQHandler
                0x08001430                CORDIC_IRQHandler
                0x08001430                EXTI3_IRQHandler
                0x08001430                LPTIM4_IRQHandler
                0x08001430                GPDMA1_Channel5_IRQHandler
                0x08001430                EXTI8_IRQHandler
                0x08001430                LPTIM2_IRQHandler
                0x08001430                I2C3_ER_IRQHandler
                0x08001430                PWR_S3WU_IRQHandler
                0x08001430                MDF1_FLT2_IRQHandler
                0x08001430                LPDMA1_Channel3_IRQHandler
                0x08001430                LPTIM3_IRQHandler
                0x08001430                EXTI0_IRQHandler
                0x08001430                I2C2_EV_IRQHandler
                0x08001430                FPU_IRQHandler
                0x08001430                GPDMA1_Channel3_IRQHandler
                0x08001430                GPDMA1_Channel7_IRQHandler
                0x08001430                MDF1_FLT4_IRQHandler
                0x08001430                FDCAN1_IT1_IRQHandler
                0x08001430                RAMCFG_IRQHandler
                0x08001430                GPDMA1_Channel9_IRQHandler
                0x08001430                DCACHE1_IRQHandler
                0x08001430                SPI1_IRQHandler
                0x08001430                OCTOSPI1_IRQHandler
                0x08001430                GPDMA1_Channel2_IRQHandler
                0x08001430                TIM8_UP_IRQHandler
                0x08001430                RCC_S_IRQHandler
                0x08001430                OCTOSPI2_IRQHandler
                0x08001430                SAI2_IRQHandler
                0x08001430                MDF1_FLT1_IRQHandler
                0x08001430                ADC1_IRQHandler
                0x08001430                PKA_IRQHandler
                0x08001430                MDF1_FLT5_IRQHandler
                0x08001430                EXTI15_IRQHandler
                0x08001430                TIM17_IRQHandler
                0x08001430                USART3_IRQHandler
                0x08001430                RTC_IRQHandler
                0x08001430                EXTI9_IRQHandler
                0x08001430                UART5_IRQHandler
                0x08001430                TIM4_IRQHandler
                0x08001430                I2C1_EV_IRQHandler
                0x08001430                GPDMA1_Channel12_IRQHandler
                0x08001430                GPDMA1_Channel1_IRQHandler
                0x08001430                TIM16_IRQHandler
                0x08001430                GPDMA1_Channel15_IRQHandler
                0x08001430                UART4_IRQHandler
                0x08001430                SecureFault_Handler
                0x08001430                TIM3_IRQHandler
                0x08001430                RCC_IRQHandler
                0x08001430                TIM1_TRG_COM_IRQHandler
                0x08001430                Default_Handler
                0x08001430                GPDMA1_Channel8_IRQHandler
                0x08001430                FMAC_IRQHandler
                0x08001430                OTFDEC1_IRQHandler
                0x08001430                GPDMA1_Channel11_IRQHandler
                0x08001430                TIM7_IRQHandler
                0x08001430                SDMMC1_IRQHandler
                0x08001430                SAES_IRQHandler
                0x08001430                TIM5_IRQHandler
                0x08001430                UCPD1_IRQHandler
                0x08001430                GPDMA1_Channel0_IRQHandler
                0x08001430                TIM15_IRQHandler
                0x08001430                I2C3_EV_IRQHandler
                0x08001430                LPDMA1_Channel0_IRQHandler
                0x08001430                PVD_PVM_IRQHandler
                0x08001430                SPI2_IRQHandler
                0x08001430                LPDMA1_Channel1_IRQHandler
                0x08001430                EXTI14_IRQHandler
                0x08001430                EXTI11_IRQHandler
                0x08001430                OTFDEC2_IRQHandler
                0x08001430                CRS_IRQHandler
                0x08001430                GPDMA1_Channel14_IRQHandler
                0x08001430                LSECSSD_IRQHandler
                0x08001430                RTC_S_IRQHandler
                0x08001430                GPDMA1_Channel13_IRQHandler
                0x08001430                RNG_IRQHandler
                0x08001430                COMP_IRQHandler
                0x08001430                TIM1_UP_IRQHandler
                0x08001430                ADC4_IRQHandler
                0x08001430                WWDG_IRQHandler
                0x08001430                I2C4_EV_IRQHandler
                0x08001430                ADF1_IRQHandler
                0x08001430                IWDG_IRQHandler
                0x08001430                LPUART1_IRQHandler
                0x08001430                MDF1_FLT0_IRQHandler
                0x08001430                FDCAN1_IT0_IRQHandler
                0x08001430                TIM2_IRQHandler
                0x08001430                GPDMA1_Channel4_IRQHandler
                0x08001430                EXTI7_IRQHandler
                0x08001430                DMA2D_IRQHandler
                0x08001430                TIM1_BRK_IRQHandler
                0x08001430                EXTI1_IRQHandler
                0x08001430                SDMMC2_IRQHandler
                0x08001430                AES_IRQHandler
                0x08001430                DAC1_IRQHandler
                0x08001430                GTZC_IRQHandler
                0x08001430                MDF1_FLT3_IRQHandler
                0x08001430                USART2_IRQHandler
                0x08001430                GPDMA1_Channel6_IRQHandler
                0x08001430                I2C2_ER_IRQHandler
                0x08001430                TIM8_BRK_IRQHandler
                0x08001430                FLASH_IRQHandler
                0x08001430                USART1_IRQHandler
                0x08001430                EXTI10_IRQHandler
                0x08001430                OTG_FS_IRQHandler
                0x08001430                SPI3_IRQHandler
                0x08001430                LPDMA1_Channel2_IRQHandler
                0x08001430                I2C1_ER_IRQHandler
                0x08001430                FMC_IRQHandler
                0x08001430                EXTI6_IRQHandler
                0x08001430                LPTIM1_IRQHandler
                0x08001430                DCMI_PSSI_IRQHandler
                0x08001430                I2C4_ER_IRQHandler
                0x08001430                GPDMA1_Channel10_IRQHandler
                0x08001430                ICACHE_IRQHandler
                0x08001430                SAI1_IRQHandler
                0x08001430                HASH_IRQHandler
 *fill*         0x08001432        0x2 
 .text.HAL_Init
                0x08001434       0x60 ./Drivers/STM32U5xx_HAL_Driver/Src/stm32u5xx_hal.o
                0x08001434                HAL_Init
 .text.HAL_InitTick
                0x08001494       0xec ./Drivers/STM32U5xx_HAL_Driver/Src/stm32u5xx_hal.o
                0x08001494                HAL_InitTick
 .text.HAL_IncTick
                0x08001580       0x28 ./Drivers/STM32U5xx_HAL_Driver/Src/stm32u5xx_hal.o
                0x08001580                HAL_IncTick
 .text.HAL_GetTick
                0x080015a8       0x18 ./Drivers/STM32U5xx_HAL_Driver/Src/stm32u5xx_hal.o
                0x080015a8                HAL_GetTick
 .text.HAL_Delay
                0x080015c0       0x48 ./Drivers/STM32U5xx_HAL_Driver/Src/stm32u5xx_hal.o
                0x080015c0                HAL_Delay
 .text.__NVIC_SetPriorityGrouping
                0x08001608       0x48 ./Drivers/STM32U5xx_HAL_Driver/Src/stm32u5xx_hal_cortex.o
 .text.__NVIC_GetPriorityGrouping
                0x08001650       0x1c ./Drivers/STM32U5xx_HAL_Driver/Src/stm32u5xx_hal_cortex.o
 .text.__NVIC_EnableIRQ
                0x0800166c       0x3c ./Drivers/STM32U5xx_HAL_Driver/Src/stm32u5xx_hal_cortex.o
 .text.__NVIC_SetPriority
                0x080016a8       0x54 ./Drivers/STM32U5xx_HAL_Driver/Src/stm32u5xx_hal_cortex.o
 .text.NVIC_EncodePriority
                0x080016fc       0x66 ./Drivers/STM32U5xx_HAL_Driver/Src/stm32u5xx_hal_cortex.o
 .text.HAL_NVIC_SetPriorityGrouping
                0x08001762       0x16 ./Drivers/STM32U5xx_HAL_Driver/Src/stm32u5xx_hal_cortex.o
                0x08001762                HAL_NVIC_SetPriorityGrouping
 .text.HAL_NVIC_SetPriority
                0x08001778       0x34 ./Drivers/STM32U5xx_HAL_Driver/Src/stm32u5xx_hal_cortex.o
                0x08001778                HAL_NVIC_SetPriority
 .text.HAL_NVIC_EnableIRQ
                0x080017ac       0x1c ./Drivers/STM32U5xx_HAL_Driver/Src/stm32u5xx_hal_cortex.o
                0x080017ac                HAL_NVIC_EnableIRQ
 .text.HAL_SYSTICK_Config
                0x080017c8       0x44 ./Drivers/STM32U5xx_HAL_Driver/Src/stm32u5xx_hal_cortex.o
                0x080017c8                HAL_SYSTICK_Config
 .text.HAL_SYSTICK_CLKSourceConfig
                0x0800180c       0xb0 ./Drivers/STM32U5xx_HAL_Driver/Src/stm32u5xx_hal_cortex.o
                0x0800180c                HAL_SYSTICK_CLKSourceConfig
 .text.HAL_SYSTICK_GetCLKSourceConfig
                0x080018bc       0x74 ./Drivers/STM32U5xx_HAL_Driver/Src/stm32u5xx_hal_cortex.o
                0x080018bc                HAL_SYSTICK_GetCLKSourceConfig
 .text.HAL_GPIO_Init
                0x08001930      0x3c0 ./Drivers/STM32U5xx_HAL_Driver/Src/stm32u5xx_hal_gpio.o
                0x08001930                HAL_GPIO_Init
 .text.HAL_GPIO_ReadPin
                0x08001cf0       0x30 ./Drivers/STM32U5xx_HAL_Driver/Src/stm32u5xx_hal_gpio.o
                0x08001cf0                HAL_GPIO_ReadPin
 .text.HAL_GPIO_WritePin
                0x08001d20       0x30 ./Drivers/STM32U5xx_HAL_Driver/Src/stm32u5xx_hal_gpio.o
                0x08001d20                HAL_GPIO_WritePin
 .text.HAL_GPIO_EXTI_IRQHandler
                0x08001d50       0x4c ./Drivers/STM32U5xx_HAL_Driver/Src/stm32u5xx_hal_gpio.o
                0x08001d50                HAL_GPIO_EXTI_IRQHandler
 .text.HAL_GPIO_EXTI_Falling_Callback
                0x08001d9c       0x16 ./Drivers/STM32U5xx_HAL_Driver/Src/stm32u5xx_hal_gpio.o
                0x08001d9c                HAL_GPIO_EXTI_Falling_Callback
 *fill*         0x08001db2        0x2 
 .text.HAL_ICACHE_ConfigAssociativityMode
                0x08001db4       0x40 ./Drivers/STM32U5xx_HAL_Driver/Src/stm32u5xx_hal_icache.o
                0x08001db4                HAL_ICACHE_ConfigAssociativityMode
 .text.HAL_ICACHE_Enable
                0x08001df4       0x20 ./Drivers/STM32U5xx_HAL_Driver/Src/stm32u5xx_hal_icache.o
                0x08001df4                HAL_ICACHE_Enable
 .text.HAL_PWREx_ControlVoltageScaling
                0x08001e14       0xfc ./Drivers/STM32U5xx_HAL_Driver/Src/stm32u5xx_hal_pwr_ex.o
                0x08001e14                HAL_PWREx_ControlVoltageScaling
 .text.HAL_PWREx_GetVoltageRange
                0x08001f10       0x1c ./Drivers/STM32U5xx_HAL_Driver/Src/stm32u5xx_hal_pwr_ex.o
                0x08001f10                HAL_PWREx_GetVoltageRange
 .text.HAL_RCC_OscConfig
                0x08001f2c      0xdb8 ./Drivers/STM32U5xx_HAL_Driver/Src/stm32u5xx_hal_rcc.o
                0x08001f2c                HAL_RCC_OscConfig
 .text.HAL_RCC_ClockConfig
                0x08002ce4      0x3e4 ./Drivers/STM32U5xx_HAL_Driver/Src/stm32u5xx_hal_rcc.o
                0x08002ce4                HAL_RCC_ClockConfig
 .text.HAL_RCC_GetSysClockFreq
                0x080030c8      0x204 ./Drivers/STM32U5xx_HAL_Driver/Src/stm32u5xx_hal_rcc.o
                0x080030c8                HAL_RCC_GetSysClockFreq
 .text.HAL_RCC_GetHCLKFreq
                0x080032cc       0x34 ./Drivers/STM32U5xx_HAL_Driver/Src/stm32u5xx_hal_rcc.o
                0x080032cc                HAL_RCC_GetHCLKFreq
 .text.HAL_RCC_GetPCLK1Freq
                0x08003300       0x28 ./Drivers/STM32U5xx_HAL_Driver/Src/stm32u5xx_hal_rcc.o
                0x08003300                HAL_RCC_GetPCLK1Freq
 .text.HAL_RCC_GetPCLK2Freq
                0x08003328       0x28 ./Drivers/STM32U5xx_HAL_Driver/Src/stm32u5xx_hal_rcc.o
                0x08003328                HAL_RCC_GetPCLK2Freq
 .text.HAL_RCC_GetPCLK3Freq
                0x08003350       0x28 ./Drivers/STM32U5xx_HAL_Driver/Src/stm32u5xx_hal_rcc.o
                0x08003350                HAL_RCC_GetPCLK3Freq
 .text.RCC_SetFlashLatencyFromMSIRange
                0x08003378      0x10c ./Drivers/STM32U5xx_HAL_Driver/Src/stm32u5xx_hal_rcc.o
 .text.HAL_RCCEx_PeriphCLKConfig
                0x08003484      0xb80 ./Drivers/STM32U5xx_HAL_Driver/Src/stm32u5xx_hal_rcc_ex.o
                0x08003484                HAL_RCCEx_PeriphCLKConfig
 .text.HAL_RCCEx_GetPLL1ClockFreq
                0x08004004      0x2b4 ./Drivers/STM32U5xx_HAL_Driver/Src/stm32u5xx_hal_rcc_ex.o
                0x08004004                HAL_RCCEx_GetPLL1ClockFreq
 .text.HAL_RCCEx_GetPLL2ClockFreq
                0x080042b8      0x2b4 ./Drivers/STM32U5xx_HAL_Driver/Src/stm32u5xx_hal_rcc_ex.o
                0x080042b8                HAL_RCCEx_GetPLL2ClockFreq
 .text.HAL_RCCEx_GetPLL3ClockFreq
                0x0800456c      0x2b4 ./Drivers/STM32U5xx_HAL_Driver/Src/stm32u5xx_hal_rcc_ex.o
                0x0800456c                HAL_RCCEx_GetPLL3ClockFreq
 .text.HAL_RCCEx_GetPeriphCLKFreq
                0x08004820     0x13c4 ./Drivers/STM32U5xx_HAL_Driver/Src/stm32u5xx_hal_rcc_ex.o
                0x08004820                HAL_RCCEx_GetPeriphCLKFreq
 .text.RCCEx_PLL2_Config
                0x08005be4      0x130 ./Drivers/STM32U5xx_HAL_Driver/Src/stm32u5xx_hal_rcc_ex.o
 .text.RCCEx_PLL3_Config
                0x08005d14      0x130 ./Drivers/STM32U5xx_HAL_Driver/Src/stm32u5xx_hal_rcc_ex.o
 .text.HAL_SPI_Init
                0x08005e44      0x22c ./Drivers/STM32U5xx_HAL_Driver/Src/stm32u5xx_hal_spi.o
                0x08005e44                HAL_SPI_Init
 .text.HAL_SPI_Transmit
                0x08006070      0x428 ./Drivers/STM32U5xx_HAL_Driver/Src/stm32u5xx_hal_spi.o
                0x08006070                HAL_SPI_Transmit
 .text.HAL_SPI_Receive
                0x08006498      0x5c4 ./Drivers/STM32U5xx_HAL_Driver/Src/stm32u5xx_hal_spi.o
                0x08006498                HAL_SPI_Receive
 .text.SPI_CloseTransfer
                0x08006a5c      0x140 ./Drivers/STM32U5xx_HAL_Driver/Src/stm32u5xx_hal_spi.o
 .text.SPI_WaitOnFlagUntilTimeout
                0x08006b9c       0x5c ./Drivers/STM32U5xx_HAL_Driver/Src/stm32u5xx_hal_spi.o
 .text.SPI_GetPacketSize
                0x08006bf8       0x36 ./Drivers/STM32U5xx_HAL_Driver/Src/stm32u5xx_hal_spi.o
 .text.HAL_SPIEx_SetConfigAutonomousMode
                0x08006c2e       0x82 ./Drivers/STM32U5xx_HAL_Driver/Src/stm32u5xx_hal_spi_ex.o
                0x08006c2e                HAL_SPIEx_SetConfigAutonomousMode
 .text.HAL_UART_Init
                0x08006cb0       0xa0 ./Drivers/STM32U5xx_HAL_Driver/Src/stm32u5xx_hal_uart.o
                0x08006cb0                HAL_UART_Init
 .text.HAL_UART_Transmit
                0x08006d50      0x150 ./Drivers/STM32U5xx_HAL_Driver/Src/stm32u5xx_hal_uart.o
                0x08006d50                HAL_UART_Transmit
 .text.UART_SetConfig
                0x08006ea0      0x344 ./Drivers/STM32U5xx_HAL_Driver/Src/stm32u5xx_hal_uart.o
                0x08006ea0                UART_SetConfig
 .text.UART_AdvFeatureConfig
                0x080071e4      0x144 ./Drivers/STM32U5xx_HAL_Driver/Src/stm32u5xx_hal_uart.o
                0x080071e4                UART_AdvFeatureConfig
 .text.UART_CheckIdleState
                0x08007328      0x154 ./Drivers/STM32U5xx_HAL_Driver/Src/stm32u5xx_hal_uart.o
                0x08007328                UART_CheckIdleState
 .text.UART_WaitOnFlagUntilTimeout
                0x0800747c       0xda ./Drivers/STM32U5xx_HAL_Driver/Src/stm32u5xx_hal_uart.o
                0x0800747c                UART_WaitOnFlagUntilTimeout
 .text.UART_EndRxTransfer
                0x08007556       0xcc ./Drivers/STM32U5xx_HAL_Driver/Src/stm32u5xx_hal_uart.o
 .text.HAL_UARTEx_DisableFifoMode
                0x08007622       0x72 ./Drivers/STM32U5xx_HAL_Driver/Src/stm32u5xx_hal_uart_ex.o
                0x08007622                HAL_UARTEx_DisableFifoMode
 .text.HAL_UARTEx_SetTxFifoThreshold
                0x08007694       0x7c ./Drivers/STM32U5xx_HAL_Driver/Src/stm32u5xx_hal_uart_ex.o
                0x08007694                HAL_UARTEx_SetTxFifoThreshold
 .text.HAL_UARTEx_SetRxFifoThreshold
                0x08007710       0x7c ./Drivers/STM32U5xx_HAL_Driver/Src/stm32u5xx_hal_uart_ex.o
                0x08007710                HAL_UARTEx_SetRxFifoThreshold
 .text.UARTEx_SetNbDataToProcess
                0x0800778c       0x9c ./Drivers/STM32U5xx_HAL_Driver/Src/stm32u5xx_hal_uart_ex.o
 .text.sx126x_set_standby
                0x08007828       0x30 ./Drivers/SX126x/Src/sx126x.o
                0x08007828                sx126x_set_standby
 .text.sx126x_get_status
                0x08007858       0x56 ./Drivers/SX126x/Src/sx126x.o
                0x08007858                sx126x_get_status
 .text.sx126x_reset
                0x080078ae       0x18 ./Drivers/SX126x/Src/sx126x.o
                0x080078ae                sx126x_reset
 .text.memset   0x080078c6       0x10 C:/ST/STM32CubeIDE_2.2.0/STM32CubeIDE/plugins/com.st.stm32cube.ide.mcu.externaltools.gnu-tools-for-stm32.14.3.rel1.win32_1.0.100.202602081740/tools/bin/../lib/gcc/arm-none-eabi/14.3.1/../../../../arm-none-eabi/lib/thumb/v8-m.main+fp/hard\libc_nano.a(libc_a-memset.o)
                0x080078c6                memset
 *fill*         0x080078d6        0x2 
 .text.__libc_init_array
                0x080078d8       0x48 C:/ST/STM32CubeIDE_2.2.0/STM32CubeIDE/plugins/com.st.stm32cube.ide.mcu.externaltools.gnu-tools-for-stm32.14.3.rel1.win32_1.0.100.202602081740/tools/bin/../lib/gcc/arm-none-eabi/14.3.1/../../../../arm-none-eabi/lib/thumb/v8-m.main+fp/hard\libc_nano.a(libc_a-init.o)
                0x080078d8                __libc_init_array
 *(.glue_7)
 .glue_7        0x08007920        0x0 linker stubs
 *(.glue_7t)
 .glue_7t       0x08007920        0x0 linker stubs
 *(.eh_frame)
 .eh_frame      0x08007920        0x0 C:/ST/STM32CubeIDE_2.2.0/STM32CubeIDE/plugins/com.st.stm32cube.ide.mcu.externaltools.gnu-tools-for-stm32.14.3.rel1.win32_1.0.100.202602081740/tools/bin/../lib/gcc/arm-none-eabi/14.3.1/thumb/v8-m.main+fp/hard/crtbegin.o
 *(.init)
 .init          0x08007920        0x4 C:/ST/STM32CubeIDE_2.2.0/STM32CubeIDE/plugins/com.st.stm32cube.ide.mcu.externaltools.gnu-tools-for-stm32.14.3.rel1.win32_1.0.100.202602081740/tools/bin/../lib/gcc/arm-none-eabi/14.3.1/thumb/v8-m.main+fp/hard/crti.o
                0x08007920                _init
 .init          0x08007924        0x8 C:/ST/STM32CubeIDE_2.2.0/STM32CubeIDE/plugins/com.st.stm32cube.ide.mcu.externaltools.gnu-tools-for-stm32.14.3.rel1.win32_1.0.100.202602081740/tools/bin/../lib/gcc/arm-none-eabi/14.3.1/thumb/v8-m.main+fp/hard/crtn.o
 *(.fini)
 .fini          0x0800792c        0x4 C:/ST/STM32CubeIDE_2.2.0/STM32CubeIDE/plugins/com.st.stm32cube.ide.mcu.externaltools.gnu-tools-for-stm32.14.3.rel1.win32_1.0.100.202602081740/tools/bin/../lib/gcc/arm-none-eabi/14.3.1/thumb/v8-m.main+fp/hard/crti.o
                0x0800792c                _fini
 .fini          0x08007930        0x8 C:/ST/STM32CubeIDE_2.2.0/STM32CubeIDE/plugins/com.st.stm32cube.ide.mcu.externaltools.gnu-tools-for-stm32.14.3.rel1.win32_1.0.100.202602081740/tools/bin/../lib/gcc/arm-none-eabi/14.3.1/thumb/v8-m.main+fp/hard/crtn.o
                0x08007938                        _etext = .

.vfp11_veneer   0x08007938        0x0
 .vfp11_veneer  0x08007938        0x0 linker stubs

.v4_bx          0x08007938        0x0
 .v4_bx         0x08007938        0x0 linker stubs

.iplt           0x08007938        0x0
 .iplt          0x08007938        0x0 C:/ST/STM32CubeIDE_2.2.0/STM32CubeIDE/plugins/com.st.stm32cube.ide.mcu.externaltools.gnu-tools-for-stm32.14.3.rel1.win32_1.0.100.202602081740/tools/bin/../lib/gcc/arm-none-eabi/14.3.1/thumb/v8-m.main+fp/hard/crtbegin.o

.rodata         0x08007938      0x204
 *(.rodata)
 .rodata        0x08007938       0xea ./Core/Src/sx1262_bringup.o
 *(.rodata*)
 *fill*         0x08007a22        0x2 
 .rodata.line_ending.1
                0x08007a24        0x2 ./Core/Src/app_uart.o
 *fill*         0x08007a26        0x2 
 .rodata.hex_digits.0
                0x08007a28       0x11 ./Core/Src/app_uart.o
 *fill*         0x08007a39        0x3 
 .rodata.AHBPrescTable
                0x08007a3c       0x10 ./Core/Src/system_stm32u5xx.o
                0x08007a3c                AHBPrescTable
 .rodata.APBPrescTable
                0x08007a4c        0x8 ./Core/Src/system_stm32u5xx.o
                0x08007a4c                APBPrescTable
 .rodata.MSIRangeTable
                0x08007a54       0x40 ./Core/Src/system_stm32u5xx.o
                0x08007a54                MSIRangeTable
 .rodata.LPGPIO_Map
                0x08007a94       0x80 ./Drivers/STM32U5xx_HAL_Driver/Src/stm32u5xx_hal_gpio.o
 .rodata.UARTPrescTable
                0x08007b14       0x18 ./Drivers/STM32U5xx_HAL_Driver/Src/stm32u5xx_hal_uart.o
                0x08007b14                UARTPrescTable
 .rodata.numerator.1
                0x08007b2c        0x8 ./Drivers/STM32U5xx_HAL_Driver/Src/stm32u5xx_hal_uart_ex.o
 .rodata.denominator.0
                0x08007b34        0x8 ./Drivers/STM32U5xx_HAL_Driver/Src/stm32u5xx_hal_uart_ex.o

.ARM.extab
 *(.ARM.extab* .gnu.linkonce.armextab.*)

.ARM            0x08007b3c        0x8
                0x08007b3c                        __exidx_start = .
 *(.ARM.exidx*)
 .ARM.exidx     0x08007b3c        0x8 C:/ST/STM32CubeIDE_2.2.0/STM32CubeIDE/plugins/com.st.stm32cube.ide.mcu.externaltools.gnu-tools-for-stm32.14.3.rel1.win32_1.0.100.202602081740/tools/bin/../lib/gcc/arm-none-eabi/14.3.1/thumb/v8-m.main+fp/hard\libgcc.a(_udivmoddi4.o)
                0x08007b44                        __exidx_end = .

.preinit_array  0x08007b44        0x0
                0x08007b44                        PROVIDE (__preinit_array_start = .)
 *(.preinit_array*)
                0x08007b44                        PROVIDE (__preinit_array_end = .)

.init_array     0x08007b44        0x4
                0x08007b44                        PROVIDE (__init_array_start = .)
 *(SORT_BY_NAME(.init_array.*))
 *(.init_array*)
 .init_array    0x08007b44        0x4 C:/ST/STM32CubeIDE_2.2.0/STM32CubeIDE/plugins/com.st.stm32cube.ide.mcu.externaltools.gnu-tools-for-stm32.14.3.rel1.win32_1.0.100.202602081740/tools/bin/../lib/gcc/arm-none-eabi/14.3.1/thumb/v8-m.main+fp/hard/crtbegin.o
                0x08007b48                        PROVIDE (__init_array_end = .)

.fini_array     0x08007b48        0x4
                [!provide]                        PROVIDE (__fini_array_start = .)
 *(SORT_BY_NAME(.fini_array.*))
 *(.fini_array*)
 .fini_array    0x08007b48        0x4 C:/ST/STM32CubeIDE_2.2.0/STM32CubeIDE/plugins/com.st.stm32cube.ide.mcu.externaltools.gnu-tools-for-stm32.14.3.rel1.win32_1.0.100.202602081740/tools/bin/../lib/gcc/arm-none-eabi/14.3.1/thumb/v8-m.main+fp/hard/crtbegin.o
                [!provide]                        PROVIDE (__fini_array_end = .)
                0x08007b4c                        _sidata = LOADADDR (.data)

.rel.dyn        0x08007b4c        0x0
 .rel.iplt      0x08007b4c        0x0 C:/ST/STM32CubeIDE_2.2.0/STM32CubeIDE/plugins/com.st.stm32cube.ide.mcu.externaltools.gnu-tools-for-stm32.14.3.rel1.win32_1.0.100.202602081740/tools/bin/../lib/gcc/arm-none-eabi/14.3.1/thumb/v8-m.main+fp/hard/crtbegin.o

.data           0x20000000       0x31 load address 0x08007b4c
                0x20000000                        _sdata = .
 *(.data)
 *(.data*)
 .data.board_context
                0x20000000       0x28 ./Core/Src/sx1262_board.o
 .data.SystemCoreClock
                0x20000028        0x4 ./Core/Src/system_stm32u5xx.o
                0x20000028                SystemCoreClock
 .data.uwTickPrio
                0x2000002c        0x4 ./Drivers/STM32U5xx_HAL_Driver/Src/stm32u5xx_hal.o
                0x2000002c                uwTickPrio
 .data.uwTickFreq
                0x20000030        0x1 ./Drivers/STM32U5xx_HAL_Driver/Src/stm32u5xx_hal.o
                0x20000030                uwTickFreq
 *(.RamFunc)
 *(.RamFunc*)
                0x20000031                        _edata = .

.igot.plt       0x20000034        0x0 load address 0x08007b7d
 .igot.plt      0x20000034        0x0 C:/ST/STM32CubeIDE_2.2.0/STM32CubeIDE/plugins/com.st.stm32cube.ide.mcu.externaltools.gnu-tools-for-stm32.14.3.rel1.win32_1.0.100.202602081740/tools/bin/../lib/gcc/arm-none-eabi/14.3.1/thumb/v8-m.main+fp/hard/crtbegin.o

.bss            0x20000034      0x148 load address 0x08007b7d
                0x20000034                        _sbss = .
                0x20000034                        __bss_start__ = _sbss
 *(.bss)
 .bss           0x20000034       0x1c C:/ST/STM32CubeIDE_2.2.0/STM32CubeIDE/plugins/com.st.stm32cube.ide.mcu.externaltools.gnu-tools-for-stm32.14.3.rel1.win32_1.0.100.202602081740/tools/bin/../lib/gcc/arm-none-eabi/14.3.1/thumb/v8-m.main+fp/hard/crtbegin.o
 *(.bss*)
 .bss.hspi1     0x20000050       0x90 ./Core/Src/spi.o
                0x20000050                hspi1
 .bss.dio1_event_pending
                0x200000e0        0x1 ./Core/Src/sx1262_board.o
 *fill*         0x200000e1        0x3 
 .bss.huart1    0x200000e4       0x94 ./Core/Src/usart.o
                0x200000e4                huart1
 .bss.uwTick    0x20000178        0x4 ./Drivers/STM32U5xx_HAL_Driver/Src/stm32u5xx_hal.o
                0x20000178                uwTick
 *(COMMON)
                0x2000017c                        _ebss = .
                0x2000017c                        __bss_end__ = _ebss

._user_heap_stack
                0x2000017c      0x604 load address 0x08007b7d
                0x20000180                        . = ALIGN (0x8)
 *fill*         0x2000017c        0x4 
                [!provide]                        PROVIDE (end = .)
                0x20000180                        PROVIDE (_end = .)
                0x20000380                        . = (. + _Min_Heap_Size)
 *fill*         0x20000180      0x200 
                0x20000780                        . = (. + _Min_Stack_Size)
 *fill*         0x20000380      0x400 
                0x20000780                        . = ALIGN (0x8)

/DISCARD/
 libc.a(*)
 libm.a(*)
 libgcc.a(*)

.ARM.attributes
                0x00000000       0x36
 *(.ARM.attributes)
 .ARM.attributes
                0x00000000       0x26 C:/ST/STM32CubeIDE_2.2.0/STM32CubeIDE/plugins/com.st.stm32cube.ide.mcu.externaltools.gnu-tools-for-stm32.14.3.rel1.win32_1.0.100.202602081740/tools/bin/../lib/gcc/arm-none-eabi/14.3.1/thumb/v8-m.main+fp/hard/crti.o
 .ARM.attributes
                0x00000026       0x38 C:/ST/STM32CubeIDE_2.2.0/STM32CubeIDE/plugins/com.st.stm32cube.ide.mcu.externaltools.gnu-tools-for-stm32.14.3.rel1.win32_1.0.100.202602081740/tools/bin/../lib/gcc/arm-none-eabi/14.3.1/thumb/v8-m.main+fp/hard/crtbegin.o
 .ARM.attributes
                0x0000005e       0x3a ./Core/Src/app_uart.o
 .ARM.attributes
                0x00000098       0x3a ./Core/Src/gpio.o
 .ARM.attributes
                0x000000d2       0x3a ./Core/Src/icache.o
 .ARM.attributes
                0x0000010c       0x3a ./Core/Src/main.o
 .ARM.attributes
                0x00000146       0x3a ./Core/Src/spi.o
 .ARM.attributes
                0x00000180       0x3a ./Core/Src/stm32u5xx_hal_msp.o
 .ARM.attributes
                0x000001ba       0x3a ./Core/Src/stm32u5xx_it.o
 .ARM.attributes
                0x000001f4       0x3a ./Core/Src/sx1262_board.o
 .ARM.attributes
                0x0000022e       0x3a ./Core/Src/sx1262_bringup.o
 .ARM.attributes
                0x00000268       0x3a ./Core/Src/system_stm32u5xx.o
 .ARM.attributes
                0x000002a2       0x3a ./Core/Src/usart.o
 .ARM.attributes
                0x000002dc       0x24 ./Core/Startup/startup_stm32u585ciux.o
 .ARM.attributes
                0x00000300       0x3a ./Drivers/STM32U5xx_HAL_Driver/Src/stm32u5xx_hal.o
 .ARM.attributes
                0x0000033a       0x3a ./Drivers/STM32U5xx_HAL_Driver/Src/stm32u5xx_hal_cortex.o
 .ARM.attributes
                0x00000374       0x3a ./Drivers/STM32U5xx_HAL_Driver/Src/stm32u5xx_hal_gpio.o
 .ARM.attributes
                0x000003ae       0x3a ./Drivers/STM32U5xx_HAL_Driver/Src/stm32u5xx_hal_icache.o
 .ARM.attributes
                0x000003e8       0x3a ./Drivers/STM32U5xx_HAL_Driver/Src/stm32u5xx_hal_pwr_ex.o
 .ARM.attributes
                0x00000422       0x3a ./Drivers/STM32U5xx_HAL_Driver/Src/stm32u5xx_hal_rcc.o
 .ARM.attributes
                0x0000045c       0x3a ./Drivers/STM32U5xx_HAL_Driver/Src/stm32u5xx_hal_rcc_ex.o
 .ARM.attributes
                0x00000496       0x3a ./Drivers/STM32U5xx_HAL_Driver/Src/stm32u5xx_hal_spi.o
 .ARM.attributes
                0x000004d0       0x3a ./Drivers/STM32U5xx_HAL_Driver/Src/stm32u5xx_hal_spi_ex.o
 .ARM.attributes
                0x0000050a       0x3a ./Drivers/STM32U5xx_HAL_Driver/Src/stm32u5xx_hal_uart.o
 .ARM.attributes
                0x00000544       0x3a ./Drivers/STM32U5xx_HAL_Driver/Src/stm32u5xx_hal_uart_ex.o
 .ARM.attributes
                0x0000057e       0x3a ./Drivers/SX126x/Src/sx126x.o
 .ARM.attributes
                0x000005b8       0x38 C:/ST/STM32CubeIDE_2.2.0/STM32CubeIDE/plugins/com.st.stm32cube.ide.mcu.externaltools.gnu-tools-for-stm32.14.3.rel1.win32_1.0.100.202602081740/tools/bin/../lib/gcc/arm-none-eabi/14.3.1/../../../../arm-none-eabi/lib/thumb/v8-m.main+fp/hard\libc_nano.a(libc_a-memset.o)
 .ARM.attributes
                0x000005f0       0x38 C:/ST/STM32CubeIDE_2.2.0/STM32CubeIDE/plugins/com.st.stm32cube.ide.mcu.externaltools.gnu-tools-for-stm32.14.3.rel1.win32_1.0.100.202602081740/tools/bin/../lib/gcc/arm-none-eabi/14.3.1/../../../../arm-none-eabi/lib/thumb/v8-m.main+fp/hard\libc_nano.a(libc_a-init.o)
 .ARM.attributes
                0x00000628       0x26 C:/ST/STM32CubeIDE_2.2.0/STM32CubeIDE/plugins/com.st.stm32cube.ide.mcu.externaltools.gnu-tools-for-stm32.14.3.rel1.win32_1.0.100.202602081740/tools/bin/../lib/gcc/arm-none-eabi/14.3.1/thumb/v8-m.main+fp/hard\libgcc.a(_aeabi_uldivmod.o)
 .ARM.attributes
                0x0000064e       0x38 C:/ST/STM32CubeIDE_2.2.0/STM32CubeIDE/plugins/com.st.stm32cube.ide.mcu.externaltools.gnu-tools-for-stm32.14.3.rel1.win32_1.0.100.202602081740/tools/bin/../lib/gcc/arm-none-eabi/14.3.1/thumb/v8-m.main+fp/hard\libgcc.a(_udivmoddi4.o)
 .ARM.attributes
                0x00000686       0x26 C:/ST/STM32CubeIDE_2.2.0/STM32CubeIDE/plugins/com.st.stm32cube.ide.mcu.externaltools.gnu-tools-for-stm32.14.3.rel1.win32_1.0.100.202602081740/tools/bin/../lib/gcc/arm-none-eabi/14.3.1/thumb/v8-m.main+fp/hard\libgcc.a(_dvmd_tls.o)
 .ARM.attributes
                0x000006ac       0x26 C:/ST/STM32CubeIDE_2.2.0/STM32CubeIDE/plugins/com.st.stm32cube.ide.mcu.externaltools.gnu-tools-for-stm32.14.3.rel1.win32_1.0.100.202602081740/tools/bin/../lib/gcc/arm-none-eabi/14.3.1/thumb/v8-m.main+fp/hard/crtn.o
OUTPUT(Tower.elf elf32-littlearm)
LOAD linker stubs
LOAD C:/ST/STM32CubeIDE_2.2.0/STM32CubeIDE/plugins/com.st.stm32cube.ide.mcu.externaltools.gnu-tools-for-stm32.14.3.rel1.win32_1.0.100.202602081740/tools/bin/../lib/gcc/arm-none-eabi/14.3.1/../../../../arm-none-eabi/lib/thumb/v8-m.main+fp/hard\libc.a
LOAD C:/ST/STM32CubeIDE_2.2.0/STM32CubeIDE/plugins/com.st.stm32cube.ide.mcu.externaltools.gnu-tools-for-stm32.14.3.rel1.win32_1.0.100.202602081740/tools/bin/../lib/gcc/arm-none-eabi/14.3.1/../../../../arm-none-eabi/lib/thumb/v8-m.main+fp/hard\libm.a
LOAD C:/ST/STM32CubeIDE_2.2.0/STM32CubeIDE/plugins/com.st.stm32cube.ide.mcu.externaltools.gnu-tools-for-stm32.14.3.rel1.win32_1.0.100.202602081740/tools/bin/../lib/gcc/arm-none-eabi/14.3.1/thumb/v8-m.main+fp/hard\libgcc.a

.debug_info     0x00000000    0x1676b
 .debug_info    0x00000000      0xa5a ./Core/Src/app_uart.o
 .debug_info    0x00000a5a      0x98d ./Core/Src/gpio.o
 .debug_info    0x000013e7      0x114 ./Core/Src/icache.o
 .debug_info    0x000014fb      0x3b3 ./Core/Src/main.o
 .debug_info    0x000018ae     0x125c ./Core/Src/spi.o
 .debug_info    0x00002b0a      0x40c ./Core/Src/stm32u5xx_hal_msp.o
 .debug_info    0x00002f16      0x161 ./Core/Src/stm32u5xx_it.o
 .debug_info    0x00003077      0xdfb ./Core/Src/sx1262_board.o
 .debug_info    0x00003e72      0x420 ./Core/Src/sx1262_bringup.o
 .debug_info    0x00004292      0x929 ./Core/Src/system_stm32u5xx.o
 .debug_info    0x00004bbb     0x120d ./Core/Src/usart.o
 .debug_info    0x00005dc8       0x30 ./Core/Startup/startup_stm32u585ciux.o
 .debug_info    0x00005df8     0x120a ./Drivers/STM32U5xx_HAL_Driver/Src/stm32u5xx_hal.o
 .debug_info    0x00007002     0x1657 ./Drivers/STM32U5xx_HAL_Driver/Src/stm32u5xx_hal_cortex.o
 .debug_info    0x00008659      0x859 ./Drivers/STM32U5xx_HAL_Driver/Src/stm32u5xx_hal_gpio.o
 .debug_info    0x00008eb2      0x4d6 ./Drivers/STM32U5xx_HAL_Driver/Src/stm32u5xx_hal_icache.o
 .debug_info    0x00009388      0xe3e ./Drivers/STM32U5xx_HAL_Driver/Src/stm32u5xx_hal_pwr_ex.o
 .debug_info    0x0000a1c6     0x11f0 ./Drivers/STM32U5xx_HAL_Driver/Src/stm32u5xx_hal_rcc.o
 .debug_info    0x0000b3b6     0x158b ./Drivers/STM32U5xx_HAL_Driver/Src/stm32u5xx_hal_rcc_ex.o
 .debug_info    0x0000c941     0x15c7 ./Drivers/STM32U5xx_HAL_Driver/Src/stm32u5xx_hal_spi.o
 .debug_info    0x0000df08      0xa97 ./Drivers/STM32U5xx_HAL_Driver/Src/stm32u5xx_hal_spi_ex.o
 .debug_info    0x0000e99f     0x405f ./Drivers/STM32U5xx_HAL_Driver/Src/stm32u5xx_hal_uart.o
 .debug_info    0x000129fe     0x11ef ./Drivers/STM32U5xx_HAL_Driver/Src/stm32u5xx_hal_uart_ex.o
 .debug_info    0x00013bed     0x2b7e ./Drivers/SX126x/Src/sx126x.o

.debug_abbrev   0x00000000     0x2ed2
 .debug_abbrev  0x00000000      0x199 ./Core/Src/app_uart.o
 .debug_abbrev  0x00000199      0x182 ./Core/Src/gpio.o
 .debug_abbrev  0x0000031b       0xb6 ./Core/Src/icache.o
 .debug_abbrev  0x000003d1      0x183 ./Core/Src/main.o
 .debug_abbrev  0x00000554      0x230 ./Core/Src/spi.o
 .debug_abbrev  0x00000784       0xde ./Core/Src/stm32u5xx_hal_msp.o
 .debug_abbrev  0x00000862       0xa0 ./Core/Src/stm32u5xx_it.o
 .debug_abbrev  0x00000902      0x261 ./Core/Src/sx1262_board.o
 .debug_abbrev  0x00000b63      0x1b9 ./Core/Src/sx1262_bringup.o
 .debug_abbrev  0x00000d1c      0x129 ./Core/Src/system_stm32u5xx.o
 .debug_abbrev  0x00000e45      0x218 ./Core/Src/usart.o
 .debug_abbrev  0x0000105d       0x24 ./Core/Startup/startup_stm32u585ciux.o
 .debug_abbrev  0x00001081      0x2a5 ./Drivers/STM32U5xx_HAL_Driver/Src/stm32u5xx_hal.o
 .debug_abbrev  0x00001326      0x327 ./Drivers/STM32U5xx_HAL_Driver/Src/stm32u5xx_hal_cortex.o
 .debug_abbrev  0x0000164d      0x25a ./Drivers/STM32U5xx_HAL_Driver/Src/stm32u5xx_hal_gpio.o
 .debug_abbrev  0x000018a7      0x228 ./Drivers/STM32U5xx_HAL_Driver/Src/stm32u5xx_hal_icache.o
 .debug_abbrev  0x00001acf      0x215 ./Drivers/STM32U5xx_HAL_Driver/Src/stm32u5xx_hal_pwr_ex.o
 .debug_abbrev  0x00001ce4      0x2cb ./Drivers/STM32U5xx_HAL_Driver/Src/stm32u5xx_hal_rcc.o
 .debug_abbrev  0x00001faf      0x23d ./Drivers/STM32U5xx_HAL_Driver/Src/stm32u5xx_hal_rcc_ex.o
 .debug_abbrev  0x000021ec      0x2bc ./Drivers/STM32U5xx_HAL_Driver/Src/stm32u5xx_hal_spi.o
 .debug_abbrev  0x000024a8      0x1c7 ./Drivers/STM32U5xx_HAL_Driver/Src/stm32u5xx_hal_spi_ex.o
 .debug_abbrev  0x0000266f      0x305 ./Drivers/STM32U5xx_HAL_Driver/Src/stm32u5xx_hal_uart.o
 .debug_abbrev  0x00002974      0x2d4 ./Drivers/STM32U5xx_HAL_Driver/Src/stm32u5xx_hal_uart_ex.o
 .debug_abbrev  0x00002c48      0x28a ./Drivers/SX126x/Src/sx126x.o

.debug_aranges  0x00000000     0x11d8
 .debug_aranges
                0x00000000       0x38 ./Core/Src/app_uart.o
 .debug_aranges
                0x00000038       0x20 ./Core/Src/gpio.o
 .debug_aranges
                0x00000058       0x20 ./Core/Src/icache.o
 .debug_aranges
                0x00000078       0x30 ./Core/Src/main.o
 .debug_aranges
                0x000000a8       0x30 ./Core/Src/spi.o
 .debug_aranges
                0x000000d8       0x20 ./Core/Src/stm32u5xx_hal_msp.o
 .debug_aranges
                0x000000f8       0x68 ./Core/Src/stm32u5xx_it.o
 .debug_aranges
                0x00000160       0x70 ./Core/Src/sx1262_board.o
 .debug_aranges
                0x000001d0       0x48 ./Core/Src/sx1262_bringup.o
 .debug_aranges
                0x00000218       0x28 ./Core/Src/system_stm32u5xx.o
 .debug_aranges
                0x00000240       0x30 ./Core/Src/usart.o
 .debug_aranges
                0x00000270       0x28 ./Core/Startup/startup_stm32u585ciux.o
 .debug_aranges
                0x00000298      0x148 ./Drivers/STM32U5xx_HAL_Driver/Src/stm32u5xx_hal.o
 .debug_aranges
                0x000003e0      0x140 ./Drivers/STM32U5xx_HAL_Driver/Src/stm32u5xx_hal_cortex.o
 .debug_aranges
                0x00000520       0x78 ./Drivers/STM32U5xx_HAL_Driver/Src/stm32u5xx_hal_gpio.o
 .debug_aranges
                0x00000598       0xa8 ./Drivers/STM32U5xx_HAL_Driver/Src/stm32u5xx_hal_icache.o
 .debug_aranges
                0x00000640      0x200 ./Drivers/STM32U5xx_HAL_Driver/Src/stm32u5xx_hal_pwr_ex.o
 .debug_aranges
                0x00000840       0xa8 ./Drivers/STM32U5xx_HAL_Driver/Src/stm32u5xx_hal_rcc.o
 .debug_aranges
                0x000008e8      0x160 ./Drivers/STM32U5xx_HAL_Driver/Src/stm32u5xx_hal_rcc_ex.o
 .debug_aranges
                0x00000a48      0x1a8 ./Drivers/STM32U5xx_HAL_Driver/Src/stm32u5xx_hal_spi.o
 .debug_aranges
                0x00000bf0       0x48 ./Drivers/STM32U5xx_HAL_Driver/Src/stm32u5xx_hal_spi_ex.o
 .debug_aranges
                0x00000c38      0x248 ./Drivers/STM32U5xx_HAL_Driver/Src/stm32u5xx_hal_uart.o
 .debug_aranges
                0x00000e80       0xb8 ./Drivers/STM32U5xx_HAL_Driver/Src/stm32u5xx_hal_uart_ex.o
 .debug_aranges
                0x00000f38      0x2a0 ./Drivers/SX126x/Src/sx126x.o

.debug_rnglists
                0x00000000      0xd8b
 .debug_rnglists
                0x00000000       0x25 ./Core/Src/app_uart.o
 .debug_rnglists
                0x00000025       0x14 ./Core/Src/gpio.o
 .debug_rnglists
                0x00000039       0x13 ./Core/Src/icache.o
 .debug_rnglists
                0x0000004c       0x20 ./Core/Src/main.o
 .debug_rnglists
                0x0000006c       0x21 ./Core/Src/spi.o
 .debug_rnglists
                0x0000008d       0x13 ./Core/Src/stm32u5xx_hal_msp.o
 .debug_rnglists
                0x000000a0       0x49 ./Core/Src/stm32u5xx_it.o
 .debug_rnglists
                0x000000e9       0x52 ./Core/Src/sx1262_board.o
 .debug_rnglists
                0x0000013b       0x33 ./Core/Src/sx1262_bringup.o
 .debug_rnglists
                0x0000016e       0x1a ./Core/Src/system_stm32u5xx.o
 .debug_rnglists
                0x00000188       0x21 ./Core/Src/usart.o
 .debug_rnglists
                0x000001a9       0x19 ./Core/Startup/startup_stm32u585ciux.o
 .debug_rnglists
                0x000001c2       0xf3 ./Drivers/STM32U5xx_HAL_Driver/Src/stm32u5xx_hal.o
 .debug_rnglists
                0x000002b5       0xec ./Drivers/STM32U5xx_HAL_Driver/Src/stm32u5xx_hal_cortex.o
 .debug_rnglists
                0x000003a1       0x5a ./Drivers/STM32U5xx_HAL_Driver/Src/stm32u5xx_hal_gpio.o
 .debug_rnglists
                0x000003fb       0x7a ./Drivers/STM32U5xx_HAL_Driver/Src/stm32u5xx_hal_icache.o
 .debug_rnglists
                0x00000475      0x186 ./Drivers/STM32U5xx_HAL_Driver/Src/stm32u5xx_hal_pwr_ex.o
 .debug_rnglists
                0x000005fb       0x7f ./Drivers/STM32U5xx_HAL_Driver/Src/stm32u5xx_hal_rcc.o
 .debug_rnglists
                0x0000067a      0x113 ./Drivers/STM32U5xx_HAL_Driver/Src/stm32u5xx_hal_rcc_ex.o
 .debug_rnglists
                0x0000078d      0x148 ./Drivers/STM32U5xx_HAL_Driver/Src/stm32u5xx_hal_spi.o
 .debug_rnglists
                0x000008d5       0x35 ./Drivers/STM32U5xx_HAL_Driver/Src/stm32u5xx_hal_spi_ex.o
 .debug_rnglists
                0x0000090a      0x1f8 ./Drivers/STM32U5xx_HAL_Driver/Src/stm32u5xx_hal_uart.o
 .debug_rnglists
                0x00000b02       0x8c ./Drivers/STM32U5xx_HAL_Driver/Src/stm32u5xx_hal_uart_ex.o
 .debug_rnglists
                0x00000b8e      0x1fd ./Drivers/SX126x/Src/sx126x.o

.debug_macro    0x00000000    0x343a1
 .debug_macro   0x00000000      0x2a9 ./Core/Src/app_uart.o
 .debug_macro   0x000002a9      0xade ./Core/Src/app_uart.o
 .debug_macro   0x00000d87       0x22 ./Core/Src/app_uart.o
 .debug_macro   0x00000da9       0x8e ./Core/Src/app_uart.o
 .debug_macro   0x00000e37       0x51 ./Core/Src/app_uart.o
 .debug_macro   0x00000e88      0x103 ./Core/Src/app_uart.o
 .debug_macro   0x00000f8b       0x6a ./Core/Src/app_uart.o
 .debug_macro   0x00000ff5      0x1df ./Core/Src/app_uart.o
 .debug_macro   0x000011d4      0x190 ./Core/Src/app_uart.o
 .debug_macro   0x00001364      0x201 ./Core/Src/app_uart.o
 .debug_macro   0x00001565       0x2e ./Core/Src/app_uart.o
 .debug_macro   0x00001593       0x42 ./Core/Src/app_uart.o
 .debug_macro   0x000015d5       0x1c ./Core/Src/app_uart.o
 .debug_macro   0x000015f1       0x29 ./Core/Src/app_uart.o
 .debug_macro   0x0000161a       0xfb ./Core/Src/app_uart.o
 .debug_macro   0x00001715     0x1685 ./Core/Src/app_uart.o
 .debug_macro   0x00002d9a       0x5e ./Core/Src/app_uart.o
 .debug_macro   0x00002df8    0x23ced ./Core/Src/app_uart.o
 .debug_macro   0x00026ae5       0x6d ./Core/Src/app_uart.o
 .debug_macro   0x00026b52     0x393e ./Core/Src/app_uart.o
 .debug_macro   0x0002a490       0x61 ./Core/Src/app_uart.o
 .debug_macro   0x0002a4f1       0x2a ./Core/Src/app_uart.o
 .debug_macro   0x0002a51b       0x43 ./Core/Src/app_uart.o
 .debug_macro   0x0002a55e       0x34 ./Core/Src/app_uart.o
 .debug_macro   0x0002a592      0x364 ./Core/Src/app_uart.o
 .debug_macro   0x0002a8f6       0x16 ./Core/Src/app_uart.o
 .debug_macro   0x0002a90c       0x4a ./Core/Src/app_uart.o
 .debug_macro   0x0002a956       0x34 ./Core/Src/app_uart.o
 .debug_macro   0x0002a98a       0x10 ./Core/Src/app_uart.o
 .debug_macro   0x0002a99a       0x58 ./Core/Src/app_uart.o
 .debug_macro   0x0002a9f2       0x8e ./Core/Src/app_uart.o
 .debug_macro   0x0002aa80       0x1c ./Core/Src/app_uart.o
 .debug_macro   0x0002aa9c      0x17e ./Core/Src/app_uart.o
 .debug_macro   0x0002ac1a      0x19b ./Core/Src/app_uart.o
 .debug_macro   0x0002adb5       0x5d ./Core/Src/app_uart.o
 .debug_macro   0x0002ae12     0x1bfd ./Core/Src/app_uart.o
 .debug_macro   0x0002ca0f      0x7ff ./Core/Src/app_uart.o
 .debug_macro   0x0002d20e      0x166 ./Core/Src/app_uart.o
 .debug_macro   0x0002d374      0x2aa ./Core/Src/app_uart.o
 .debug_macro   0x0002d61e       0xc9 ./Core/Src/app_uart.o
 .debug_macro   0x0002d6e7      0x5a5 ./Core/Src/app_uart.o
 .debug_macro   0x0002dc8c      0x439 ./Core/Src/app_uart.o
 .debug_macro   0x0002e0c5       0xd6 ./Core/Src/app_uart.o
 .debug_macro   0x0002e19b      0x1cd ./Core/Src/app_uart.o
 .debug_macro   0x0002e368      0x432 ./Core/Src/app_uart.o
 .debug_macro   0x0002e79a       0x95 ./Core/Src/app_uart.o
 .debug_macro   0x0002e82f      0x11c ./Core/Src/app_uart.o
 .debug_macro   0x0002e94b      0x525 ./Core/Src/app_uart.o
 .debug_macro   0x0002ee70      0x4bf ./Core/Src/app_uart.o
 .debug_macro   0x0002f32f      0x5cf ./Core/Src/app_uart.o
 .debug_macro   0x0002f8fe       0xee ./Core/Src/app_uart.o
 .debug_macro   0x0002f9ec       0xeb ./Core/Src/app_uart.o
 .debug_macro   0x0002fad7      0x677 ./Core/Src/app_uart.o
 .debug_macro   0x0003014e      0x1a1 ./Core/Src/app_uart.o
 .debug_macro   0x000302ef      0x1c0 ./Core/Src/app_uart.o
 .debug_macro   0x000304af      0x361 ./Core/Src/app_uart.o
 .debug_macro   0x00030810       0x8e ./Core/Src/app_uart.o
 .debug_macro   0x0003089e      0x295 ./Core/Src/gpio.o
 .debug_macro   0x00030b33      0x295 ./Core/Src/icache.o
 .debug_macro   0x00030dc8      0x2c1 ./Core/Src/main.o
 .debug_macro   0x00031089      0x295 ./Core/Src/spi.o
 .debug_macro   0x0003131e      0x28b ./Core/Src/stm32u5xx_hal_msp.o
 .debug_macro   0x000315a9      0x295 ./Core/Src/stm32u5xx_it.o
 .debug_macro   0x0003183e      0x2d7 ./Core/Src/sx1262_board.o
 .debug_macro   0x00031b15       0x22 ./Core/Src/sx1262_board.o
 .debug_macro   0x00031b37       0x10 ./Core/Src/sx1262_board.o
 .debug_macro   0x00031b47       0x93 ./Core/Src/sx1262_bringup.o
 .debug_macro   0x00031bda       0xac ./Core/Src/sx1262_bringup.o
 .debug_macro   0x00031c86      0x283 ./Core/Src/system_stm32u5xx.o
 .debug_macro   0x00031f09      0x295 ./Core/Src/usart.o
 .debug_macro   0x0003219e      0x2a0 ./Drivers/STM32U5xx_HAL_Driver/Src/stm32u5xx_hal.o
 .debug_macro   0x0003243e      0x27c ./Drivers/STM32U5xx_HAL_Driver/Src/stm32u5xx_hal_cortex.o
 .debug_macro   0x000326ba      0x2b1 ./Drivers/STM32U5xx_HAL_Driver/Src/stm32u5xx_hal_gpio.o
 .debug_macro   0x0003296b      0x2ae ./Drivers/STM32U5xx_HAL_Driver/Src/stm32u5xx_hal_icache.o
 .debug_macro   0x00032c19      0x2a7 ./Drivers/STM32U5xx_HAL_Driver/Src/stm32u5xx_hal_pwr_ex.o
 .debug_macro   0x00032ec0      0x382 ./Drivers/STM32U5xx_HAL_Driver/Src/stm32u5xx_hal_rcc.o
 .debug_macro   0x00033242      0x3ad ./Drivers/STM32U5xx_HAL_Driver/Src/stm32u5xx_hal_rcc_ex.o
 .debug_macro   0x000335ef      0x284 ./Drivers/STM32U5xx_HAL_Driver/Src/stm32u5xx_hal_spi.o
 .debug_macro   0x00033873      0x27c ./Drivers/STM32U5xx_HAL_Driver/Src/stm32u5xx_hal_spi_ex.o
 .debug_macro   0x00033aef      0x2a7 ./Drivers/STM32U5xx_HAL_Driver/Src/stm32u5xx_hal_uart.o
 .debug_macro   0x00033d96      0x288 ./Drivers/STM32U5xx_HAL_Driver/Src/stm32u5xx_hal_uart_ex.o
 .debug_macro   0x0003401e      0x172 ./Drivers/SX126x/Src/sx126x.o
 .debug_macro   0x00034190       0x10 ./Drivers/SX126x/Src/sx126x.o
 .debug_macro   0x000341a0       0x20 ./Drivers/SX126x/Src/sx126x.o
 .debug_macro   0x000341c0       0xa6 ./Drivers/SX126x/Src/sx126x.o
 .debug_macro   0x00034266      0x13b ./Drivers/SX126x/Src/sx126x.o

.debug_line     0x00000000    0x17267
 .debug_line    0x00000000      0x934 ./Core/Src/app_uart.o
 .debug_line    0x00000934      0x8f7 ./Core/Src/gpio.o
 .debug_line    0x0000122b      0x8b2 ./Core/Src/icache.o
 .debug_line    0x00001add      0x967 ./Core/Src/main.o
 .debug_line    0x00002444      0x95d ./Core/Src/spi.o
 .debug_line    0x00002da1      0x898 ./Core/Src/stm32u5xx_hal_msp.o
 .debug_line    0x00003639      0x960 ./Core/Src/stm32u5xx_it.o
 .debug_line    0x00003f99      0xb43 ./Core/Src/sx1262_board.o
 .debug_line    0x00004adc      0x657 ./Core/Src/sx1262_bringup.o
 .debug_line    0x00005133      0x99d ./Core/Src/system_stm32u5xx.o
 .debug_line    0x00005ad0      0x94c ./Core/Src/usart.o
 .debug_line    0x0000641c       0x79 ./Core/Startup/startup_stm32u585ciux.o
 .debug_line    0x00006495      0xd42 ./Drivers/STM32U5xx_HAL_Driver/Src/stm32u5xx_hal.o
 .debug_line    0x000071d7      0xeec ./Drivers/STM32U5xx_HAL_Driver/Src/stm32u5xx_hal_cortex.o
 .debug_line    0x000080c3      0xe4b ./Drivers/STM32U5xx_HAL_Driver/Src/stm32u5xx_hal_gpio.o
 .debug_line    0x00008f0e      0xb8c ./Drivers/STM32U5xx_HAL_Driver/Src/stm32u5xx_hal_icache.o
 .debug_line    0x00009a9a     0x1229 ./Drivers/STM32U5xx_HAL_Driver/Src/stm32u5xx_hal_pwr_ex.o
 .debug_line    0x0000acc3     0x1728 ./Drivers/STM32U5xx_HAL_Driver/Src/stm32u5xx_hal_rcc.o
 .debug_line    0x0000c3eb     0x2392 ./Drivers/STM32U5xx_HAL_Driver/Src/stm32u5xx_hal_rcc_ex.o
 .debug_line    0x0000e77d     0x25db ./Drivers/STM32U5xx_HAL_Driver/Src/stm32u5xx_hal_spi.o
 .debug_line    0x00010d58      0xa7c ./Drivers/STM32U5xx_HAL_Driver/Src/stm32u5xx_hal_spi_ex.o
 .debug_line    0x000117d4     0x3531 ./Drivers/STM32U5xx_HAL_Driver/Src/stm32u5xx_hal_uart.o
 .debug_line    0x00014d05      0xedb ./Drivers/STM32U5xx_HAL_Driver/Src/stm32u5xx_hal_uart_ex.o
 .debug_line    0x00015be0     0x1687 ./Drivers/SX126x/Src/sx126x.o

.debug_str      0x00000000   0x14538d
 .debug_str     0x00000000   0x14538d ./Core/Src/app_uart.o
                             0x13a24b (size before relaxing)
 .debug_str     0x0014538d   0x13a56e ./Core/Src/gpio.o
 .debug_str     0x0014538d   0x139b69 ./Core/Src/icache.o
 .debug_str     0x0014538d   0x139e6d ./Core/Src/main.o
 .debug_str     0x0014538d   0x13a8b1 ./Core/Src/spi.o
 .debug_str     0x0014538d   0x139d24 ./Core/Src/stm32u5xx_hal_msp.o
 .debug_str     0x0014538d   0x139baf ./Core/Src/stm32u5xx_it.o
 .debug_str     0x0014538d   0x13a690 ./Core/Src/sx1262_board.o
 .debug_str     0x0014538d     0x4987 ./Core/Src/sx1262_bringup.o
 .debug_str     0x0014538d   0x139caa ./Core/Src/system_stm32u5xx.o
 .debug_str     0x0014538d   0x13a81e ./Core/Src/usart.o
 .debug_str     0x0014538d       0x7c ./Core/Startup/startup_stm32u585ciux.o
 .debug_str     0x0014538d   0x13ab56 ./Drivers/STM32U5xx_HAL_Driver/Src/stm32u5xx_hal.o
 .debug_str     0x0014538d   0x13a925 ./Drivers/STM32U5xx_HAL_Driver/Src/stm32u5xx_hal_cortex.o
 .debug_str     0x0014538d   0x139ccf ./Drivers/STM32U5xx_HAL_Driver/Src/stm32u5xx_hal_gpio.o
 .debug_str     0x0014538d   0x139fcc ./Drivers/STM32U5xx_HAL_Driver/Src/stm32u5xx_hal_icache.o
 .debug_str     0x0014538d   0x13a3ea ./Drivers/STM32U5xx_HAL_Driver/Src/stm32u5xx_hal_pwr_ex.o
 .debug_str     0x0014538d   0x13b39f ./Drivers/STM32U5xx_HAL_Driver/Src/stm32u5xx_hal_rcc.o
 .debug_str     0x0014538d   0x13c692 ./Drivers/STM32U5xx_HAL_Driver/Src/stm32u5xx_hal_rcc_ex.o
 .debug_str     0x0014538d   0x13a59e ./Drivers/STM32U5xx_HAL_Driver/Src/stm32u5xx_hal_spi.o
 .debug_str     0x0014538d   0x13a10e ./Drivers/STM32U5xx_HAL_Driver/Src/stm32u5xx_hal_spi_ex.o
 .debug_str     0x0014538d   0x13a971 ./Drivers/STM32U5xx_HAL_Driver/Src/stm32u5xx_hal_uart.o
 .debug_str     0x0014538d   0x13a423 ./Drivers/STM32U5xx_HAL_Driver/Src/stm32u5xx_hal_uart_ex.o
 .debug_str     0x0014538d     0xad75 ./Drivers/SX126x/Src/sx126x.o

.comment        0x00000000       0x43
 .comment       0x00000000       0x43 ./Core/Src/app_uart.o
                                 0x44 (size before relaxing)
 .comment       0x00000043       0x44 ./Core/Src/gpio.o
 .comment       0x00000043       0x44 ./Core/Src/icache.o
 .comment       0x00000043       0x44 ./Core/Src/main.o
 .comment       0x00000043       0x44 ./Core/Src/spi.o
 .comment       0x00000043       0x44 ./Core/Src/stm32u5xx_hal_msp.o
 .comment       0x00000043       0x44 ./Core/Src/stm32u5xx_it.o
 .comment       0x00000043       0x44 ./Core/Src/sx1262_board.o
 .comment       0x00000043       0x44 ./Core/Src/sx1262_bringup.o
 .comment       0x00000043       0x44 ./Core/Src/system_stm32u5xx.o
 .comment       0x00000043       0x44 ./Core/Src/usart.o
 .comment       0x00000043       0x44 ./Drivers/STM32U5xx_HAL_Driver/Src/stm32u5xx_hal.o
 .comment       0x00000043       0x44 ./Drivers/STM32U5xx_HAL_Driver/Src/stm32u5xx_hal_cortex.o
 .comment       0x00000043       0x44 ./Drivers/STM32U5xx_HAL_Driver/Src/stm32u5xx_hal_gpio.o
 .comment       0x00000043       0x44 ./Drivers/STM32U5xx_HAL_Driver/Src/stm32u5xx_hal_icache.o
 .comment       0x00000043       0x44 ./Drivers/STM32U5xx_HAL_Driver/Src/stm32u5xx_hal_pwr_ex.o
 .comment       0x00000043       0x44 ./Drivers/STM32U5xx_HAL_Driver/Src/stm32u5xx_hal_rcc.o
 .comment       0x00000043       0x44 ./Drivers/STM32U5xx_HAL_Driver/Src/stm32u5xx_hal_rcc_ex.o
 .comment       0x00000043       0x44 ./Drivers/STM32U5xx_HAL_Driver/Src/stm32u5xx_hal_spi.o
 .comment       0x00000043       0x44 ./Drivers/STM32U5xx_HAL_Driver/Src/stm32u5xx_hal_spi_ex.o
 .comment       0x00000043       0x44 ./Drivers/STM32U5xx_HAL_Driver/Src/stm32u5xx_hal_uart.o
 .comment       0x00000043       0x44 ./Drivers/STM32U5xx_HAL_Driver/Src/stm32u5xx_hal_uart_ex.o
 .comment       0x00000043       0x44 ./Drivers/SX126x/Src/sx126x.o

.debug_frame    0x00000000     0x44b8
 .debug_frame   0x00000000       0xa0 ./Core/Src/app_uart.o
 .debug_frame   0x000000a0       0x34 ./Core/Src/gpio.o
 .debug_frame   0x000000d4       0x2c ./Core/Src/icache.o
 .debug_frame   0x00000100       0x6c ./Core/Src/main.o
 .debug_frame   0x0000016c       0x80 ./Core/Src/spi.o
 .debug_frame   0x000001ec       0x34 ./Core/Src/stm32u5xx_hal_msp.o
 .debug_frame   0x00000220      0x114 ./Core/Src/stm32u5xx_it.o
 .debug_frame   0x00000334      0x184 ./Core/Src/sx1262_board.o
 .debug_frame   0x000004b8       0xe0 ./Core/Src/sx1262_bringup.o
 .debug_frame   0x00000598       0x50 ./Core/Src/system_stm32u5xx.o
 .debug_frame   0x000005e8       0x78 ./Core/Src/usart.o
 .debug_frame   0x00000660      0x480 ./Drivers/STM32U5xx_HAL_Driver/Src/stm32u5xx_hal.o
 .debug_frame   0x00000ae0      0x508 ./Drivers/STM32U5xx_HAL_Driver/Src/stm32u5xx_hal_cortex.o
 .debug_frame   0x00000fe8      0x1c0 ./Drivers/STM32U5xx_HAL_Driver/Src/stm32u5xx_hal_gpio.o
 .debug_frame   0x000011a8      0x260 ./Drivers/STM32U5xx_HAL_Driver/Src/stm32u5xx_hal_icache.o
 .debug_frame   0x00001408      0x764 ./Drivers/STM32U5xx_HAL_Driver/Src/stm32u5xx_hal_pwr_ex.o
 .debug_frame   0x00001b6c      0x268 ./Drivers/STM32U5xx_HAL_Driver/Src/stm32u5xx_hal_rcc.o
 .debug_frame   0x00001dd4      0x590 ./Drivers/STM32U5xx_HAL_Driver/Src/stm32u5xx_hal_rcc_ex.o
 .debug_frame   0x00002364      0x73c ./Drivers/STM32U5xx_HAL_Driver/Src/stm32u5xx_hal_spi.o
 .debug_frame   0x00002aa0       0xe8 ./Drivers/STM32U5xx_HAL_Driver/Src/stm32u5xx_hal_spi_ex.o
 .debug_frame   0x00002b88      0xa10 ./Drivers/STM32U5xx_HAL_Driver/Src/stm32u5xx_hal_uart.o
 .debug_frame   0x00003598      0x2e8 ./Drivers/STM32U5xx_HAL_Driver/Src/stm32u5xx_hal_uart_ex.o
 .debug_frame   0x00003880      0xb88 ./Drivers/SX126x/Src/sx126x.o
 .debug_frame   0x00004408       0x20 C:/ST/STM32CubeIDE_2.2.0/STM32CubeIDE/plugins/com.st.stm32cube.ide.mcu.externaltools.gnu-tools-for-stm32.14.3.rel1.win32_1.0.100.202602081740/tools/bin/../lib/gcc/arm-none-eabi/14.3.1/../../../../arm-none-eabi/lib/thumb/v8-m.main+fp/hard\libc_nano.a(libc_a-memset.o)
 .debug_frame   0x00004428       0x2c C:/ST/STM32CubeIDE_2.2.0/STM32CubeIDE/plugins/com.st.stm32cube.ide.mcu.externaltools.gnu-tools-for-stm32.14.3.rel1.win32_1.0.100.202602081740/tools/bin/../lib/gcc/arm-none-eabi/14.3.1/../../../../arm-none-eabi/lib/thumb/v8-m.main+fp/hard\libc_nano.a(libc_a-init.o)
 .debug_frame   0x00004454       0x2c C:/ST/STM32CubeIDE_2.2.0/STM32CubeIDE/plugins/com.st.stm32cube.ide.mcu.externaltools.gnu-tools-for-stm32.14.3.rel1.win32_1.0.100.202602081740/tools/bin/../lib/gcc/arm-none-eabi/14.3.1/thumb/v8-m.main+fp/hard\libgcc.a(_aeabi_uldivmod.o)
 .debug_frame   0x00004480       0x38 C:/ST/STM32CubeIDE_2.2.0/STM32CubeIDE/plugins/com.st.stm32cube.ide.mcu.externaltools.gnu-tools-for-stm32.14.3.rel1.win32_1.0.100.202602081740/tools/bin/../lib/gcc/arm-none-eabi/14.3.1/thumb/v8-m.main+fp/hard\libgcc.a(_udivmoddi4.o)

.debug_line_str
                0x00000000       0x60
 .debug_line_str
                0x00000000       0x60 ./Core/Startup/startup_stm32u585ciux.o
