Archive member included to satisfy reference by file (symbol)

C:/ST/STM32CubeIDE_2.2.0/STM32CubeIDE/plugins/com.st.stm32cube.ide.mcu.externaltools.gnu-tools-for-stm32.14.3.rel1.win32_1.0.100.202602081740/tools/bin/../lib/gcc/arm-none-eabi/14.3.1/../../../../arm-none-eabi/lib/thumb/v8-m.main+fp/hard\libc_nano.a(libc_a-exit.o)
                              C:/ST/STM32CubeIDE_2.2.0/STM32CubeIDE/plugins/com.st.stm32cube.ide.mcu.externaltools.gnu-tools-for-stm32.14.3.rel1.win32_1.0.100.202602081740/tools/bin/../lib/gcc/arm-none-eabi/14.3.1/../../../../arm-none-eabi/lib/thumb/v8-m.main+fp/hard/crt0.o (exit)
C:/ST/STM32CubeIDE_2.2.0/STM32CubeIDE/plugins/com.st.stm32cube.ide.mcu.externaltools.gnu-tools-for-stm32.14.3.rel1.win32_1.0.100.202602081740/tools/bin/../lib/gcc/arm-none-eabi/14.3.1/../../../../arm-none-eabi/lib/thumb/v8-m.main+fp/hard\libc_nano.a(libc_a-findfp.o)
                              C:/ST/STM32CubeIDE_2.2.0/STM32CubeIDE/plugins/com.st.stm32cube.ide.mcu.externaltools.gnu-tools-for-stm32.14.3.rel1.win32_1.0.100.202602081740/tools/bin/../lib/gcc/arm-none-eabi/14.3.1/../../../../arm-none-eabi/lib/thumb/v8-m.main+fp/hard\libc_nano.a(libc_a-exit.o) (__stdio_exit_handler)
C:/ST/STM32CubeIDE_2.2.0/STM32CubeIDE/plugins/com.st.stm32cube.ide.mcu.externaltools.gnu-tools-for-stm32.14.3.rel1.win32_1.0.100.202602081740/tools/bin/../lib/gcc/arm-none-eabi/14.3.1/../../../../arm-none-eabi/lib/thumb/v8-m.main+fp/hard\libc_nano.a(libc_a-fwalk.o)
                              C:/ST/STM32CubeIDE_2.2.0/STM32CubeIDE/plugins/com.st.stm32cube.ide.mcu.externaltools.gnu-tools-for-stm32.14.3.rel1.win32_1.0.100.202602081740/tools/bin/../lib/gcc/arm-none-eabi/14.3.1/../../../../arm-none-eabi/lib/thumb/v8-m.main+fp/hard\libc_nano.a(libc_a-findfp.o) (_fwalk_sglue)
C:/ST/STM32CubeIDE_2.2.0/STM32CubeIDE/plugins/com.st.stm32cube.ide.mcu.externaltools.gnu-tools-for-stm32.14.3.rel1.win32_1.0.100.202602081740/tools/bin/../lib/gcc/arm-none-eabi/14.3.1/../../../../arm-none-eabi/lib/thumb/v8-m.main+fp/hard\libc_nano.a(libc_a-stdio.o)
                              C:/ST/STM32CubeIDE_2.2.0/STM32CubeIDE/plugins/com.st.stm32cube.ide.mcu.externaltools.gnu-tools-for-stm32.14.3.rel1.win32_1.0.100.202602081740/tools/bin/../lib/gcc/arm-none-eabi/14.3.1/../../../../arm-none-eabi/lib/thumb/v8-m.main+fp/hard\libc_nano.a(libc_a-findfp.o) (__sread)
C:/ST/STM32CubeIDE_2.2.0/STM32CubeIDE/plugins/com.st.stm32cube.ide.mcu.externaltools.gnu-tools-for-stm32.14.3.rel1.win32_1.0.100.202602081740/tools/bin/../lib/gcc/arm-none-eabi/14.3.1/../../../../arm-none-eabi/lib/thumb/v8-m.main+fp/hard\libc_nano.a(libc_a-memcmp.o)
                              ./Core/Src/lora_protocol.o (memcmp)
C:/ST/STM32CubeIDE_2.2.0/STM32CubeIDE/plugins/com.st.stm32cube.ide.mcu.externaltools.gnu-tools-for-stm32.14.3.rel1.win32_1.0.100.202602081740/tools/bin/../lib/gcc/arm-none-eabi/14.3.1/../../../../arm-none-eabi/lib/thumb/v8-m.main+fp/hard\libc_nano.a(libc_a-memset.o)
                              C:/ST/STM32CubeIDE_2.2.0/STM32CubeIDE/plugins/com.st.stm32cube.ide.mcu.externaltools.gnu-tools-for-stm32.14.3.rel1.win32_1.0.100.202602081740/tools/bin/../lib/gcc/arm-none-eabi/14.3.1/../../../../arm-none-eabi/lib/thumb/v8-m.main+fp/hard/crt0.o (memset)
C:/ST/STM32CubeIDE_2.2.0/STM32CubeIDE/plugins/com.st.stm32cube.ide.mcu.externaltools.gnu-tools-for-stm32.14.3.rel1.win32_1.0.100.202602081740/tools/bin/../lib/gcc/arm-none-eabi/14.3.1/../../../../arm-none-eabi/lib/thumb/v8-m.main+fp/hard\libc_nano.a(libc_a-closer.o)
                              C:/ST/STM32CubeIDE_2.2.0/STM32CubeIDE/plugins/com.st.stm32cube.ide.mcu.externaltools.gnu-tools-for-stm32.14.3.rel1.win32_1.0.100.202602081740/tools/bin/../lib/gcc/arm-none-eabi/14.3.1/../../../../arm-none-eabi/lib/thumb/v8-m.main+fp/hard\libc_nano.a(libc_a-stdio.o) (_close_r)
C:/ST/STM32CubeIDE_2.2.0/STM32CubeIDE/plugins/com.st.stm32cube.ide.mcu.externaltools.gnu-tools-for-stm32.14.3.rel1.win32_1.0.100.202602081740/tools/bin/../lib/gcc/arm-none-eabi/14.3.1/../../../../arm-none-eabi/lib/thumb/v8-m.main+fp/hard\libc_nano.a(libc_a-reent.o)
                              C:/ST/STM32CubeIDE_2.2.0/STM32CubeIDE/plugins/com.st.stm32cube.ide.mcu.externaltools.gnu-tools-for-stm32.14.3.rel1.win32_1.0.100.202602081740/tools/bin/../lib/gcc/arm-none-eabi/14.3.1/../../../../arm-none-eabi/lib/thumb/v8-m.main+fp/hard\libc_nano.a(libc_a-closer.o) (errno)
C:/ST/STM32CubeIDE_2.2.0/STM32CubeIDE/plugins/com.st.stm32cube.ide.mcu.externaltools.gnu-tools-for-stm32.14.3.rel1.win32_1.0.100.202602081740/tools/bin/../lib/gcc/arm-none-eabi/14.3.1/../../../../arm-none-eabi/lib/thumb/v8-m.main+fp/hard\libc_nano.a(libc_a-impure.o)
                              C:/ST/STM32CubeIDE_2.2.0/STM32CubeIDE/plugins/com.st.stm32cube.ide.mcu.externaltools.gnu-tools-for-stm32.14.3.rel1.win32_1.0.100.202602081740/tools/bin/../lib/gcc/arm-none-eabi/14.3.1/../../../../arm-none-eabi/lib/thumb/v8-m.main+fp/hard\libc_nano.a(libc_a-reent.o) (_impure_ptr)
[...]
Memory Configuration

Name             Origin             Length             Attributes
RAM              0x20000000         0x000c0000         xrw
SRAM4            0x28000000         0x00004000         xrw
FLASH            0x08000000         0x00200000         xr
*default*        0x00000000         0xffffffff

Linker script and memory map

LOAD C:/ST/STM32CubeIDE_2.2.0/STM32CubeIDE/plugins/com.st.stm32cube.ide.mcu.externaltools.gnu-tools-for-stm32.14.3.rel1.win32_1.0.100.202602081740/tools/bin/../lib/gcc/arm-none-eabi/14.3.1/thumb/v8-m.main+fp/hard/crti.o
LOAD C:/ST/STM32CubeIDE_2.2.0/STM32CubeIDE/plugins/com.st.stm32cube.ide.mcu.externaltools.gnu-tools-for-stm32.14.3.rel1.win32_1.0.100.202602081740/tools/bin/../lib/gcc/arm-none-eabi/14.3.1/thumb/v8-m.main+fp/hard/crtbegin.o
LOAD C:/ST/STM32CubeIDE_2.2.0/STM32CubeIDE/plugins/com.st.stm32cube.ide.mcu.externaltools.gnu-tools-for-stm32.14.3.rel1.win32_1.0.100.202602081740/tools/bin/../lib/gcc/arm-none-eabi/14.3.1/../../../../arm-none-eabi/lib/thumb/v8-m.main+fp/hard/crt0.o
LOAD ./Core/Src/app_uart.o
LOAD ./Core/Src/gpio.o
LOAD ./Core/Src/icache.o
LOAD ./Core/Src/lora_protocol.o
LOAD ./Core/Src/lora_radio.o
LOAD ./Core/Src/main.o
LOAD ./Core/Src/spi.o
LOAD ./Core/Src/stm32u5xx_hal_msp.o
LOAD ./Core/Src/stm32u5xx_it.o
LOAD ./Core/Src/sx1262_board.o
LOAD ./Core/Src/sx1262_bringup.o
LOAD ./Core/Src/syscalls.o
LOAD ./Core/Src/sysmem.o
LOAD ./Core/Src/system_stm32u5xx.o
LOAD ./Core/Src/tower_app.o
LOAD ./Core/Src/usart.o
LOAD ./Core/Startup/startup_stm32u585ciux.o
LOAD ./Drivers/STM32U5xx_HAL_Driver/Src/stm32u5xx_hal.o
LOAD ./Drivers/STM32U5xx_HAL_Driver/Src/stm32u5xx_hal_cortex.o
LOAD ./Drivers/STM32U5xx_HAL_Driver/Src/stm32u5xx_hal_dma.o
LOAD ./Drivers/STM32U5xx_HAL_Driver/Src/stm32u5xx_hal_dma_ex.o
LOAD ./Drivers/STM32U5xx_HAL_Driver/Src/stm32u5xx_hal_exti.o
LOAD ./Drivers/STM32U5xx_HAL_Driver/Src/stm32u5xx_hal_flash.o
LOAD ./Drivers/STM32U5xx_HAL_Driver/Src/stm32u5xx_hal_flash_ex.o
LOAD ./Drivers/STM32U5xx_HAL_Driver/Src/stm32u5xx_hal_gpio.o
LOAD ./Drivers/STM32U5xx_HAL_Driver/Src/stm32u5xx_hal_gtzc.o
LOAD ./Drivers/STM32U5xx_HAL_Driver/Src/stm32u5xx_hal_i2c.o
LOAD ./Drivers/STM32U5xx_HAL_Driver/Src/stm32u5xx_hal_i2c_ex.o
LOAD ./Drivers/STM32U5xx_HAL_Driver/Src/stm32u5xx_hal_icache.o
LOAD ./Drivers/STM32U5xx_HAL_Driver/Src/stm32u5xx_hal_pwr.o
LOAD ./Drivers/STM32U5xx_HAL_Driver/Src/stm32u5xx_hal_pwr_ex.o
LOAD ./Drivers/STM32U5xx_HAL_Driver/Src/stm32u5xx_hal_rcc.o
LOAD ./Drivers/STM32U5xx_HAL_Driver/Src/stm32u5xx_hal_rcc_ex.o
LOAD ./Drivers/STM32U5xx_HAL_Driver/Src/stm32u5xx_hal_spi.o
LOAD ./Drivers/STM32U5xx_HAL_Driver/Src/stm32u5xx_hal_spi_ex.o
LOAD ./Drivers/STM32U5xx_HAL_Driver/Src/stm32u5xx_hal_uart.o
LOAD ./Drivers/STM32U5xx_HAL_Driver/Src/stm32u5xx_hal_uart_ex.o
LOAD ./Drivers/SX126x/Src/sx126x.o
START GROUP
LOAD C:/ST/STM32CubeIDE_2.2.0/STM32CubeIDE/plugins/com.st.stm32cube.ide.mcu.externaltools.gnu-tools-for-stm32.14.3.rel1.win32_1.0.100.202602081740/tools/bin/../lib/gcc/arm-none-eabi/14.3.1/../../../../arm-none-eabi/lib/thumb/v8-m.main+fp/hard\libc_nano.a
LOAD C:/ST/STM32CubeIDE_2.2.0/STM32CubeIDE/plugins/com.st.stm32cube.ide.mcu.externaltools.gnu-tools-for-stm32.14.3.rel1.win32_1.0.100.202602081740/tools/bin/../lib/gcc/arm-none-eabi/14.3.1/../../../../arm-none-eabi/lib/thumb/v8-m.main+fp/hard\libm.a
END GROUP
START GROUP
LOAD C:/ST/STM32CubeIDE_2.2.0/STM32CubeIDE/plugins/com.st.stm32cube.ide.mcu.externaltools.gnu-tools-for-stm32.14.3.rel1.win32_1.0.100.202602081740/tools/bin/../lib/gcc/arm-none-eabi/14.3.1/thumb/v8-m.main+fp/hard\libgcc.a
LOAD C:/ST/STM32CubeIDE_2.2.0/STM32CubeIDE/plugins/com.st.stm32cube.ide.mcu.externaltools.gnu-tools-for-stm32.14.3.rel1.win32_1.0.100.202602081740/tools/bin/../lib/gcc/arm-none-eabi/14.3.1/../../../../arm-none-eabi/lib/thumb/v8-m.main+fp/hard\libc_nano.a
END GROUP
START GROUP
LOAD C:/ST/STM32CubeIDE_2.2.0/STM32CubeIDE/plugins/com.st.stm32cube.ide.mcu.externaltools.gnu-tools-for-stm32.14.3.rel1.win32_1.0.100.202602081740/tools/bin/../lib/gcc/arm-none-eabi/14.3.1/thumb/v8-m.main+fp/hard\libgcc.a
LOAD C:/ST/STM32CubeIDE_2.2.0/STM32CubeIDE/plugins/com.st.stm32cube.ide.mcu.externaltools.gnu-tools-for-stm32.14.3.rel1.win32_1.0.100.202602081740/tools/bin/../lib/gcc/arm-none-eabi/14.3.1/../../../../arm-none-eabi/lib/thumb/v8-m.main+fp/hard\libc_nano.a
LOAD C:/ST/STM32CubeIDE_2.2.0/STM32CubeIDE/plugins/com.st.stm32cube.ide.mcu.externaltools.gnu-tools-for-stm32.14.3.rel1.win32_1.0.100.202602081740/tools/bin/../lib/gcc/arm-none-eabi/14.3.1/../../../../arm-none-eabi/lib/thumb/v8-m.main+fp/hard\libnosys.a
END GROUP
START GROUP
LOAD C:/ST/STM32CubeIDE_2.2.0/STM32CubeIDE/plugins/com.st.stm32cube.ide.mcu.externaltools.gnu-tools-for-stm32.14.3.rel1.win32_1.0.100.202602081740/tools/bin/../lib/gcc/arm-none-eabi/14.3.1/thumb/v8-m.main+fp/hard\libgcc.a
LOAD C:/ST/STM32CubeIDE_2.2.0/STM32CubeIDE/plugins/com.st.stm32cube.ide.mcu.externaltools.gnu-tools-for-stm32.14.3.rel1.win32_1.0.100.202602081740/tools/bin/../lib/gcc/arm-none-eabi/14.3.1/../../../../arm-none-eabi/lib/thumb/v8-m.main+fp/hard\libc_nano.a
LOAD C:/ST/STM32CubeIDE_2.2.0/STM32CubeIDE/plugins/com.st.stm32cube.ide.mcu.externaltools.gnu-tools-for-stm32.14.3.rel1.win32_1.0.100.202602081740/tools/bin/../lib/gcc/arm-none-eabi/14.3.1/../../../../arm-none-eabi/lib/thumb/v8-m.main+fp/hard\libnosys.a
END GROUP
LOAD C:/ST/STM32CubeIDE_2.2.0/STM32CubeIDE/plugins/com.st.stm32cube.ide.mcu.externaltools.gnu-tools-for-stm32.14.3.rel1.win32_1.0.100.202602081740/tools/bin/../lib/gcc/arm-none-eabi/14.3.1/thumb/v8-m.main+fp/hard/crtend.o
LOAD C:/ST/STM32CubeIDE_2.2.0/STM32CubeIDE/plugins/com.st.stm32cube.ide.mcu.externaltools.gnu-tools-for-stm32.14.3.rel1.win32_1.0.100.202602081740/tools/bin/../lib/gcc/arm-none-eabi/14.3.1/thumb/v8-m.main+fp/hard/crtn.o
                0x200c0000                        _estack = (ORIGIN (RAM) + LENGTH (RAM))
                0x200bfc00                        _sstack = (_estack - _Min_Stack_Size)
                0x00000200                        _Min_Heap_Size = 0x200
                0x00000400                        _Min_Stack_Size = 0x400

.isr_vector     0x08000000      0x238
 *(.isr_vector)
 .isr_vector    0x08000000      0x238 ./Core/Startup/startup_stm32u585ciux.o
                0x08000000                g_pfnVectors

.text           0x08000238     0x8c40
 *(.text)
 .text          0x08000238       0x40 C:/ST/STM32CubeIDE_2.2.0/STM32CubeIDE/plugins/com.st.stm32cube.ide.mcu.externaltools.gnu-tools-for-stm32.14.3.rel1.win32_1.0.100.202602081740/tools/bin/../lib/gcc/arm-none-eabi/14.3.1/thumb/v8-m.main+fp/hard/crtbegin.o
 .text          0x08000278       0x14 C:/ST/STM32CubeIDE_2.2.0/STM32CubeIDE/plugins/com.st.stm32cube.ide.mcu.externaltools.gnu-tools-for-stm32.14.3.rel1.win32_1.0.100.202602081740/tools/bin/../lib/gcc/arm-none-eabi/14.3.1/../../../../arm-none-eabi/lib/thumb/v8-m.main+fp/hard\libc_nano.a(libc_a-strcmp.o)
                0x08000278                strcmp
 .text          0x0800028c       0x30 C:/ST/STM32CubeIDE_2.2.0/STM32CubeIDE/plugins/com.st.stm32cube.ide.mcu.externaltools.gnu-tools-for-stm32.14.3.rel1.win32_1.0.100.202602081740/tools/bin/../lib/gcc/arm-none-eabi/14.3.1/thumb/v8-m.main+fp/hard\libgcc.a(_aeabi_uldivmod.o)
                0x0800028c                __aeabi_uldivmod
 .text          0x080002bc      0x34c C:/ST/STM32CubeIDE_2.2.0/STM32CubeIDE/plugins/com.st.stm32cube.ide.mcu.externaltools.gnu-tools-for-stm32.14.3.rel1.win32_1.0.100.202602081740/tools/bin/../lib/gcc/arm-none-eabi/14.3.1/thumb/v8-m.main+fp/hard\libgcc.a(_udivmoddi4.o)
                0x080002bc                __udivmoddi4
 .text          0x08000608        0x4 C:/ST/STM32CubeIDE_2.2.0/STM32CubeIDE/plugins/com.st.stm32cube.ide.mcu.externaltools.gnu-tools-for-stm32.14.3.rel1.win32_1.0.100.202602081740/tools/bin/../lib/gcc/arm-none-eabi/14.3.1/thumb/v8-m.main+fp/hard\libgcc.a(_dvmd_tls.o)
                0x08000608                __aeabi_idiv0
                0x08000608                __aeabi_ldiv0
 *(.text*)
 .text.app_uart_write_buffer
                0x0800060c       0x4c ./Core/Src/app_uart.o
 .text.app_uart_write
                0x08000658       0x3a ./Core/Src/app_uart.o
                0x08000658                app_uart_write
 *fill*         0x08000692        0x2 
 .text.app_uart_write_line
                0x08000694       0x30 ./Core/Src/app_uart.o
                0x08000694                app_uart_write_line
 .text.app_uart_write_hex8
                0x080006c4       0x40 ./Core/Src/app_uart.o
                0x080006c4                app_uart_write_hex8
 .text.app_uart_write_u32
                0x08000704       0x6c ./Core/Src/app_uart.o
                0x08000704                app_uart_write_u32
 .text.app_uart_write_i8
                0x08000770       0x50 ./Core/Src/app_uart.o
                0x08000770                app_uart_write_i8
 .text.MX_GPIO_Init
                0x080007c0      0x1a8 ./Core/Src/gpio.o
                0x080007c0                MX_GPIO_Init
 .text.MX_ICACHE_Init
                0x08000968       0x26 ./Core/Src/icache.o
                0x08000968                MX_ICACHE_Init
 .text.node_id_is_valid
                0x0800098e       0x66 ./Core/Src/lora_protocol.o
 .text.sequence_is_valid
                0x080009f4       0x34 ./Core/Src/lora_protocol.o
 .text.encode_sequence
                0x08000a28       0x64 ./Core/Src/lora_protocol.o
 .text.decode_sequence
                0x08000a8c       0x8c ./Core/Src/lora_protocol.o
 .text.lora_protocol_parse_data
                0x08000b18       0xb8 ./Core/Src/lora_protocol.o
                0x08000b18                lora_protocol_parse_data
 .text.lora_protocol_format_ack
                0x08000bd0       0x88 ./Core/Src/lora_protocol.o
                0x08000bd0                lora_protocol_format_ack
 .text.map_status
                0x08000c58       0x2c ./Core/Src/lora_radio.o
 .text.set_packet_length
                0x08000c84       0x34 ./Core/Src/lora_radio.o
 .text.lora_radio_init
                0x08000cb8      0x1e0 ./Core/Src/lora_radio.o
                0x08000cb8                lora_radio_init
 .text.lora_radio_start_tx
                0x08000e98       0xc8 ./Core/Src/lora_radio.o
                0x08000e98                lora_radio_start_tx
 .text.start_rx
                0x08000f60       0xa8 ./Core/Src/lora_radio.o
 .text.lora_radio_start_continuous_rx
                0x08001008       0x12 ./Core/Src/lora_radio.o
                0x08001008                lora_radio_start_continuous_rx
 .text.lora_radio_take_irq
                0x0800101a       0x96 ./Core/Src/lora_radio.o
                0x0800101a                lora_radio_take_irq
 .text.lora_radio_read_packet
                0x080010b0       0xd8 ./Core/Src/lora_radio.o
                0x080010b0                lora_radio_read_packet
 .text.main     0x08001188       0x26 ./Core/Src/main.o
                0x08001188                main
 .text.SystemClock_Config
                0x080011ae       0xb8 ./Core/Src/main.o
                0x080011ae                SystemClock_Config
 .text.Error_Handler
                0x08001266        0xc ./Core/Src/main.o
                0x08001266                Error_Handler
 *fill*         0x08001272        0x2 
 .text.MX_SPI1_Init
                0x08001274       0xe0 ./Core/Src/spi.o
                0x08001274                MX_SPI1_Init
 .text.HAL_SPI_MspInit
                0x08001354       0xd4 ./Core/Src/spi.o
                0x08001354                HAL_SPI_MspInit
 .text.HAL_MspInit
                0x08001428       0x34 ./Core/Src/stm32u5xx_hal_msp.o
                0x08001428                HAL_MspInit
 .text.NMI_Handler
                0x0800145c        0x8 ./Core/Src/stm32u5xx_it.o
                0x0800145c                NMI_Handler
 .text.HardFault_Handler
                0x08001464        0x8 ./Core/Src/stm32u5xx_it.o
                0x08001464                HardFault_Handler
 .text.MemManage_Handler
                0x0800146c        0x8 ./Core/Src/stm32u5xx_it.o
                0x0800146c                MemManage_Handler
 .text.BusFault_Handler
                0x08001474        0x8 ./Core/Src/stm32u5xx_it.o
                0x08001474                BusFault_Handler
 .text.UsageFault_Handler
                0x0800147c        0x8 ./Core/Src/stm32u5xx_it.o
                0x0800147c                UsageFault_Handler
 .text.SVC_Handler
                0x08001484        0xe ./Core/Src/stm32u5xx_it.o
                0x08001484                SVC_Handler
 .text.DebugMon_Handler
                0x08001492        0xe ./Core/Src/stm32u5xx_it.o
                0x08001492                DebugMon_Handler
 .text.PendSV_Handler
                0x080014a0        0xe ./Core/Src/stm32u5xx_it.o
                0x080014a0                PendSV_Handler
 .text.SysTick_Handler
                0x080014ae        0xc ./Core/Src/stm32u5xx_it.o
                0x080014ae                SysTick_Handler
 .text.EXTI4_IRQHandler
                0x080014ba        0xe ./Core/Src/stm32u5xx_it.o
                0x080014ba                EXTI4_IRQHandler
 .text.sx1262_board_validate_context
                0x080014c8       0x30 ./Core/Src/sx1262_board.o
 .text.sx1262_board_wait_while_busy
                0x080014f8       0x4e ./Core/Src/sx1262_board.o
 *fill*         0x08001546        0x2 
 .text.sx1262_board_context
                0x08001548       0x14 ./Core/Src/sx1262_board.o
                0x08001548                sx1262_board_context
 .text.sx1262_board_last_error
                0x0800155c       0x18 ./Core/Src/sx1262_board.o
                0x0800155c                sx1262_board_last_error
 .text.sx1262_board_last_status_byte
                0x08001574       0x18 ./Core/Src/sx1262_board.o
                0x08001574                sx1262_board_last_status_byte
 .text.sx1262_board_take_dio1_event
                0x0800158c       0x24 ./Core/Src/sx1262_board.o
                0x0800158c                sx1262_board_take_dio1_event
 .text.sx126x_hal_write
                0x080015b0       0xf8 ./Core/Src/sx1262_board.o
                0x080015b0                sx126x_hal_write
 .text.sx126x_hal_read
                0x080016a8       0xfc ./Core/Src/sx1262_board.o
                0x080016a8                sx126x_hal_read
 .text.sx126x_hal_reset
                0x080017a4       0x68 ./Core/Src/sx1262_board.o
                0x080017a4                sx126x_hal_reset
 .text.HAL_GPIO_EXTI_Rising_Callback
                0x0800180c       0x28 ./Core/Src/sx1262_board.o
                0x0800180c                HAL_GPIO_EXTI_Rising_Callback
 .text.sx1262_bringup_driver_failure
                0x08001834       0x22 ./Core/Src/sx1262_bringup.o
 *fill*         0x08001856        0x2 
 .text.sx1262_bringup_reason
                0x08001858       0x5c ./Core/Src/sx1262_bringup.o
 .text.sx1262_bringup_report_failure
                0x080018b4       0x50 ./Core/Src/sx1262_bringup.o
 .text.sx1262_bringup_status_is_valid
                0x08001904       0x5c ./Core/Src/sx1262_bringup.o
 .text.sx1262_bringup_report_status
                0x08001960       0x8c ./Core/Src/sx1262_bringup.o
 .text.sx1262_bringup_run
                0x080019ec      0x10c ./Core/Src/sx1262_bringup.o
                0x080019ec                sx1262_bringup_run
 .text.SystemInit
                0x08001af8       0x70 ./Core/Src/system_stm32u5xx.o
                0x08001af8                SystemInit
 .text.time_reached
                0x08001b68       0x22 ./Core/Src/tower_app.o
 *fill*         0x08001b8a        0x2 
 .text.restore_receive
                0x08001b8c       0x30 ./Core/Src/tower_app.o
 .text.log_packet
                0x08001bbc       0x84 ./Core/Src/tower_app.o
 .text.handle_data
                0x08001c40      0x16c ./Core/Src/tower_app.o
 .text.tower_app_init
                0x08001dac       0x78 ./Core/Src/tower_app.o
                0x08001dac                tower_app_init
 .text.tower_app_process
                0x08001e24      0x114 ./Core/Src/tower_app.o
                0x08001e24                tower_app_process
 .text.MX_USART1_UART_Init
                0x08001f38       0x98 ./Core/Src/usart.o
                0x08001f38                MX_USART1_UART_Init
 .text.HAL_UART_MspInit
                0x08001fd0       0xd0 ./Core/Src/usart.o
                0x08001fd0                HAL_UART_MspInit
 .text.Reset_Handler
                0x080020a0       0x50 ./Core/Startup/startup_stm32u585ciux.o
                0x080020a0                Reset_Handler
 .text.Default_Handler
                0x080020f0        0x2 ./Core/Startup/startup_stm32u585ciux.o
                0x080020f0                EXTI2_IRQHandler
                0x080020f0                TIM8_TRG_COM_IRQHandler
                0x080020f0                TIM8_CC_IRQHandler
                0x080020f0                EXTI5_IRQHandler
                0x080020f0                FLASH_S_IRQHandler
                0x080020f0                EXTI13_IRQHandler
                0x080020f0                TIM1_CC_IRQHandler
                0x080020f0                TSC_IRQHandler
                0x080020f0                TAMP_IRQHandler
                0x080020f0                TIM6_IRQHandler
                0x080020f0                EXTI12_IRQHandler
                0x080020f0                CORDIC_IRQHandler
                0x080020f0                EXTI3_IRQHandler
                0x080020f0                LPTIM4_IRQHandler
                0x080020f0                GPDMA1_Channel5_IRQHandler
                0x080020f0                EXTI8_IRQHandler
                0x080020f0                LPTIM2_IRQHandler
                0x080020f0                I2C3_ER_IRQHandler
                0x080020f0                PWR_S3WU_IRQHandler
                0x080020f0                MDF1_FLT2_IRQHandler
                0x080020f0                LPDMA1_Channel3_IRQHandler
                0x080020f0                LPTIM3_IRQHandler
                0x080020f0                EXTI0_IRQHandler
                0x080020f0                I2C2_EV_IRQHandler
                0x080020f0                FPU_IRQHandler
                0x080020f0                GPDMA1_Channel3_IRQHandler
                0x080020f0                GPDMA1_Channel7_IRQHandler
                0x080020f0                MDF1_FLT4_IRQHandler
                0x080020f0                FDCAN1_IT1_IRQHandler
                0x080020f0                RAMCFG_IRQHandler
                0x080020f0                GPDMA1_Channel9_IRQHandler
                0x080020f0                DCACHE1_IRQHandler
                0x080020f0                SPI1_IRQHandler
                0x080020f0                OCTOSPI1_IRQHandler
                0x080020f0                GPDMA1_Channel2_IRQHandler
                0x080020f0                TIM8_UP_IRQHandler
                0x080020f0                RCC_S_IRQHandler
                0x080020f0                OCTOSPI2_IRQHandler
                0x080020f0                SAI2_IRQHandler
                0x080020f0                MDF1_FLT1_IRQHandler
                0x080020f0                ADC1_IRQHandler
                0x080020f0                PKA_IRQHandler
                0x080020f0                MDF1_FLT5_IRQHandler
                0x080020f0                EXTI15_IRQHandler
                0x080020f0                TIM17_IRQHandler
                0x080020f0                USART3_IRQHandler
                0x080020f0                RTC_IRQHandler
                0x080020f0                EXTI9_IRQHandler
                0x080020f0                UART5_IRQHandler
                0x080020f0                TIM4_IRQHandler
                0x080020f0                I2C1_EV_IRQHandler
                0x080020f0                GPDMA1_Channel12_IRQHandler
                0x080020f0                GPDMA1_Channel1_IRQHandler
                0x080020f0                TIM16_IRQHandler
                0x080020f0                GPDMA1_Channel15_IRQHandler
                0x080020f0                UART4_IRQHandler
                0x080020f0                SecureFault_Handler
                0x080020f0                TIM3_IRQHandler
                0x080020f0                RCC_IRQHandler
                0x080020f0                TIM1_TRG_COM_IRQHandler
                0x080020f0                Default_Handler
                0x080020f0                GPDMA1_Channel8_IRQHandler
                0x080020f0                FMAC_IRQHandler
                0x080020f0                OTFDEC1_IRQHandler
                0x080020f0                GPDMA1_Channel11_IRQHandler
                0x080020f0                TIM7_IRQHandler
                0x080020f0                SDMMC1_IRQHandler
                0x080020f0                SAES_IRQHandler
                0x080020f0                TIM5_IRQHandler
                0x080020f0                UCPD1_IRQHandler
                0x080020f0                GPDMA1_Channel0_IRQHandler
                0x080020f0                TIM15_IRQHandler
                0x080020f0                I2C3_EV_IRQHandler
                0x080020f0                LPDMA1_Channel0_IRQHandler
                0x080020f0                PVD_PVM_IRQHandler
                0x080020f0                SPI2_IRQHandler
                0x080020f0                LPDMA1_Channel1_IRQHandler
                0x080020f0                EXTI14_IRQHandler
                0x080020f0                EXTI11_IRQHandler
                0x080020f0                OTFDEC2_IRQHandler
                0x080020f0                CRS_IRQHandler
                0x080020f0                GPDMA1_Channel14_IRQHandler
                0x080020f0                LSECSSD_IRQHandler
                0x080020f0                RTC_S_IRQHandler
                0x080020f0                GPDMA1_Channel13_IRQHandler
                0x080020f0                RNG_IRQHandler
                0x080020f0                COMP_IRQHandler
                0x080020f0                TIM1_UP_IRQHandler
                0x080020f0                ADC4_IRQHandler
                0x080020f0                WWDG_IRQHandler
                0x080020f0                I2C4_EV_IRQHandler
                0x080020f0                ADF1_IRQHandler
                0x080020f0                IWDG_IRQHandler
                0x080020f0                LPUART1_IRQHandler
                0x080020f0                MDF1_FLT0_IRQHandler
                0x080020f0                FDCAN1_IT0_IRQHandler
                0x080020f0                TIM2_IRQHandler
                0x080020f0                GPDMA1_Channel4_IRQHandler
                0x080020f0                EXTI7_IRQHandler
                0x080020f0                DMA2D_IRQHandler
                0x080020f0                TIM1_BRK_IRQHandler
                0x080020f0                EXTI1_IRQHandler
                0x080020f0                SDMMC2_IRQHandler
                0x080020f0                AES_IRQHandler
                0x080020f0                DAC1_IRQHandler
                0x080020f0                GTZC_IRQHandler
                0x080020f0                MDF1_FLT3_IRQHandler
                0x080020f0                USART2_IRQHandler
                0x080020f0                GPDMA1_Channel6_IRQHandler
                0x080020f0                I2C2_ER_IRQHandler
                0x080020f0                TIM8_BRK_IRQHandler
                0x080020f0                FLASH_IRQHandler
                0x080020f0                USART1_IRQHandler
                0x080020f0                EXTI10_IRQHandler
                0x080020f0                OTG_FS_IRQHandler
                0x080020f0                SPI3_IRQHandler
                0x080020f0                LPDMA1_Channel2_IRQHandler
                0x080020f0                I2C1_ER_IRQHandler
                0x080020f0                FMC_IRQHandler
                0x080020f0                EXTI6_IRQHandler
                0x080020f0                LPTIM1_IRQHandler
                0x080020f0                DCMI_PSSI_IRQHandler
                0x080020f0                I2C4_ER_IRQHandler
                0x080020f0                GPDMA1_Channel10_IRQHandler
                0x080020f0                ICACHE_IRQHandler
                0x080020f0                SAI1_IRQHandler
                0x080020f0                HASH_IRQHandler
 *fill*         0x080020f2        0x2 
 .text.HAL_Init
                0x080020f4       0x60 ./Drivers/STM32U5xx_HAL_Driver/Src/stm32u5xx_hal.o
                0x080020f4                HAL_Init
 .text.HAL_InitTick
                0x08002154       0xec ./Drivers/STM32U5xx_HAL_Driver/Src/stm32u5xx_hal.o
                0x08002154                HAL_InitTick
 .text.HAL_IncTick
                0x08002240       0x28 ./Drivers/STM32U5xx_HAL_Driver/Src/stm32u5xx_hal.o
                0x08002240                HAL_IncTick
 .text.HAL_GetTick
                0x08002268       0x18 ./Drivers/STM32U5xx_HAL_Driver/Src/stm32u5xx_hal.o
                0x08002268                HAL_GetTick
 .text.HAL_Delay
                0x08002280       0x48 ./Drivers/STM32U5xx_HAL_Driver/Src/stm32u5xx_hal.o
                0x08002280                HAL_Delay
 .text.__NVIC_SetPriorityGrouping
                0x080022c8       0x48 ./Drivers/STM32U5xx_HAL_Driver/Src/stm32u5xx_hal_cortex.o
 .text.__NVIC_GetPriorityGrouping
                0x08002310       0x1c ./Drivers/STM32U5xx_HAL_Driver/Src/stm32u5xx_hal_cortex.o
 .text.__NVIC_EnableIRQ
                0x0800232c       0x3c ./Drivers/STM32U5xx_HAL_Driver/Src/stm32u5xx_hal_cortex.o
 .text.__NVIC_SetPriority
                0x08002368       0x54 ./Drivers/STM32U5xx_HAL_Driver/Src/stm32u5xx_hal_cortex.o
 .text.NVIC_EncodePriority
                0x080023bc       0x66 ./Drivers/STM32U5xx_HAL_Driver/Src/stm32u5xx_hal_cortex.o
 .text.HAL_NVIC_SetPriorityGrouping
                0x08002422       0x16 ./Drivers/STM32U5xx_HAL_Driver/Src/stm32u5xx_hal_cortex.o
                0x08002422                HAL_NVIC_SetPriorityGrouping
 .text.HAL_NVIC_SetPriority
                0x08002438       0x34 ./Drivers/STM32U5xx_HAL_Driver/Src/stm32u5xx_hal_cortex.o
                0x08002438                HAL_NVIC_SetPriority
 .text.HAL_NVIC_EnableIRQ
                0x0800246c       0x1c ./Drivers/STM32U5xx_HAL_Driver/Src/stm32u5xx_hal_cortex.o
                0x0800246c                HAL_NVIC_EnableIRQ
 .text.HAL_SYSTICK_Config
                0x08002488       0x44 ./Drivers/STM32U5xx_HAL_Driver/Src/stm32u5xx_hal_cortex.o
                0x08002488                HAL_SYSTICK_Config
 .text.HAL_SYSTICK_CLKSourceConfig
                0x080024cc       0xb0 ./Drivers/STM32U5xx_HAL_Driver/Src/stm32u5xx_hal_cortex.o
                0x080024cc                HAL_SYSTICK_CLKSourceConfig
 .text.HAL_SYSTICK_GetCLKSourceConfig
                0x0800257c       0x74 ./Drivers/STM32U5xx_HAL_Driver/Src/stm32u5xx_hal_cortex.o
                0x0800257c                HAL_SYSTICK_GetCLKSourceConfig
 .text.HAL_GPIO_Init
                0x080025f0      0x3c0 ./Drivers/STM32U5xx_HAL_Driver/Src/stm32u5xx_hal_gpio.o
                0x080025f0                HAL_GPIO_Init
 .text.HAL_GPIO_ReadPin
                0x080029b0       0x30 ./Drivers/STM32U5xx_HAL_Driver/Src/stm32u5xx_hal_gpio.o
                0x080029b0                HAL_GPIO_ReadPin
 .text.HAL_GPIO_WritePin
                0x080029e0       0x30 ./Drivers/STM32U5xx_HAL_Driver/Src/stm32u5xx_hal_gpio.o
                0x080029e0                HAL_GPIO_WritePin
 .text.HAL_GPIO_EXTI_IRQHandler
                0x08002a10       0x4c ./Drivers/STM32U5xx_HAL_Driver/Src/stm32u5xx_hal_gpio.o
                0x08002a10                HAL_GPIO_EXTI_IRQHandler
 .text.HAL_GPIO_EXTI_Falling_Callback
                0x08002a5c       0x16 ./Drivers/STM32U5xx_HAL_Driver/Src/stm32u5xx_hal_gpio.o
                0x08002a5c                HAL_GPIO_EXTI_Falling_Callback
 *fill*         0x08002a72        0x2 
 .text.HAL_ICACHE_ConfigAssociativityMode
                0x08002a74       0x40 ./Drivers/STM32U5xx_HAL_Driver/Src/stm32u5xx_hal_icache.o
                0x08002a74                HAL_ICACHE_ConfigAssociativityMode
 .text.HAL_ICACHE_Enable
                0x08002ab4       0x20 ./Drivers/STM32U5xx_HAL_Driver/Src/stm32u5xx_hal_icache.o
                0x08002ab4                HAL_ICACHE_Enable
 .text.HAL_PWREx_ControlVoltageScaling
                0x08002ad4       0xfc ./Drivers/STM32U5xx_HAL_Driver/Src/stm32u5xx_hal_pwr_ex.o
                0x08002ad4                HAL_PWREx_ControlVoltageScaling
 .text.HAL_PWREx_GetVoltageRange
                0x08002bd0       0x1c ./Drivers/STM32U5xx_HAL_Driver/Src/stm32u5xx_hal_pwr_ex.o
                0x08002bd0                HAL_PWREx_GetVoltageRange
 .text.HAL_RCC_OscConfig
                0x08002bec      0xdb8 ./Drivers/STM32U5xx_HAL_Driver/Src/stm32u5xx_hal_rcc.o
                0x08002bec                HAL_RCC_OscConfig
 .text.HAL_RCC_ClockConfig
                0x080039a4      0x3e4 ./Drivers/STM32U5xx_HAL_Driver/Src/stm32u5xx_hal_rcc.o
                0x080039a4                HAL_RCC_ClockConfig
 .text.HAL_RCC_GetSysClockFreq
                0x08003d88      0x204 ./Drivers/STM32U5xx_HAL_Driver/Src/stm32u5xx_hal_rcc.o
                0x08003d88                HAL_RCC_GetSysClockFreq
 .text.HAL_RCC_GetHCLKFreq
                0x08003f8c       0x34 ./Drivers/STM32U5xx_HAL_Driver/Src/stm32u5xx_hal_rcc.o
                0x08003f8c                HAL_RCC_GetHCLKFreq
 .text.HAL_RCC_GetPCLK1Freq
                0x08003fc0       0x28 ./Drivers/STM32U5xx_HAL_Driver/Src/stm32u5xx_hal_rcc.o
                0x08003fc0                HAL_RCC_GetPCLK1Freq
 .text.HAL_RCC_GetPCLK2Freq
                0x08003fe8       0x28 ./Drivers/STM32U5xx_HAL_Driver/Src/stm32u5xx_hal_rcc.o
                0x08003fe8                HAL_RCC_GetPCLK2Freq
 .text.HAL_RCC_GetPCLK3Freq
                0x08004010       0x28 ./Drivers/STM32U5xx_HAL_Driver/Src/stm32u5xx_hal_rcc.o
                0x08004010                HAL_RCC_GetPCLK3Freq
 .text.RCC_SetFlashLatencyFromMSIRange
                0x08004038      0x10c ./Drivers/STM32U5xx_HAL_Driver/Src/stm32u5xx_hal_rcc.o
 .text.HAL_RCCEx_PeriphCLKConfig
                0x08004144      0xb80 ./Drivers/STM32U5xx_HAL_Driver/Src/stm32u5xx_hal_rcc_ex.o
                0x08004144                HAL_RCCEx_PeriphCLKConfig
 .text.HAL_RCCEx_GetPLL1ClockFreq
                0x08004cc4      0x2b4 ./Drivers/STM32U5xx_HAL_Driver/Src/stm32u5xx_hal_rcc_ex.o
                0x08004cc4                HAL_RCCEx_GetPLL1ClockFreq
 .text.HAL_RCCEx_GetPLL2ClockFreq
                0x08004f78      0x2b4 ./Drivers/STM32U5xx_HAL_Driver/Src/stm32u5xx_hal_rcc_ex.o
                0x08004f78                HAL_RCCEx_GetPLL2ClockFreq
 .text.HAL_RCCEx_GetPLL3ClockFreq
                0x0800522c      0x2b4 ./Drivers/STM32U5xx_HAL_Driver/Src/stm32u5xx_hal_rcc_ex.o
                0x0800522c                HAL_RCCEx_GetPLL3ClockFreq
 .text.HAL_RCCEx_GetPeriphCLKFreq
                0x080054e0     0x13c4 ./Drivers/STM32U5xx_HAL_Driver/Src/stm32u5xx_hal_rcc_ex.o
                0x080054e0                HAL_RCCEx_GetPeriphCLKFreq
 .text.RCCEx_PLL2_Config
                0x080068a4      0x130 ./Drivers/STM32U5xx_HAL_Driver/Src/stm32u5xx_hal_rcc_ex.o
 .text.RCCEx_PLL3_Config
                0x080069d4      0x130 ./Drivers/STM32U5xx_HAL_Driver/Src/stm32u5xx_hal_rcc_ex.o
 .text.HAL_SPI_Init
                0x08006b04      0x22c ./Drivers/STM32U5xx_HAL_Driver/Src/stm32u5xx_hal_spi.o
                0x08006b04                HAL_SPI_Init
 .text.HAL_SPI_Transmit
                0x08006d30      0x428 ./Drivers/STM32U5xx_HAL_Driver/Src/stm32u5xx_hal_spi.o
                0x08006d30                HAL_SPI_Transmit
 .text.HAL_SPI_Receive
                0x08007158      0x5c4 ./Drivers/STM32U5xx_HAL_Driver/Src/stm32u5xx_hal_spi.o
                0x08007158                HAL_SPI_Receive
 .text.SPI_CloseTransfer
                0x0800771c      0x140 ./Drivers/STM32U5xx_HAL_Driver/Src/stm32u5xx_hal_spi.o
 .text.SPI_WaitOnFlagUntilTimeout
                0x0800785c       0x5c ./Drivers/STM32U5xx_HAL_Driver/Src/stm32u5xx_hal_spi.o
 .text.SPI_GetPacketSize
                0x080078b8       0x36 ./Drivers/STM32U5xx_HAL_Driver/Src/stm32u5xx_hal_spi.o
 .text.HAL_SPIEx_SetConfigAutonomousMode
                0x080078ee       0x82 ./Drivers/STM32U5xx_HAL_Driver/Src/stm32u5xx_hal_spi_ex.o
                0x080078ee                HAL_SPIEx_SetConfigAutonomousMode
 .text.HAL_UART_Init
                0x08007970       0xa0 ./Drivers/STM32U5xx_HAL_Driver/Src/stm32u5xx_hal_uart.o
                0x08007970                HAL_UART_Init
 .text.HAL_UART_Transmit
                0x08007a10      0x150 ./Drivers/STM32U5xx_HAL_Driver/Src/stm32u5xx_hal_uart.o
                0x08007a10                HAL_UART_Transmit
 .text.UART_SetConfig
                0x08007b60      0x344 ./Drivers/STM32U5xx_HAL_Driver/Src/stm32u5xx_hal_uart.o
                0x08007b60                UART_SetConfig
 .text.UART_AdvFeatureConfig
                0x08007ea4      0x144 ./Drivers/STM32U5xx_HAL_Driver/Src/stm32u5xx_hal_uart.o
                0x08007ea4                UART_AdvFeatureConfig
 .text.UART_CheckIdleState
                0x08007fe8      0x154 ./Drivers/STM32U5xx_HAL_Driver/Src/stm32u5xx_hal_uart.o
                0x08007fe8                UART_CheckIdleState
 .text.UART_WaitOnFlagUntilTimeout
                0x0800813c       0xda ./Drivers/STM32U5xx_HAL_Driver/Src/stm32u5xx_hal_uart.o
                0x0800813c                UART_WaitOnFlagUntilTimeout
 .text.UART_EndRxTransfer
                0x08008216       0xcc ./Drivers/STM32U5xx_HAL_Driver/Src/stm32u5xx_hal_uart.o
 .text.HAL_UARTEx_DisableFifoMode
                0x080082e2       0x72 ./Drivers/STM32U5xx_HAL_Driver/Src/stm32u5xx_hal_uart_ex.o
                0x080082e2                HAL_UARTEx_DisableFifoMode
 .text.HAL_UARTEx_SetTxFifoThreshold
                0x08008354       0x7c ./Drivers/STM32U5xx_HAL_Driver/Src/stm32u5xx_hal_uart_ex.o
                0x08008354                HAL_UARTEx_SetTxFifoThreshold
 .text.HAL_UARTEx_SetRxFifoThreshold
                0x080083d0       0x7c ./Drivers/STM32U5xx_HAL_Driver/Src/stm32u5xx_hal_uart_ex.o
                0x080083d0                HAL_UARTEx_SetRxFifoThreshold
 .text.UARTEx_SetNbDataToProcess
                0x0800844c       0x9c ./Drivers/STM32U5xx_HAL_Driver/Src/stm32u5xx_hal_uart_ex.o
 .text.sx126x_set_standby
                0x080084e8       0x30 ./Drivers/SX126x/Src/sx126x.o
                0x080084e8                sx126x_set_standby
 .text.sx126x_set_tx
                0x08008518       0x30 ./Drivers/SX126x/Src/sx126x.o
                0x08008518                sx126x_set_tx
 .text.sx126x_set_tx_with_timeout_in_rtc_step
                0x08008548       0x40 ./Drivers/SX126x/Src/sx126x.o
                0x08008548                sx126x_set_tx_with_timeout_in_rtc_step
 .text.sx126x_set_rx
                0x08008588       0x30 ./Drivers/SX126x/Src/sx126x.o
                0x08008588                sx126x_set_rx
 .text.sx126x_set_rx_with_timeout_in_rtc_step
                0x080085b8       0x40 ./Drivers/SX126x/Src/sx126x.o
                0x080085b8                sx126x_set_rx_with_timeout_in_rtc_step
 .text.sx126x_set_reg_mode
                0x080085f8       0x30 ./Drivers/SX126x/Src/sx126x.o
                0x080085f8                sx126x_set_reg_mode
 .text.sx126x_cal_img
                0x08008628       0x38 ./Drivers/SX126x/Src/sx126x.o
                0x08008628                sx126x_cal_img
 .text.sx126x_set_pa_cfg
                0x08008660       0x42 ./Drivers/SX126x/Src/sx126x.o
                0x08008660                sx126x_set_pa_cfg
 .text.sx126x_write_register
                0x080086a2       0x46 ./Drivers/SX126x/Src/sx126x.o
                0x080086a2                sx126x_write_register
 .text.sx126x_read_register
                0x080086e8       0x4a ./Drivers/SX126x/Src/sx126x.o
                0x080086e8                sx126x_read_register
 .text.sx126x_write_buffer
                0x08008732       0x3a ./Drivers/SX126x/Src/sx126x.o
                0x08008732                sx126x_write_buffer
 .text.sx126x_read_buffer
                0x0800876c       0x3e ./Drivers/SX126x/Src/sx126x.o
                0x0800876c                sx126x_read_buffer
 .text.sx126x_set_dio_irq_params
                0x080087aa       0x7a ./Drivers/SX126x/Src/sx126x.o
                0x080087aa                sx126x_set_dio_irq_params
 .text.sx126x_get_irq_status
                0x08008824       0x4a ./Drivers/SX126x/Src/sx126x.o
                0x08008824                sx126x_get_irq_status
 .text.sx126x_clear_irq_status
                0x0800886e       0x3c ./Drivers/SX126x/Src/sx126x.o
                0x0800886e                sx126x_clear_irq_status
 .text.sx126x_set_dio2_as_rf_sw_ctrl
                0x080088aa       0x30 ./Drivers/SX126x/Src/sx126x.o
                0x080088aa                sx126x_set_dio2_as_rf_sw_ctrl
 .text.sx126x_set_dio3_as_tcxo_ctrl
                0x080088da       0x48 ./Drivers/SX126x/Src/sx126x.o
                0x080088da                sx126x_set_dio3_as_tcxo_ctrl
 .text.sx126x_set_rf_freq
                0x08008922       0x24 ./Drivers/SX126x/Src/sx126x.o
                0x08008922                sx126x_set_rf_freq
 .text.sx126x_set_rf_freq_in_pll_steps
                0x08008946       0x48 ./Drivers/SX126x/Src/sx126x.o
                0x08008946                sx126x_set_rf_freq_in_pll_steps
 .text.sx126x_set_pkt_type
                0x0800898e       0x30 ./Drivers/SX126x/Src/sx126x.o
                0x0800898e                sx126x_set_pkt_type
 .text.sx126x_set_tx_params
                0x080089be       0x38 ./Drivers/SX126x/Src/sx126x.o
                0x080089be                sx126x_set_tx_params
 .text.sx126x_set_lora_mod_params
                0x080089f6       0x64 ./Drivers/SX126x/Src/sx126x.o
                0x080089f6                sx126x_set_lora_mod_params
 .text.sx126x_set_lora_pkt_params
                0x08008a5a       0xc4 ./Drivers/SX126x/Src/sx126x.o
                0x08008a5a                sx126x_set_lora_pkt_params
 .text.sx126x_set_buffer_base_address
                0x08008b1e       0x38 ./Drivers/SX126x/Src/sx126x.o
                0x08008b1e                sx126x_set_buffer_base_address
 .text.sx126x_get_status
                0x08008b56       0x56 ./Drivers/SX126x/Src/sx126x.o
                0x08008b56                sx126x_get_status
 .text.sx126x_get_rx_buffer_status
                0x08008bac       0x46 ./Drivers/SX126x/Src/sx126x.o
                0x08008bac                sx126x_get_rx_buffer_status
 .text.sx126x_get_lora_pkt_status
                0x08008bf2       0x6a ./Drivers/SX126x/Src/sx126x.o
                0x08008bf2                sx126x_get_lora_pkt_status
 .text.sx126x_reset
                0x08008c5c       0x18 ./Drivers/SX126x/Src/sx126x.o
                0x08008c5c                sx126x_reset
 .text.sx126x_convert_freq_in_hz_to_pll_step
                0x08008c74       0x4c ./Drivers/SX126x/Src/sx126x.o
                0x08008c74                sx126x_convert_freq_in_hz_to_pll_step
 .text.sx126x_convert_timeout_in_ms_to_rtc_step
                0x08008cc0       0x18 ./Drivers/SX126x/Src/sx126x.o
                0x08008cc0                sx126x_convert_timeout_in_ms_to_rtc_step
 .text.sx126x_set_lora_sync_word
                0x08008cd8       0x78 ./Drivers/SX126x/Src/sx126x.o
                0x08008cd8                sx126x_set_lora_sync_word
 .text.sx126x_tx_modulation_workaround
                0x08008d50       0x7a ./Drivers/SX126x/Src/sx126x.o
 .text.memcmp   0x08008dca       0x20 C:/ST/STM32CubeIDE_2.2.0/STM32CubeIDE/plugins/com.st.stm32cube.ide.mcu.externaltools.gnu-tools-for-stm32.14.3.rel1.win32_1.0.100.202602081740/tools/bin/../lib/gcc/arm-none-eabi/14.3.1/../../../../arm-none-eabi/lib/thumb/v8-m.main+fp/hard\libc_nano.a(libc_a-memcmp.o)
                0x08008dca                memcmp
 .text.memset   0x08008dea       0x10 C:/ST/STM32CubeIDE_2.2.0/STM32CubeIDE/plugins/com.st.stm32cube.ide.mcu.externaltools.gnu-tools-for-stm32.14.3.rel1.win32_1.0.100.202602081740/tools/bin/../lib/gcc/arm-none-eabi/14.3.1/../../../../arm-none-eabi/lib/thumb/v8-m.main+fp/hard\libc_nano.a(libc_a-memset.o)
                0x08008dea                memset
 *fill*         0x08008dfa        0x2 
 .text.__libc_init_array
                0x08008dfc       0x48 C:/ST/STM32CubeIDE_2.2.0/STM32CubeIDE/plugins/com.st.stm32cube.ide.mcu.externaltools.gnu-tools-for-stm32.14.3.rel1.win32_1.0.100.202602081740/tools/bin/../lib/gcc/arm-none-eabi/14.3.1/../../../../arm-none-eabi/lib/thumb/v8-m.main+fp/hard\libc_nano.a(libc_a-init.o)
                0x08008dfc                __libc_init_array
 .text.memcpy   0x08008e44       0x1a C:/ST/STM32CubeIDE_2.2.0/STM32CubeIDE/plugins/com.st.stm32cube.ide.mcu.externaltools.gnu-tools-for-stm32.14.3.rel1.win32_1.0.100.202602081740/tools/bin/../lib/gcc/arm-none-eabi/14.3.1/../../../../arm-none-eabi/lib/thumb/v8-m.main+fp/hard\libc_nano.a(libc_a-memcpy-stub.o)
                0x08008e44                memcpy
 *(.glue_7)
 .glue_7        0x08008e5e        0x0 linker stubs
 *(.glue_7t)
 .glue_7t       0x08008e5e        0x0 linker stubs
 *(.eh_frame)
 *fill*         0x08008e5e        0x2 
 .eh_frame      0x08008e60        0x0 C:/ST/STM32CubeIDE_2.2.0/STM32CubeIDE/plugins/com.st.stm32cube.ide.mcu.externaltools.gnu-tools-for-stm32.14.3.rel1.win32_1.0.100.202602081740/tools/bin/../lib/gcc/arm-none-eabi/14.3.1/thumb/v8-m.main+fp/hard/crtbegin.o
 *(.init)
 .init          0x08008e60        0x4 C:/ST/STM32CubeIDE_2.2.0/STM32CubeIDE/plugins/com.st.stm32cube.ide.mcu.externaltools.gnu-tools-for-stm32.14.3.rel1.win32_1.0.100.202602081740/tools/bin/../lib/gcc/arm-none-eabi/14.3.1/thumb/v8-m.main+fp/hard/crti.o
                0x08008e60                _init
 .init          0x08008e64        0x8 C:/ST/STM32CubeIDE_2.2.0/STM32CubeIDE/plugins/com.st.stm32cube.ide.mcu.externaltools.gnu-tools-for-stm32.14.3.rel1.win32_1.0.100.202602081740/tools/bin/../lib/gcc/arm-none-eabi/14.3.1/thumb/v8-m.main+fp/hard/crtn.o
 *(.fini)
 .fini          0x08008e6c        0x4 C:/ST/STM32CubeIDE_2.2.0/STM32CubeIDE/plugins/com.st.stm32cube.ide.mcu.externaltools.gnu-tools-for-stm32.14.3.rel1.win32_1.0.100.202602081740/tools/bin/../lib/gcc/arm-none-eabi/14.3.1/thumb/v8-m.main+fp/hard/crti.o
                0x08008e6c                _fini
 .fini          0x08008e70        0x8 C:/ST/STM32CubeIDE_2.2.0/STM32CubeIDE/plugins/com.st.stm32cube.ide.mcu.externaltools.gnu-tools-for-stm32.14.3.rel1.win32_1.0.100.202602081740/tools/bin/../lib/gcc/arm-none-eabi/14.3.1/thumb/v8-m.main+fp/hard/crtn.o
                0x08008e78                        _etext = .

.vfp11_veneer   0x08008e78        0x0
 .vfp11_veneer  0x08008e78        0x0 linker stubs

.v4_bx          0x08008e78        0x0
 .v4_bx         0x08008e78        0x0 linker stubs

.iplt           0x08008e78        0x0
 .iplt          0x08008e78        0x0 C:/ST/STM32CubeIDE_2.2.0/STM32CubeIDE/plugins/com.st.stm32cube.ide.mcu.externaltools.gnu-tools-for-stm32.14.3.rel1.win32_1.0.100.202602081740/tools/bin/../lib/gcc/arm-none-eabi/14.3.1/thumb/v8-m.main+fp/hard/crtbegin.o

.rodata         0x08008e78      0x41c
 *(.rodata)
 .rodata        0x08008e78       0x11 ./Core/Src/lora_protocol.o
 *fill*         0x08008e89        0x3 
 .rodata        0x08008e8c        0x8 ./Core/Src/lora_radio.o
 .rodata        0x08008e94       0xea ./Core/Src/sx1262_bringup.o
 *fill*         0x08008f7e        0x2 
 .rodata        0x08008f80      0x1fa ./Core/Src/tower_app.o
 *(.rodata*)
 *fill*         0x0800917a        0x2 
 .rodata.line_ending.1
                0x0800917c        0x2 ./Core/Src/app_uart.o
 *fill*         0x0800917e        0x2 
 .rodata.hex_digits.0
                0x08009180       0x11 ./Core/Src/app_uart.o
 *fill*         0x08009191        0x3 
 .rodata.AHBPrescTable
                0x08009194       0x10 ./Core/Src/system_stm32u5xx.o
                0x08009194                AHBPrescTable
 .rodata.APBPrescTable
                0x080091a4        0x8 ./Core/Src/system_stm32u5xx.o
                0x080091a4                APBPrescTable
 .rodata.MSIRangeTable
                0x080091ac       0x40 ./Core/Src/system_stm32u5xx.o
                0x080091ac                MSIRangeTable
 .rodata.LPGPIO_Map
                0x080091ec       0x80 ./Drivers/STM32U5xx_HAL_Driver/Src/stm32u5xx_hal_gpio.o
 .rodata.UARTPrescTable
                0x0800926c       0x18 ./Drivers/STM32U5xx_HAL_Driver/Src/stm32u5xx_hal_uart.o
                0x0800926c                UARTPrescTable
 .rodata.numerator.1
                0x08009284        0x8 ./Drivers/STM32U5xx_HAL_Driver/Src/stm32u5xx_hal_uart_ex.o
 .rodata.denominator.0
                0x0800928c        0x8 ./Drivers/STM32U5xx_HAL_Driver/Src/stm32u5xx_hal_uart_ex.o

.ARM.extab
 *(.ARM.extab* .gnu.linkonce.armextab.*)

.ARM            0x08009294        0x8
                0x08009294                        __exidx_start = .
 *(.ARM.exidx*)
 .ARM.exidx     0x08009294        0x8 C:/ST/STM32CubeIDE_2.2.0/STM32CubeIDE/plugins/com.st.stm32cube.ide.mcu.externaltools.gnu-tools-for-stm32.14.3.rel1.win32_1.0.100.202602081740/tools/bin/../lib/gcc/arm-none-eabi/14.3.1/../../../../arm-none-eabi/lib/thumb/v8-m.main+fp/hard\libc_nano.a(libc_a-strcmp.o)
 .ARM.exidx     0x0800929c        0x0 C:/ST/STM32CubeIDE_2.2.0/STM32CubeIDE/plugins/com.st.stm32cube.ide.mcu.externaltools.gnu-tools-for-stm32.14.3.rel1.win32_1.0.100.202602081740/tools/bin/../lib/gcc/arm-none-eabi/14.3.1/thumb/v8-m.main+fp/hard\libgcc.a(_udivmoddi4.o)
                                  0x8 (size before relaxing)
                0x0800929c                        __exidx_end = .

.preinit_array  0x0800929c        0x0
                0x0800929c                        PROVIDE (__preinit_array_start = .)
 *(.preinit_array*)
                0x0800929c                        PROVIDE (__preinit_array_end = .)

.init_array     0x0800929c        0x4
                0x0800929c                        PROVIDE (__init_array_start = .)
 *(SORT_BY_NAME(.init_array.*))
 *(.init_array*)
 .init_array    0x0800929c        0x4 C:/ST/STM32CubeIDE_2.2.0/STM32CubeIDE/plugins/com.st.stm32cube.ide.mcu.externaltools.gnu-tools-for-stm32.14.3.rel1.win32_1.0.100.202602081740/tools/bin/../lib/gcc/arm-none-eabi/14.3.1/thumb/v8-m.main+fp/hard/crtbegin.o
                0x080092a0                        PROVIDE (__init_array_end = .)

.fini_array     0x080092a0        0x4
                [!provide]                        PROVIDE (__fini_array_start = .)
 *(SORT_BY_NAME(.fini_array.*))
 *(.fini_array*)
 .fini_array    0x080092a0        0x4 C:/ST/STM32CubeIDE_2.2.0/STM32CubeIDE/plugins/com.st.stm32cube.ide.mcu.externaltools.gnu-tools-for-stm32.14.3.rel1.win32_1.0.100.202602081740/tools/bin/../lib/gcc/arm-none-eabi/14.3.1/thumb/v8-m.main+fp/hard/crtbegin.o
                [!provide]                        PROVIDE (__fini_array_end = .)
                0x080092a4                        _sidata = LOADADDR (.data)

.rel.dyn        0x080092a4        0x0
 .rel.iplt      0x080092a4        0x0 C:/ST/STM32CubeIDE_2.2.0/STM32CubeIDE/plugins/com.st.stm32cube.ide.mcu.externaltools.gnu-tools-for-stm32.14.3.rel1.win32_1.0.100.202602081740/tools/bin/../lib/gcc/arm-none-eabi/14.3.1/thumb/v8-m.main+fp/hard/crtbegin.o

.data           0x20000000       0x39 load address 0x080092a4
                0x20000000                        _sdata = .
 *(.data)
 *(.data*)
 .data.packet_params
                0x20000000        0x6 ./Core/Src/lora_radio.o
 *fill*         0x20000006        0x2 
 .data.board_context
                0x20000008       0x28 ./Core/Src/sx1262_board.o
 .data.SystemCoreClock
                0x20000030        0x4 ./Core/Src/system_stm32u5xx.o
                0x20000030                SystemCoreClock
 .data.uwTickPrio
                0x20000034        0x4 ./Drivers/STM32U5xx_HAL_Driver/Src/stm32u5xx_hal.o
                0x20000034                uwTickPrio
 .data.uwTickFreq
                0x20000038        0x1 ./Drivers/STM32U5xx_HAL_Driver/Src/stm32u5xx_hal.o
                0x20000038                uwTickFreq
 *(.RamFunc)
 *(.RamFunc*)
                0x20000039                        _edata = .

.igot.plt       0x2000003c        0x0 load address 0x080092dd
 .igot.plt      0x2000003c        0x0 C:/ST/STM32CubeIDE_2.2.0/STM32CubeIDE/plugins/com.st.stm32cube.ide.mcu.externaltools.gnu-tools-for-stm32.14.3.rel1.win32_1.0.100.202602081740/tools/bin/../lib/gcc/arm-none-eabi/14.3.1/thumb/v8-m.main+fp/hard/crtbegin.o

.bss            0x2000003c      0x158 load address 0x080092dd
                0x2000003c                        _sbss = .
                0x2000003c                        __bss_start__ = _sbss
 *(.bss)
 .bss           0x2000003c       0x1c C:/ST/STM32CubeIDE_2.2.0/STM32CubeIDE/plugins/com.st.stm32cube.ide.mcu.externaltools.gnu-tools-for-stm32.14.3.rel1.win32_1.0.100.202602081740/tools/bin/../lib/gcc/arm-none-eabi/14.3.1/thumb/v8-m.main+fp/hard/crtbegin.o
 *(.bss*)
 .bss.hspi1     0x20000058       0x90 ./Core/Src/spi.o
                0x20000058                hspi1
 .bss.dio1_event_pending
                0x200000e8        0x1 ./Core/Src/sx1262_board.o
 .bss.state     0x200000e9        0x1 ./Core/Src/tower_app.o
 .bss.have_last_packet
                0x200000ea        0x1 ./Core/Src/tower_app.o
 *fill*         0x200000eb        0x1 
 .bss.last_packet
                0x200000ec        0xc ./Core/Src/tower_app.o
 .bss.ack_deadline_ms
                0x200000f8        0x4 ./Core/Src/tower_app.o
 .bss.huart1    0x200000fc       0x94 ./Core/Src/usart.o
                0x200000fc                huart1
 .bss.uwTick    0x20000190        0x4 ./Drivers/STM32U5xx_HAL_Driver/Src/stm32u5xx_hal.o
                0x20000190                uwTick
 *(COMMON)
                0x20000194                        _ebss = .
                0x20000194                        __bss_end__ = _ebss

._user_heap_stack
                0x20000194      0x604 load address 0x080092dd
                0x20000198                        . = ALIGN (0x8)
 *fill*         0x20000194        0x4 
                [!provide]                        PROVIDE (end = .)
                0x20000198                        PROVIDE (_end = .)
                0x20000398                        . = (. + _Min_Heap_Size)
 *fill*         0x20000198      0x200 
                0x20000798                        . = (. + _Min_Stack_Size)
 *fill*         0x20000398      0x400 
                0x20000798                        . = ALIGN (0x8)

/DISCARD/
 libc.a(*)
 libm.a(*)
 libgcc.a(*)

.ARM.attributes
                0x00000000       0x36
 *(.ARM.attributes)
 .ARM.attributes
                0x00000000       0x26 C:/ST/STM32CubeIDE_2.2.0/STM32CubeIDE/plugins/com.st.stm32cube.ide.mcu.externaltools.gnu-tools-for-stm32.14.3.rel1.win32_1.0.100.202602081740/tools/bin/../lib/gcc/arm-none-eabi/14.3.1/thumb/v8-m.main+fp/hard/crti.o
 .ARM.attributes
                0x00000026       0x38 C:/ST/STM32CubeIDE_2.2.0/STM32CubeIDE/plugins/com.st.stm32cube.ide.mcu.externaltools.gnu-tools-for-stm32.14.3.rel1.win32_1.0.100.202602081740/tools/bin/../lib/gcc/arm-none-eabi/14.3.1/thumb/v8-m.main+fp/hard/crtbegin.o
 .ARM.attributes
                0x0000005e       0x3a ./Core/Src/app_uart.o
 .ARM.attributes
                0x00000098       0x3a ./Core/Src/gpio.o
 .ARM.attributes
                0x000000d2       0x3a ./Core/Src/icache.o
 .ARM.attributes
                0x0000010c       0x3a ./Core/Src/lora_protocol.o
 .ARM.attributes
                0x00000146       0x3a ./Core/Src/lora_radio.o
 .ARM.attributes
                0x00000180       0x3a ./Core/Src/main.o
 .ARM.attributes
                0x000001ba       0x3a ./Core/Src/spi.o
 .ARM.attributes
                0x000001f4       0x3a ./Core/Src/stm32u5xx_hal_msp.o
 .ARM.attributes
                0x0000022e       0x3a ./Core/Src/stm32u5xx_it.o
 .ARM.attributes
                0x00000268       0x3a ./Core/Src/sx1262_board.o
 .ARM.attributes
                0x000002a2       0x3a ./Core/Src/sx1262_bringup.o
 .ARM.attributes
                0x000002dc       0x3a ./Core/Src/system_stm32u5xx.o
 .ARM.attributes
                0x00000316       0x3a ./Core/Src/tower_app.o
 .ARM.attributes
                0x00000350       0x3a ./Core/Src/usart.o
 .ARM.attributes
                0x0000038a       0x24 ./Core/Startup/startup_stm32u585ciux.o
 .ARM.attributes
                0x000003ae       0x3a ./Drivers/STM32U5xx_HAL_Driver/Src/stm32u5xx_hal.o
 .ARM.attributes
                0x000003e8       0x3a ./Drivers/STM32U5xx_HAL_Driver/Src/stm32u5xx_hal_cortex.o
 .ARM.attributes
                0x00000422       0x3a ./Drivers/STM32U5xx_HAL_Driver/Src/stm32u5xx_hal_gpio.o
 .ARM.attributes
                0x0000045c       0x3a ./Drivers/STM32U5xx_HAL_Driver/Src/stm32u5xx_hal_icache.o
 .ARM.attributes
                0x00000496       0x3a ./Drivers/STM32U5xx_HAL_Driver/Src/stm32u5xx_hal_pwr_ex.o
 .ARM.attributes
                0x000004d0       0x3a ./Drivers/STM32U5xx_HAL_Driver/Src/stm32u5xx_hal_rcc.o
 .ARM.attributes
                0x0000050a       0x3a ./Drivers/STM32U5xx_HAL_Driver/Src/stm32u5xx_hal_rcc_ex.o
 .ARM.attributes
                0x00000544       0x3a ./Drivers/STM32U5xx_HAL_Driver/Src/stm32u5xx_hal_spi.o
 .ARM.attributes
                0x0000057e       0x3a ./Drivers/STM32U5xx_HAL_Driver/Src/stm32u5xx_hal_spi_ex.o
 .ARM.attributes
                0x000005b8       0x3a ./Drivers/STM32U5xx_HAL_Driver/Src/stm32u5xx_hal_uart.o
 .ARM.attributes
                0x000005f2       0x3a ./Drivers/STM32U5xx_HAL_Driver/Src/stm32u5xx_hal_uart_ex.o
 .ARM.attributes
                0x0000062c       0x3a ./Drivers/SX126x/Src/sx126x.o
 .ARM.attributes
                0x00000666       0x38 C:/ST/STM32CubeIDE_2.2.0/STM32CubeIDE/plugins/com.st.stm32cube.ide.mcu.externaltools.gnu-tools-for-stm32.14.3.rel1.win32_1.0.100.202602081740/tools/bin/../lib/gcc/arm-none-eabi/14.3.1/../../../../arm-none-eabi/lib/thumb/v8-m.main+fp/hard\libc_nano.a(libc_a-memcmp.o)
 .ARM.attributes
                0x0000069e       0x38 C:/ST/STM32CubeIDE_2.2.0/STM32CubeIDE/plugins/com.st.stm32cube.ide.mcu.externaltools.gnu-tools-for-stm32.14.3.rel1.win32_1.0.100.202602081740/tools/bin/../lib/gcc/arm-none-eabi/14.3.1/../../../../arm-none-eabi/lib/thumb/v8-m.main+fp/hard\libc_nano.a(libc_a-memset.o)
 .ARM.attributes
                0x000006d6       0x38 C:/ST/STM32CubeIDE_2.2.0/STM32CubeIDE/plugins/com.st.stm32cube.ide.mcu.externaltools.gnu-tools-for-stm32.14.3.rel1.win32_1.0.100.202602081740/tools/bin/../lib/gcc/arm-none-eabi/14.3.1/../../../../arm-none-eabi/lib/thumb/v8-m.main+fp/hard\libc_nano.a(libc_a-init.o)
 .ARM.attributes
                0x0000070e       0x24 C:/ST/STM32CubeIDE_2.2.0/STM32CubeIDE/plugins/com.st.stm32cube.ide.mcu.externaltools.gnu-tools-for-stm32.14.3.rel1.win32_1.0.100.202602081740/tools/bin/../lib/gcc/arm-none-eabi/14.3.1/../../../../arm-none-eabi/lib/thumb/v8-m.main+fp/hard\libc_nano.a(libc_a-strcmp.o)
 .ARM.attributes
                0x00000732       0x38 C:/ST/STM32CubeIDE_2.2.0/STM32CubeIDE/plugins/com.st.stm32cube.ide.mcu.externaltools.gnu-tools-for-stm32.14.3.rel1.win32_1.0.100.202602081740/tools/bin/../lib/gcc/arm-none-eabi/14.3.1/../../../../arm-none-eabi/lib/thumb/v8-m.main+fp/hard\libc_nano.a(libc_a-memcpy-stub.o)
 .ARM.attributes
                0x0000076a       0x26 C:/ST/STM32CubeIDE_2.2.0/STM32CubeIDE/plugins/com.st.stm32cube.ide.mcu.externaltools.gnu-tools-for-stm32.14.3.rel1.win32_1.0.100.202602081740/tools/bin/../lib/gcc/arm-none-eabi/14.3.1/thumb/v8-m.main+fp/hard\libgcc.a(_aeabi_uldivmod.o)
 .ARM.attributes
                0x00000790       0x38 C:/ST/STM32CubeIDE_2.2.0/STM32CubeIDE/plugins/com.st.stm32cube.ide.mcu.externaltools.gnu-tools-for-stm32.14.3.rel1.win32_1.0.100.202602081740/tools/bin/../lib/gcc/arm-none-eabi/14.3.1/thumb/v8-m.main+fp/hard\libgcc.a(_udivmoddi4.o)
 .ARM.attributes
                0x000007c8       0x26 C:/ST/STM32CubeIDE_2.2.0/STM32CubeIDE/plugins/com.st.stm32cube.ide.mcu.externaltools.gnu-tools-for-stm32.14.3.rel1.win32_1.0.100.202602081740/tools/bin/../lib/gcc/arm-none-eabi/14.3.1/thumb/v8-m.main+fp/hard\libgcc.a(_dvmd_tls.o)
 .ARM.attributes
                0x000007ee       0x26 C:/ST/STM32CubeIDE_2.2.0/STM32CubeIDE/plugins/com.st.stm32cube.ide.mcu.externaltools.gnu-tools-for-stm32.14.3.rel1.win32_1.0.100.202602081740/tools/bin/../lib/gcc/arm-none-eabi/14.3.1/thumb/v8-m.main+fp/hard/crtn.o
OUTPUT(Tower.elf elf32-littlearm)
LOAD linker stubs
LOAD C:/ST/STM32CubeIDE_2.2.0/STM32CubeIDE/plugins/com.st.stm32cube.ide.mcu.externaltools.gnu-tools-for-stm32.14.3.rel1.win32_1.0.100.202602081740/tools/bin/../lib/gcc/arm-none-eabi/14.3.1/../../../../arm-none-eabi/lib/thumb/v8-m.main+fp/hard\libc.a
LOAD C:/ST/STM32CubeIDE_2.2.0/STM32CubeIDE/plugins/com.st.stm32cube.ide.mcu.externaltools.gnu-tools-for-stm32.14.3.rel1.win32_1.0.100.202602081740/tools/bin/../lib/gcc/arm-none-eabi/14.3.1/../../../../arm-none-eabi/lib/thumb/v8-m.main+fp/hard\libm.a
LOAD C:/ST/STM32CubeIDE_2.2.0/STM32CubeIDE/plugins/com.st.stm32cube.ide.mcu.externaltools.gnu-tools-for-stm32.14.3.rel1.win32_1.0.100.202602081740/tools/bin/../lib/gcc/arm-none-eabi/14.3.1/thumb/v8-m.main+fp/hard\libgcc.a

.debug_info     0x00000000    0x17ec9
 .debug_info    0x00000000      0xb5f ./Core/Src/app_uart.o
 .debug_info    0x00000b5f      0x98d ./Core/Src/gpio.o
 .debug_info    0x000014ec      0x114 ./Core/Src/icache.o
 .debug_info    0x00001600      0x412 ./Core/Src/lora_protocol.o
 .debug_info    0x00001a12      0xca4 ./Core/Src/lora_radio.o
 .debug_info    0x000026b6      0x388 ./Core/Src/main.o
 .debug_info    0x00002a3e     0x125c ./Core/Src/spi.o
 .debug_info    0x00003c9a      0x40c ./Core/Src/stm32u5xx_hal_msp.o
 .debug_info    0x000040a6      0x161 ./Core/Src/stm32u5xx_it.o
 .debug_info    0x00004207      0xdfb ./Core/Src/sx1262_board.o
 .debug_info    0x00005002      0x420 ./Core/Src/sx1262_bringup.o
 .debug_info    0x00005422      0x929 ./Core/Src/system_stm32u5xx.o
 .debug_info    0x00005d4b      0x5ce ./Core/Src/tower_app.o
 .debug_info    0x00006319     0x120d ./Core/Src/usart.o
 .debug_info    0x00007526       0x30 ./Core/Startup/startup_stm32u585ciux.o
 .debug_info    0x00007556     0x120a ./Drivers/STM32U5xx_HAL_Driver/Src/stm32u5xx_hal.o
 .debug_info    0x00008760     0x1657 ./Drivers/STM32U5xx_HAL_Driver/Src/stm32u5xx_hal_cortex.o
 .debug_info    0x00009db7      0x859 ./Drivers/STM32U5xx_HAL_Driver/Src/stm32u5xx_hal_gpio.o
 .debug_info    0x0000a610      0x4d6 ./Drivers/STM32U5xx_HAL_Driver/Src/stm32u5xx_hal_icache.o
 .debug_info    0x0000aae6      0xe3e ./Drivers/STM32U5xx_HAL_Driver/Src/stm32u5xx_hal_pwr_ex.o
 .debug_info    0x0000b924     0x11f0 ./Drivers/STM32U5xx_HAL_Driver/Src/stm32u5xx_hal_rcc.o
 .debug_info    0x0000cb14     0x158b ./Drivers/STM32U5xx_HAL_Driver/Src/stm32u5xx_hal_rcc_ex.o
 .debug_info    0x0000e09f     0x15c7 ./Drivers/STM32U5xx_HAL_Driver/Src/stm32u5xx_hal_spi.o
 .debug_info    0x0000f666      0xa97 ./Drivers/STM32U5xx_HAL_Driver/Src/stm32u5xx_hal_spi_ex.o
 .debug_info    0x000100fd     0x405f ./Drivers/STM32U5xx_HAL_Driver/Src/stm32u5xx_hal_uart.o
 .debug_info    0x0001415c     0x11ef ./Drivers/STM32U5xx_HAL_Driver/Src/stm32u5xx_hal_uart_ex.o
 .debug_info    0x0001534b     0x2b7e ./Drivers/SX126x/Src/sx126x.o

.debug_abbrev   0x00000000     0x3468
 .debug_abbrev  0x00000000      0x1a2 ./Core/Src/app_uart.o
 .debug_abbrev  0x000001a2      0x182 ./Core/Src/gpio.o
 .debug_abbrev  0x00000324       0xb6 ./Core/Src/icache.o
 .debug_abbrev  0x000003da      0x17c ./Core/Src/lora_protocol.o
 .debug_abbrev  0x00000556      0x248 ./Core/Src/lora_radio.o
 .debug_abbrev  0x0000079e      0x180 ./Core/Src/main.o
 .debug_abbrev  0x0000091e      0x230 ./Core/Src/spi.o
 .debug_abbrev  0x00000b4e       0xde ./Core/Src/stm32u5xx_hal_msp.o
 .debug_abbrev  0x00000c2c       0xa0 ./Core/Src/stm32u5xx_it.o
 .debug_abbrev  0x00000ccc      0x261 ./Core/Src/sx1262_board.o
 .debug_abbrev  0x00000f2d      0x1b9 ./Core/Src/sx1262_bringup.o
 .debug_abbrev  0x000010e6      0x129 ./Core/Src/system_stm32u5xx.o
 .debug_abbrev  0x0000120f      0x1cc ./Core/Src/tower_app.o
 .debug_abbrev  0x000013db      0x218 ./Core/Src/usart.o
 .debug_abbrev  0x000015f3       0x24 ./Core/Startup/startup_stm32u585ciux.o
 .debug_abbrev  0x00001617      0x2a5 ./Drivers/STM32U5xx_HAL_Driver/Src/stm32u5xx_hal.o
 .debug_abbrev  0x000018bc      0x327 ./Drivers/STM32U5xx_HAL_Driver/Src/stm32u5xx_hal_cortex.o
 .debug_abbrev  0x00001be3      0x25a ./Drivers/STM32U5xx_HAL_Driver/Src/stm32u5xx_hal_gpio.o
 .debug_abbrev  0x00001e3d      0x228 ./Drivers/STM32U5xx_HAL_Driver/Src/stm32u5xx_hal_icache.o
 .debug_abbrev  0x00002065      0x215 ./Drivers/STM32U5xx_HAL_Driver/Src/stm32u5xx_hal_pwr_ex.o
 .debug_abbrev  0x0000227a      0x2cb ./Drivers/STM32U5xx_HAL_Driver/Src/stm32u5xx_hal_rcc.o
 .debug_abbrev  0x00002545      0x23d ./Drivers/STM32U5xx_HAL_Driver/Src/stm32u5xx_hal_rcc_ex.o
 .debug_abbrev  0x00002782      0x2bc ./Drivers/STM32U5xx_HAL_Driver/Src/stm32u5xx_hal_spi.o
 .debug_abbrev  0x00002a3e      0x1c7 ./Drivers/STM32U5xx_HAL_Driver/Src/stm32u5xx_hal_spi_ex.o
 .debug_abbrev  0x00002c05      0x305 ./Drivers/STM32U5xx_HAL_Driver/Src/stm32u5xx_hal_uart.o
 .debug_abbrev  0x00002f0a      0x2d4 ./Drivers/STM32U5xx_HAL_Driver/Src/stm32u5xx_hal_uart_ex.o
 .debug_abbrev  0x000031de      0x28a ./Drivers/SX126x/Src/sx126x.o

.debug_aranges  0x00000000     0x12f8
 .debug_aranges
                0x00000000       0x50 ./Core/Src/app_uart.o
 .debug_aranges
                0x00000050       0x20 ./Core/Src/gpio.o
 .debug_aranges
                0x00000070       0x20 ./Core/Src/icache.o
 .debug_aranges
                0x00000090       0x60 ./Core/Src/lora_protocol.o
 .debug_aranges
                0x000000f0       0x60 ./Core/Src/lora_radio.o
 .debug_aranges
                0x00000150       0x30 ./Core/Src/main.o
 .debug_aranges
                0x00000180       0x30 ./Core/Src/spi.o
 .debug_aranges
                0x000001b0       0x20 ./Core/Src/stm32u5xx_hal_msp.o
 .debug_aranges
                0x000001d0       0x68 ./Core/Src/stm32u5xx_it.o
 .debug_aranges
                0x00000238       0x70 ./Core/Src/sx1262_board.o
 .debug_aranges
                0x000002a8       0x48 ./Core/Src/sx1262_bringup.o
 .debug_aranges
                0x000002f0       0x28 ./Core/Src/system_stm32u5xx.o
 .debug_aranges
                0x00000318       0x48 ./Core/Src/tower_app.o
 .debug_aranges
                0x00000360       0x30 ./Core/Src/usart.o
 .debug_aranges
                0x00000390       0x28 ./Core/Startup/startup_stm32u585ciux.o
 .debug_aranges
                0x000003b8      0x148 ./Drivers/STM32U5xx_HAL_Driver/Src/stm32u5xx_hal.o
 .debug_aranges
                0x00000500      0x140 ./Drivers/STM32U5xx_HAL_Driver/Src/stm32u5xx_hal_cortex.o
 .debug_aranges
                0x00000640       0x78 ./Drivers/STM32U5xx_HAL_Driver/Src/stm32u5xx_hal_gpio.o
 .debug_aranges
                0x000006b8       0xa8 ./Drivers/STM32U5xx_HAL_Driver/Src/stm32u5xx_hal_icache.o
 .debug_aranges
                0x00000760      0x200 ./Drivers/STM32U5xx_HAL_Driver/Src/stm32u5xx_hal_pwr_ex.o
 .debug_aranges
                0x00000960       0xa8 ./Drivers/STM32U5xx_HAL_Driver/Src/stm32u5xx_hal_rcc.o
 .debug_aranges
                0x00000a08      0x160 ./Drivers/STM32U5xx_HAL_Driver/Src/stm32u5xx_hal_rcc_ex.o
 .debug_aranges
                0x00000b68      0x1a8 ./Drivers/STM32U5xx_HAL_Driver/Src/stm32u5xx_hal_spi.o
 .debug_aranges
                0x00000d10       0x48 ./Drivers/STM32U5xx_HAL_Driver/Src/stm32u5xx_hal_spi_ex.o
 .debug_aranges
                0x00000d58      0x248 ./Drivers/STM32U5xx_HAL_Driver/Src/stm32u5xx_hal_uart.o
 .debug_aranges
                0x00000fa0       0xb8 ./Drivers/STM32U5xx_HAL_Driver/Src/stm32u5xx_hal_uart_ex.o
 .debug_aranges
                0x00001058      0x2a0 ./Drivers/SX126x/Src/sx126x.o

.debug_rnglists
                0x00000000      0xe61
 .debug_rnglists
                0x00000000       0x37 ./Core/Src/app_uart.o
 .debug_rnglists
                0x00000037       0x14 ./Core/Src/gpio.o
 .debug_rnglists
                0x0000004b       0x13 ./Core/Src/icache.o
 .debug_rnglists
                0x0000005e       0x48 ./Core/Src/lora_protocol.o
 .debug_rnglists
                0x000000a6       0x48 ./Core/Src/lora_radio.o
 .debug_rnglists
                0x000000ee       0x20 ./Core/Src/main.o
 .debug_rnglists
                0x0000010e       0x21 ./Core/Src/spi.o
 .debug_rnglists
                0x0000012f       0x13 ./Core/Src/stm32u5xx_hal_msp.o
 .debug_rnglists
                0x00000142       0x49 ./Core/Src/stm32u5xx_it.o
 .debug_rnglists
                0x0000018b       0x52 ./Core/Src/sx1262_board.o
 .debug_rnglists
                0x000001dd       0x33 ./Core/Src/sx1262_bringup.o
 .debug_rnglists
                0x00000210       0x1a ./Core/Src/system_stm32u5xx.o
 .debug_rnglists
                0x0000022a       0x34 ./Core/Src/tower_app.o
 .debug_rnglists
                0x0000025e       0x21 ./Core/Src/usart.o
 .debug_rnglists
                0x0000027f       0x19 ./Core/Startup/startup_stm32u585ciux.o
 .debug_rnglists
                0x00000298       0xf3 ./Drivers/STM32U5xx_HAL_Driver/Src/stm32u5xx_hal.o
 .debug_rnglists
                0x0000038b       0xec ./Drivers/STM32U5xx_HAL_Driver/Src/stm32u5xx_hal_cortex.o
 .debug_rnglists
                0x00000477       0x5a ./Drivers/STM32U5xx_HAL_Driver/Src/stm32u5xx_hal_gpio.o
 .debug_rnglists
                0x000004d1       0x7a ./Drivers/STM32U5xx_HAL_Driver/Src/stm32u5xx_hal_icache.o
 .debug_rnglists
                0x0000054b      0x186 ./Drivers/STM32U5xx_HAL_Driver/Src/stm32u5xx_hal_pwr_ex.o
 .debug_rnglists
                0x000006d1       0x7f ./Drivers/STM32U5xx_HAL_Driver/Src/stm32u5xx_hal_rcc.o
 .debug_rnglists
                0x00000750      0x113 ./Drivers/STM32U5xx_HAL_Driver/Src/stm32u5xx_hal_rcc_ex.o
 .debug_rnglists
                0x00000863      0x148 ./Drivers/STM32U5xx_HAL_Driver/Src/stm32u5xx_hal_spi.o
 .debug_rnglists
                0x000009ab       0x35 ./Drivers/STM32U5xx_HAL_Driver/Src/stm32u5xx_hal_spi_ex.o
 .debug_rnglists
                0x000009e0      0x1f8 ./Drivers/STM32U5xx_HAL_Driver/Src/stm32u5xx_hal_uart.o
 .debug_rnglists
                0x00000bd8       0x8c ./Drivers/STM32U5xx_HAL_Driver/Src/stm32u5xx_hal_uart_ex.o
 .debug_rnglists
                0x00000c64      0x1fd ./Drivers/SX126x/Src/sx126x.o

.debug_macro    0x00000000    0x34b6b
 .debug_macro   0x00000000      0x2a9 ./Core/Src/app_uart.o
 .debug_macro   0x000002a9      0xade ./Core/Src/app_uart.o
 .debug_macro   0x00000d87       0x22 ./Core/Src/app_uart.o
 .debug_macro   0x00000da9       0x8e ./Core/Src/app_uart.o
 .debug_macro   0x00000e37       0x51 ./Core/Src/app_uart.o
 .debug_macro   0x00000e88      0x103 ./Core/Src/app_uart.o
 .debug_macro   0x00000f8b       0x6a ./Core/Src/app_uart.o
 .debug_macro   0x00000ff5      0x1df ./Core/Src/app_uart.o
 .debug_macro   0x000011d4      0x190 ./Core/Src/app_uart.o
 .debug_macro   0x00001364      0x201 ./Core/Src/app_uart.o
 .debug_macro   0x00001565       0x2e ./Core/Src/app_uart.o
 .debug_macro   0x00001593       0x42 ./Core/Src/app_uart.o
 .debug_macro   0x000015d5       0x1c ./Core/Src/app_uart.o
 .debug_macro   0x000015f1       0x29 ./Core/Src/app_uart.o
 .debug_macro   0x0000161a       0xfb ./Core/Src/app_uart.o
 .debug_macro   0x00001715     0x1685 ./Core/Src/app_uart.o
 .debug_macro   0x00002d9a       0x5e ./Core/Src/app_uart.o
 .debug_macro   0x00002df8    0x23ced ./Core/Src/app_uart.o
 .debug_macro   0x00026ae5       0x6d ./Core/Src/app_uart.o
 .debug_macro   0x00026b52     0x393e ./Core/Src/app_uart.o
 .debug_macro   0x0002a490       0x61 ./Core/Src/app_uart.o
 .debug_macro   0x0002a4f1       0x2a ./Core/Src/app_uart.o
 .debug_macro   0x0002a51b       0x43 ./Core/Src/app_uart.o
 .debug_macro   0x0002a55e       0x34 ./Core/Src/app_uart.o
 .debug_macro   0x0002a592      0x364 ./Core/Src/app_uart.o
 .debug_macro   0x0002a8f6       0x16 ./Core/Src/app_uart.o
 .debug_macro   0x0002a90c       0x4a ./Core/Src/app_uart.o
 .debug_macro   0x0002a956       0x34 ./Core/Src/app_uart.o
 .debug_macro   0x0002a98a       0x10 ./Core/Src/app_uart.o
 .debug_macro   0x0002a99a       0x58 ./Core/Src/app_uart.o
 .debug_macro   0x0002a9f2       0x8e ./Core/Src/app_uart.o
 .debug_macro   0x0002aa80       0x1c ./Core/Src/app_uart.o
 .debug_macro   0x0002aa9c      0x17e ./Core/Src/app_uart.o
 .debug_macro   0x0002ac1a      0x19b ./Core/Src/app_uart.o
 .debug_macro   0x0002adb5       0x5d ./Core/Src/app_uart.o
 .debug_macro   0x0002ae12     0x1bfd ./Core/Src/app_uart.o
 .debug_macro   0x0002ca0f      0x7ff ./Core/Src/app_uart.o
 .debug_macro   0x0002d20e      0x166 ./Core/Src/app_uart.o
 .debug_macro   0x0002d374      0x2aa ./Core/Src/app_uart.o
 .debug_macro   0x0002d61e       0xc9 ./Core/Src/app_uart.o
 .debug_macro   0x0002d6e7      0x5a5 ./Core/Src/app_uart.o
 .debug_macro   0x0002dc8c      0x439 ./Core/Src/app_uart.o
 .debug_macro   0x0002e0c5       0xd6 ./Core/Src/app_uart.o
 .debug_macro   0x0002e19b      0x1cd ./Core/Src/app_uart.o
 .debug_macro   0x0002e368      0x432 ./Core/Src/app_uart.o
 .debug_macro   0x0002e79a       0x95 ./Core/Src/app_uart.o
 .debug_macro   0x0002e82f      0x11c ./Core/Src/app_uart.o
 .debug_macro   0x0002e94b      0x525 ./Core/Src/app_uart.o
 .debug_macro   0x0002ee70      0x4bf ./Core/Src/app_uart.o
 .debug_macro   0x0002f32f      0x5cf ./Core/Src/app_uart.o
 .debug_macro   0x0002f8fe       0xee ./Core/Src/app_uart.o
 .debug_macro   0x0002f9ec       0xeb ./Core/Src/app_uart.o
 .debug_macro   0x0002fad7      0x677 ./Core/Src/app_uart.o
 .debug_macro   0x0003014e      0x1a1 ./Core/Src/app_uart.o
 .debug_macro   0x000302ef      0x1c0 ./Core/Src/app_uart.o
 .debug_macro   0x000304af      0x361 ./Core/Src/app_uart.o
 .debug_macro   0x00030810       0x8e ./Core/Src/app_uart.o
 .debug_macro   0x0003089e      0x295 ./Core/Src/gpio.o
 .debug_macro   0x00030b33      0x295 ./Core/Src/icache.o
 .debug_macro   0x00030dc8      0x176 ./Core/Src/lora_protocol.o
 .debug_macro   0x00030f3e       0x22 ./Core/Src/lora_protocol.o
 .debug_macro   0x00030f60       0x10 ./Core/Src/lora_protocol.o
 .debug_macro   0x00030f70       0x10 ./Core/Src/lora_protocol.o
 .debug_macro   0x00030f80       0x3c ./Core/Src/lora_protocol.o
 .debug_macro   0x00030fbc       0x20 ./Core/Src/lora_protocol.o
 .debug_macro   0x00030fdc      0x2d9 ./Core/Src/lora_radio.o
 .debug_macro   0x000312b5       0xac ./Core/Src/lora_radio.o
 .debug_macro   0x00031361      0x2ca ./Core/Src/main.o
 .debug_macro   0x0003162b      0x295 ./Core/Src/spi.o
 .debug_macro   0x000318c0      0x28b ./Core/Src/stm32u5xx_hal_msp.o
 .debug_macro   0x00031b4b      0x295 ./Core/Src/stm32u5xx_it.o
 .debug_macro   0x00031de0      0x2d7 ./Core/Src/sx1262_board.o
 .debug_macro   0x000320b7       0x10 ./Core/Src/sx1262_board.o
 .debug_macro   0x000320c7       0x93 ./Core/Src/sx1262_bringup.o
 .debug_macro   0x0003215a      0x283 ./Core/Src/system_stm32u5xx.o
 .debug_macro   0x000323dd      0x310 ./Core/Src/tower_app.o
 .debug_macro   0x000326ed       0x16 ./Core/Src/tower_app.o
 .debug_macro   0x00032703      0x295 ./Core/Src/usart.o
 .debug_macro   0x00032998      0x2a0 ./Drivers/STM32U5xx_HAL_Driver/Src/stm32u5xx_hal.o
 .debug_macro   0x00032c38      0x27c ./Drivers/STM32U5xx_HAL_Driver/Src/stm32u5xx_hal_cortex.o
 .debug_macro   0x00032eb4      0x2b1 ./Drivers/STM32U5xx_HAL_Driver/Src/stm32u5xx_hal_gpio.o
 .debug_macro   0x00033165      0x2ae ./Drivers/STM32U5xx_HAL_Driver/Src/stm32u5xx_hal_icache.o
 .debug_macro   0x00033413      0x2a7 ./Drivers/STM32U5xx_HAL_Driver/Src/stm32u5xx_hal_pwr_ex.o
 .debug_macro   0x000336ba      0x382 ./Drivers/STM32U5xx_HAL_Driver/Src/stm32u5xx_hal_rcc.o
 .debug_macro   0x00033a3c      0x3ad ./Drivers/STM32U5xx_HAL_Driver/Src/stm32u5xx_hal_rcc_ex.o
 .debug_macro   0x00033de9      0x284 ./Drivers/STM32U5xx_HAL_Driver/Src/stm32u5xx_hal_spi.o
 .debug_macro   0x0003406d      0x27c ./Drivers/STM32U5xx_HAL_Driver/Src/stm32u5xx_hal_spi_ex.o
 .debug_macro   0x000342e9      0x2a7 ./Drivers/STM32U5xx_HAL_Driver/Src/stm32u5xx_hal_uart.o
 .debug_macro   0x00034590      0x288 ./Drivers/STM32U5xx_HAL_Driver/Src/stm32u5xx_hal_uart_ex.o
 .debug_macro   0x00034818      0x172 ./Drivers/SX126x/Src/sx126x.o
 .debug_macro   0x0003498a       0xa6 ./Drivers/SX126x/Src/sx126x.o
 .debug_macro   0x00034a30      0x13b ./Drivers/SX126x/Src/sx126x.o

.debug_line     0x00000000    0x193b2
 .debug_line    0x00000000      0x9c0 ./Core/Src/app_uart.o
 .debug_line    0x000009c0      0x8f7 ./Core/Src/gpio.o
 .debug_line    0x000012b7      0x8b2 ./Core/Src/icache.o
 .debug_line    0x00001b69      0x8c0 ./Core/Src/lora_protocol.o
 .debug_line    0x00002429      0xc65 ./Core/Src/lora_radio.o
 .debug_line    0x0000308e      0x975 ./Core/Src/main.o
 .debug_line    0x00003a03      0x95d ./Core/Src/spi.o
 .debug_line    0x00004360      0x898 ./Core/Src/stm32u5xx_hal_msp.o
 .debug_line    0x00004bf8      0x960 ./Core/Src/stm32u5xx_it.o
 .debug_line    0x00005558      0xb43 ./Core/Src/sx1262_board.o
 .debug_line    0x0000609b      0x657 ./Core/Src/sx1262_bringup.o
 .debug_line    0x000066f2      0x99d ./Core/Src/system_stm32u5xx.o
 .debug_line    0x0000708f      0xb8c ./Core/Src/tower_app.o
 .debug_line    0x00007c1b      0x94c ./Core/Src/usart.o
 .debug_line    0x00008567       0x79 ./Core/Startup/startup_stm32u585ciux.o
 .debug_line    0x000085e0      0xd42 ./Drivers/STM32U5xx_HAL_Driver/Src/stm32u5xx_hal.o
 .debug_line    0x00009322      0xeec ./Drivers/STM32U5xx_HAL_Driver/Src/stm32u5xx_hal_cortex.o
 .debug_line    0x0000a20e      0xe4b ./Drivers/STM32U5xx_HAL_Driver/Src/stm32u5xx_hal_gpio.o
 .debug_line    0x0000b059      0xb8c ./Drivers/STM32U5xx_HAL_Driver/Src/stm32u5xx_hal_icache.o
 .debug_line    0x0000bbe5     0x1229 ./Drivers/STM32U5xx_HAL_Driver/Src/stm32u5xx_hal_pwr_ex.o
 .debug_line    0x0000ce0e     0x1728 ./Drivers/STM32U5xx_HAL_Driver/Src/stm32u5xx_hal_rcc.o
 .debug_line    0x0000e536     0x2392 ./Drivers/STM32U5xx_HAL_Driver/Src/stm32u5xx_hal_rcc_ex.o
 .debug_line    0x000108c8     0x25db ./Drivers/STM32U5xx_HAL_Driver/Src/stm32u5xx_hal_spi.o
 .debug_line    0x00012ea3      0xa7c ./Drivers/STM32U5xx_HAL_Driver/Src/stm32u5xx_hal_spi_ex.o
 .debug_line    0x0001391f     0x3531 ./Drivers/STM32U5xx_HAL_Driver/Src/stm32u5xx_hal_uart.o
 .debug_line    0x00016e50      0xedb ./Drivers/STM32U5xx_HAL_Driver/Src/stm32u5xx_hal_uart_ex.o
 .debug_line    0x00017d2b     0x1687 ./Drivers/SX126x/Src/sx126x.o

.debug_str      0x00000000   0x1459d0
 .debug_str     0x00000000   0x1459d0 ./Core/Src/app_uart.o
                             0x13a2c4 (size before relaxing)
 .debug_str     0x001459d0   0x13a56e ./Core/Src/gpio.o
 .debug_str     0x001459d0   0x139b69 ./Core/Src/icache.o
 .debug_str     0x001459d0     0x75d5 ./Core/Src/lora_protocol.o
 .debug_str     0x001459d0   0x13af97 ./Core/Src/lora_radio.o
 .debug_str     0x001459d0   0x139e0f ./Core/Src/main.o
 .debug_str     0x001459d0   0x13a8b1 ./Core/Src/spi.o
 .debug_str     0x001459d0   0x139d24 ./Core/Src/stm32u5xx_hal_msp.o
 .debug_str     0x001459d0   0x139baf ./Core/Src/stm32u5xx_it.o
 .debug_str     0x001459d0   0x13a690 ./Core/Src/sx1262_board.o
 .debug_str     0x001459d0     0x4987 ./Core/Src/sx1262_bringup.o
 .debug_str     0x001459d0   0x139caa ./Core/Src/system_stm32u5xx.o
 .debug_str     0x001459d0   0x13a745 ./Core/Src/tower_app.o
 .debug_str     0x001459d0   0x13a81e ./Core/Src/usart.o
 .debug_str     0x001459d0       0x7c ./Core/Startup/startup_stm32u585ciux.o
 .debug_str     0x001459d0   0x13ab56 ./Drivers/STM32U5xx_HAL_Driver/Src/stm32u5xx_hal.o
 .debug_str     0x001459d0   0x13a925 ./Drivers/STM32U5xx_HAL_Driver/Src/stm32u5xx_hal_cortex.o
 .debug_str     0x001459d0   0x139ccf ./Drivers/STM32U5xx_HAL_Driver/Src/stm32u5xx_hal_gpio.o
 .debug_str     0x001459d0   0x139fcc ./Drivers/STM32U5xx_HAL_Driver/Src/stm32u5xx_hal_icache.o
 .debug_str     0x001459d0   0x13a3ea ./Drivers/STM32U5xx_HAL_Driver/Src/stm32u5xx_hal_pwr_ex.o
 .debug_str     0x001459d0   0x13b39f ./Drivers/STM32U5xx_HAL_Driver/Src/stm32u5xx_hal_rcc.o
 .debug_str     0x001459d0   0x13c692 ./Drivers/STM32U5xx_HAL_Driver/Src/stm32u5xx_hal_rcc_ex.o
 .debug_str     0x001459d0   0x13a59e ./Drivers/STM32U5xx_HAL_Driver/Src/stm32u5xx_hal_spi.o
 .debug_str     0x001459d0   0x13a10e ./Drivers/STM32U5xx_HAL_Driver/Src/stm32u5xx_hal_spi_ex.o
 .debug_str     0x001459d0   0x13a971 ./Drivers/STM32U5xx_HAL_Driver/Src/stm32u5xx_hal_uart.o
 .debug_str     0x001459d0   0x13a423 ./Drivers/STM32U5xx_HAL_Driver/Src/stm32u5xx_hal_uart_ex.o
 .debug_str     0x001459d0     0xad75 ./Drivers/SX126x/Src/sx126x.o

.comment        0x00000000       0x43
 .comment       0x00000000       0x43 ./Core/Src/app_uart.o
                                 0x44 (size before relaxing)
 .comment       0x00000043       0x44 ./Core/Src/gpio.o
 .comment       0x00000043       0x44 ./Core/Src/icache.o
 .comment       0x00000043       0x44 ./Core/Src/lora_protocol.o
 .comment       0x00000043       0x44 ./Core/Src/lora_radio.o
 .comment       0x00000043       0x44 ./Core/Src/main.o
 .comment       0x00000043       0x44 ./Core/Src/spi.o
 .comment       0x00000043       0x44 ./Core/Src/stm32u5xx_hal_msp.o
 .comment       0x00000043       0x44 ./Core/Src/stm32u5xx_it.o
 .comment       0x00000043       0x44 ./Core/Src/sx1262_board.o
 .comment       0x00000043       0x44 ./Core/Src/sx1262_bringup.o
 .comment       0x00000043       0x44 ./Core/Src/system_stm32u5xx.o
 .comment       0x00000043       0x44 ./Core/Src/tower_app.o
 .comment       0x00000043       0x44 ./Core/Src/usart.o
 .comment       0x00000043       0x44 ./Drivers/STM32U5xx_HAL_Driver/Src/stm32u5xx_hal.o
 .comment       0x00000043       0x44 ./Drivers/STM32U5xx_HAL_Driver/Src/stm32u5xx_hal_cortex.o
 .comment       0x00000043       0x44 ./Drivers/STM32U5xx_HAL_Driver/Src/stm32u5xx_hal_gpio.o
 .comment       0x00000043       0x44 ./Drivers/STM32U5xx_HAL_Driver/Src/stm32u5xx_hal_icache.o
 .comment       0x00000043       0x44 ./Drivers/STM32U5xx_HAL_Driver/Src/stm32u5xx_hal_pwr_ex.o
 .comment       0x00000043       0x44 ./Drivers/STM32U5xx_HAL_Driver/Src/stm32u5xx_hal_rcc.o
 .comment       0x00000043       0x44 ./Drivers/STM32U5xx_HAL_Driver/Src/stm32u5xx_hal_rcc_ex.o
 .comment       0x00000043       0x44 ./Drivers/STM32U5xx_HAL_Driver/Src/stm32u5xx_hal_spi.o
 .comment       0x00000043       0x44 ./Drivers/STM32U5xx_HAL_Driver/Src/stm32u5xx_hal_spi_ex.o
 .comment       0x00000043       0x44 ./Drivers/STM32U5xx_HAL_Driver/Src/stm32u5xx_hal_uart.o
 .comment       0x00000043       0x44 ./Drivers/STM32U5xx_HAL_Driver/Src/stm32u5xx_hal_uart_ex.o
 .comment       0x00000043       0x44 ./Drivers/SX126x/Src/sx126x.o

.debug_frame    0x00000000     0x491c
 .debug_frame   0x00000000      0x10c ./Core/Src/app_uart.o
 .debug_frame   0x0000010c       0x34 ./Core/Src/gpio.o
 .debug_frame   0x00000140       0x2c ./Core/Src/icache.o
 .debug_frame   0x0000016c      0x154 ./Core/Src/lora_protocol.o
 .debug_frame   0x000002c0      0x154 ./Core/Src/lora_radio.o
 .debug_frame   0x00000414       0x6c ./Core/Src/main.o
 .debug_frame   0x00000480       0x80 ./Core/Src/spi.o
 .debug_frame   0x00000500       0x34 ./Core/Src/stm32u5xx_hal_msp.o
 .debug_frame   0x00000534      0x114 ./Core/Src/stm32u5xx_it.o
 .debug_frame   0x00000648      0x184 ./Core/Src/sx1262_board.o
 .debug_frame   0x000007cc       0xe0 ./Core/Src/sx1262_bringup.o
 .debug_frame   0x000008ac       0x50 ./Core/Src/system_stm32u5xx.o
 .debug_frame   0x000008fc       0xe0 ./Core/Src/tower_app.o
 .debug_frame   0x000009dc       0x78 ./Core/Src/usart.o
 .debug_frame   0x00000a54      0x480 ./Drivers/STM32U5xx_HAL_Driver/Src/stm32u5xx_hal.o
 .debug_frame   0x00000ed4      0x508 ./Drivers/STM32U5xx_HAL_Driver/Src/stm32u5xx_hal_cortex.o
 .debug_frame   0x000013dc      0x1c0 ./Drivers/STM32U5xx_HAL_Driver/Src/stm32u5xx_hal_gpio.o
 .debug_frame   0x0000159c      0x260 ./Drivers/STM32U5xx_HAL_Driver/Src/stm32u5xx_hal_icache.o
 .debug_frame   0x000017fc      0x764 ./Drivers/STM32U5xx_HAL_Driver/Src/stm32u5xx_hal_pwr_ex.o
 .debug_frame   0x00001f60      0x268 ./Drivers/STM32U5xx_HAL_Driver/Src/stm32u5xx_hal_rcc.o
 .debug_frame   0x000021c8      0x590 ./Drivers/STM32U5xx_HAL_Driver/Src/stm32u5xx_hal_rcc_ex.o
 .debug_frame   0x00002758      0x73c ./Drivers/STM32U5xx_HAL_Driver/Src/stm32u5xx_hal_spi.o
 .debug_frame   0x00002e94       0xe8 ./Drivers/STM32U5xx_HAL_Driver/Src/stm32u5xx_hal_spi_ex.o
 .debug_frame   0x00002f7c      0xa10 ./Drivers/STM32U5xx_HAL_Driver/Src/stm32u5xx_hal_uart.o
 .debug_frame   0x0000398c      0x2e8 ./Drivers/STM32U5xx_HAL_Driver/Src/stm32u5xx_hal_uart_ex.o
 .debug_frame   0x00003c74      0xb88 ./Drivers/SX126x/Src/sx126x.o
 .debug_frame   0x000047fc       0x28 C:/ST/STM32CubeIDE_2.2.0/STM32CubeIDE/plugins/com.st.stm32cube.ide.mcu.externaltools.gnu-tools-for-stm32.14.3.rel1.win32_1.0.100.202602081740/tools/bin/../lib/gcc/arm-none-eabi/14.3.1/../../../../arm-none-eabi/lib/thumb/v8-m.main+fp/hard\libc_nano.a(libc_a-memcmp.o)
 .debug_frame   0x00004824       0x20 C:/ST/STM32CubeIDE_2.2.0/STM32CubeIDE/plugins/com.st.stm32cube.ide.mcu.externaltools.gnu-tools-for-stm32.14.3.rel1.win32_1.0.100.202602081740/tools/bin/../lib/gcc/arm-none-eabi/14.3.1/../../../../arm-none-eabi/lib/thumb/v8-m.main+fp/hard\libc_nano.a(libc_a-memset.o)
 .debug_frame   0x00004844       0x2c C:/ST/STM32CubeIDE_2.2.0/STM32CubeIDE/plugins/com.st.stm32cube.ide.mcu.externaltools.gnu-tools-for-stm32.14.3.rel1.win32_1.0.100.202602081740/tools/bin/../lib/gcc/arm-none-eabi/14.3.1/../../../../arm-none-eabi/lib/thumb/v8-m.main+fp/hard\libc_nano.a(libc_a-init.o)
 .debug_frame   0x00004870       0x20 C:/ST/STM32CubeIDE_2.2.0/STM32CubeIDE/plugins/com.st.stm32cube.ide.mcu.externaltools.gnu-tools-for-stm32.14.3.rel1.win32_1.0.100.202602081740/tools/bin/../lib/gcc/arm-none-eabi/14.3.1/../../../../arm-none-eabi/lib/thumb/v8-m.main+fp/hard\libc_nano.a(libc_a-strcmp.o)
 .debug_frame   0x00004890       0x28 C:/ST/STM32CubeIDE_2.2.0/STM32CubeIDE/plugins/com.st.stm32cube.ide.mcu.externaltools.gnu-tools-for-stm32.14.3.rel1.win32_1.0.100.202602081740/tools/bin/../lib/gcc/arm-none-eabi/14.3.1/../../../../arm-none-eabi/lib/thumb/v8-m.main+fp/hard\libc_nano.a(libc_a-memcpy-stub.o)
 .debug_frame   0x000048b8       0x2c C:/ST/STM32CubeIDE_2.2.0/STM32CubeIDE/plugins/com.st.stm32cube.ide.mcu.externaltools.gnu-tools-for-stm32.14.3.rel1.win32_1.0.100.202602081740/tools/bin/../lib/gcc/arm-none-eabi/14.3.1/thumb/v8-m.main+fp/hard\libgcc.a(_aeabi_uldivmod.o)
 .debug_frame   0x000048e4       0x38 C:/ST/STM32CubeIDE_2.2.0/STM32CubeIDE/plugins/com.st.stm32cube.ide.mcu.externaltools.gnu-tools-for-stm32.14.3.rel1.win32_1.0.100.202602081740/tools/bin/../lib/gcc/arm-none-eabi/14.3.1/thumb/v8-m.main+fp/hard\libgcc.a(_udivmoddi4.o)

.debug_line_str
                0x00000000       0x60
 .debug_line_str
                0x00000000       0x60 ./Core/Startup/startup_stm32u585ciux.o
