Archive member included to satisfy reference by file (symbol)

C:/ST/STM32CubeIDE_2.2.0/STM32CubeIDE/plugins/com.st.stm32cube.ide.mcu.externaltools.gnu-tools-for-stm32.14.3.rel1.win32_1.0.100.202602081740/tools/bin/../lib/gcc/arm-none-eabi/14.3.1/../../../../arm-none-eabi/lib/thumb/v8-m.main+fp/hard\libc_nano.a(libc_a-exit.o)
                              C:/ST/STM32CubeIDE_2.2.0/STM32CubeIDE/plugins/com.st.stm32cube.ide.mcu.externaltools.gnu-tools-for-stm32.14.3.rel1.win32_1.0.100.202602081740/tools/bin/../lib/gcc/arm-none-eabi/14.3.1/../../../../arm-none-eabi/lib/thumb/v8-m.main+fp/hard/crt0.o (exit)
C:/ST/STM32CubeIDE_2.2.0/STM32CubeIDE/plugins/com.st.stm32cube.ide.mcu.externaltools.gnu-tools-for-stm32.14.3.rel1.win32_1.0.100.202602081740/tools/bin/../lib/gcc/arm-none-eabi/14.3.1/../../../../arm-none-eabi/lib/thumb/v8-m.main+fp/hard\libc_nano.a(libc_a-findfp.o)
                              C:/ST/STM32CubeIDE_2.2.0/STM32CubeIDE/plugins/com.st.stm32cube.ide.mcu.externaltools.gnu-tools-for-stm32.14.3.rel1.win32_1.0.100.202602081740/tools/bin/../lib/gcc/arm-none-eabi/14.3.1/../../../../arm-none-eabi/lib/thumb/v8-m.main+fp/hard\libc_nano.a(libc_a-exit.o) (__stdio_exit_handler)
C:/ST/STM32CubeIDE_2.2.0/STM32CubeIDE/plugins/com.st.stm32cube.ide.mcu.externaltools.gnu-tools-for-stm32.14.3.rel1.win32_1.0.100.202602081740/tools/bin/../lib/gcc/arm-none-eabi/14.3.1/../../../../arm-none-eabi/lib/thumb/v8-m.main+fp/hard\libc_nano.a(libc_a-fwalk.o)
                              C:/ST/STM32CubeIDE_2.2.0/STM32CubeIDE/plugins/com.st.stm32cube.ide.mcu.externaltools.gnu-tools-for-stm32.14.3.rel1.win32_1.0.100.202602081740/tools/bin/../lib/gcc/arm-none-eabi/14.3.1/../../../../arm-none-eabi/lib/thumb/v8-m.main+fp/hard\libc_nano.a(libc_a-findfp.o) (_fwalk_sglue)
C:/ST/STM32CubeIDE_2.2.0/STM32CubeIDE/plugins/com.st.stm32cube.ide.mcu.externaltools.gnu-tools-for-stm32.14.3.rel1.win32_1.0.100.202602081740/tools/bin/../lib/gcc/arm-none-eabi/14.3.1/../../../../arm-none-eabi/lib/thumb/v8-m.main+fp/hard\libc_nano.a(libc_a-stdio.o)
                              C:/ST/STM32CubeIDE_2.2.0/STM32CubeIDE/plugins/com.st.stm32cube.ide.mcu.externaltools.gnu-tools-for-stm32.14.3.rel1.win32_1.0.100.202602081740/tools/bin/../lib/gcc/arm-none-eabi/14.3.1/../../../../arm-none-eabi/lib/thumb/v8-m.main+fp/hard\libc_nano.a(libc_a-findfp.o) (__sread)
C:/ST/STM32CubeIDE_2.2.0/STM32CubeIDE/plugins/com.st.stm32cube.ide.mcu.externaltools.gnu-tools-for-stm32.14.3.rel1.win32_1.0.100.202602081740/tools/bin/../lib/gcc/arm-none-eabi/14.3.1/../../../../arm-none-eabi/lib/thumb/v8-m.main+fp/hard\libc_nano.a(libc_a-memcmp.o)
                              ./Core/Src/lora_protocol.o (memcmp)
C:/ST/STM32CubeIDE_2.2.0/STM32CubeIDE/plugins/com.st.stm32cube.ide.mcu.externaltools.gnu-tools-for-stm32.14.3.rel1.win32_1.0.100.202602081740/tools/bin/../lib/gcc/arm-none-eabi/14.3.1/../../../../arm-none-eabi/lib/thumb/v8-m.main+fp/hard\libc_nano.a(libc_a-memset.o)
                              C:/ST/STM32CubeIDE_2.2.0/STM32CubeIDE/plugins/com.st.stm32cube.ide.mcu.externaltools.gnu-tools-for-stm32.14.3.rel1.win32_1.0.100.202602081740/tools/bin/../lib/gcc/arm-none-eabi/14.3.1/../../../../arm-none-eabi/lib/thumb/v8-m.main+fp/hard/crt0.o (memset)
C:/ST/STM32CubeIDE_2.2.0/STM32CubeIDE/plugins/com.st.stm32cube.ide.mcu.externaltools.gnu-tools-for-stm32.14.3.rel1.win32_1.0.100.202602081740/tools/bin/../lib/gcc/arm-none-eabi/14.3.1/../../../../arm-none-eabi/lib/thumb/v8-m.main+fp/hard\libc_nano.a(libc_a-closer.o)
                              C:/ST/STM32CubeIDE_2.2.0/STM32CubeIDE/plugins/com.st.stm32cube.ide.mcu.externaltools.gnu-tools-for-stm32.14.3.rel1.win32_1.0.100.202602081740/tools/bin/../lib/gcc/arm-none-eabi/14.3.1/../../../../arm-none-eabi/lib/thumb/v8-m.main+fp/hard\libc_nano.a(libc_a-stdio.o) (_close_r)
C:/ST/STM32CubeIDE_2.2.0/STM32CubeIDE/plugins/com.st.stm32cube.ide.mcu.externaltools.gnu-tools-for-stm32.14.3.rel1.win32_1.0.100.202602081740/tools/bin/../lib/gcc/arm-none-eabi/14.3.1/../../../../arm-none-eabi/lib/thumb/v8-m.main+fp/hard\libc_nano.a(libc_a-reent.o)
                              C:/ST/STM32CubeIDE_2.2.0/STM32CubeIDE/plugins/com.st.stm32cube.ide.mcu.externaltools.gnu-tools-for-stm32.14.3.rel1.win32_1.0.100.202602081740/tools/bin/../lib/gcc/arm-none-eabi/14.3.1/../../../../arm-none-eabi/lib/thumb/v8-m.main+fp/hard\libc_nano.a(libc_a-closer.o) (errno)
C:/ST/STM32CubeIDE_2.2.0/STM32CubeIDE/plugins/com.st.stm32cube.ide.mcu.externaltools.gnu-tools-for-stm32.14.3.rel1.win32_1.0.100.202602081740/tools/bin/../lib/gcc/arm-none-eabi/14.3.1/../../../../arm-none-eabi/lib/thumb/v8-m.main+fp/hard\libc_nano.a(libc_a-impure.o)
                              C:/ST/STM32CubeIDE_2.2.0/STM32CubeIDE/plugins/com.st.stm32cube.ide.mcu.externaltools.gnu-tools-for-stm32.14.3.rel1.win32_1.0.100.202602081740/tools/bin/../lib/gcc/arm-none-eabi/14.3.1/../../../../arm-none-eabi/lib/thumb/v8-m.main+fp/hard\libc_nano.a(libc_a-reent.o) (_impure_ptr)
[...]
Memory Configuration

Name             Origin             Length             Attributes
RAM              0x20000000         0x000c0000         xrw
SRAM4            0x28000000         0x00004000         xrw
FLASH            0x08000000         0x00200000         xr
*default*        0x00000000         0xffffffff

Linker script and memory map

LOAD C:/ST/STM32CubeIDE_2.2.0/STM32CubeIDE/plugins/com.st.stm32cube.ide.mcu.externaltools.gnu-tools-for-stm32.14.3.rel1.win32_1.0.100.202602081740/tools/bin/../lib/gcc/arm-none-eabi/14.3.1/thumb/v8-m.main+fp/hard/crti.o
LOAD C:/ST/STM32CubeIDE_2.2.0/STM32CubeIDE/plugins/com.st.stm32cube.ide.mcu.externaltools.gnu-tools-for-stm32.14.3.rel1.win32_1.0.100.202602081740/tools/bin/../lib/gcc/arm-none-eabi/14.3.1/thumb/v8-m.main+fp/hard/crtbegin.o
LOAD C:/ST/STM32CubeIDE_2.2.0/STM32CubeIDE/plugins/com.st.stm32cube.ide.mcu.externaltools.gnu-tools-for-stm32.14.3.rel1.win32_1.0.100.202602081740/tools/bin/../lib/gcc/arm-none-eabi/14.3.1/../../../../arm-none-eabi/lib/thumb/v8-m.main+fp/hard/crt0.o
LOAD ./Core/Src/app_uart.o
LOAD ./Core/Src/gpio.o
LOAD ./Core/Src/icache.o
LOAD ./Core/Src/lora_protocol.o
LOAD ./Core/Src/lora_radio.o
LOAD ./Core/Src/main.o
LOAD ./Core/Src/node_app.o
LOAD ./Core/Src/spi.o
LOAD ./Core/Src/stm32u5xx_hal_msp.o
LOAD ./Core/Src/stm32u5xx_it.o
LOAD ./Core/Src/sx1262_board.o
LOAD ./Core/Src/sx1262_bringup.o
LOAD ./Core/Src/syscalls.o
LOAD ./Core/Src/sysmem.o
LOAD ./Core/Src/system_stm32u5xx.o
LOAD ./Core/Src/usart.o
LOAD ./Core/Startup/startup_stm32u585ciux.o
LOAD ./Drivers/STM32U5xx_HAL_Driver/Src/stm32u5xx_hal.o
LOAD ./Drivers/STM32U5xx_HAL_Driver/Src/stm32u5xx_hal_cortex.o
LOAD ./Drivers/STM32U5xx_HAL_Driver/Src/stm32u5xx_hal_dma.o
LOAD ./Drivers/STM32U5xx_HAL_Driver/Src/stm32u5xx_hal_dma_ex.o
LOAD ./Drivers/STM32U5xx_HAL_Driver/Src/stm32u5xx_hal_exti.o
LOAD ./Drivers/STM32U5xx_HAL_Driver/Src/stm32u5xx_hal_flash.o
LOAD ./Drivers/STM32U5xx_HAL_Driver/Src/stm32u5xx_hal_flash_ex.o
LOAD ./Drivers/STM32U5xx_HAL_Driver/Src/stm32u5xx_hal_gpio.o
LOAD ./Drivers/STM32U5xx_HAL_Driver/Src/stm32u5xx_hal_gtzc.o
LOAD ./Drivers/STM32U5xx_HAL_Driver/Src/stm32u5xx_hal_i2c.o
LOAD ./Drivers/STM32U5xx_HAL_Driver/Src/stm32u5xx_hal_i2c_ex.o
LOAD ./Drivers/STM32U5xx_HAL_Driver/Src/stm32u5xx_hal_icache.o
LOAD ./Drivers/STM32U5xx_HAL_Driver/Src/stm32u5xx_hal_pwr.o
LOAD ./Drivers/STM32U5xx_HAL_Driver/Src/stm32u5xx_hal_pwr_ex.o
LOAD ./Drivers/STM32U5xx_HAL_Driver/Src/stm32u5xx_hal_rcc.o
LOAD ./Drivers/STM32U5xx_HAL_Driver/Src/stm32u5xx_hal_rcc_ex.o
LOAD ./Drivers/STM32U5xx_HAL_Driver/Src/stm32u5xx_hal_spi.o
LOAD ./Drivers/STM32U5xx_HAL_Driver/Src/stm32u5xx_hal_spi_ex.o
LOAD ./Drivers/STM32U5xx_HAL_Driver/Src/stm32u5xx_hal_uart.o
LOAD ./Drivers/STM32U5xx_HAL_Driver/Src/stm32u5xx_hal_uart_ex.o
LOAD ./Drivers/SX126x/Src/sx126x.o
START GROUP
LOAD C:/ST/STM32CubeIDE_2.2.0/STM32CubeIDE/plugins/com.st.stm32cube.ide.mcu.externaltools.gnu-tools-for-stm32.14.3.rel1.win32_1.0.100.202602081740/tools/bin/../lib/gcc/arm-none-eabi/14.3.1/../../../../arm-none-eabi/lib/thumb/v8-m.main+fp/hard\libc_nano.a
LOAD C:/ST/STM32CubeIDE_2.2.0/STM32CubeIDE/plugins/com.st.stm32cube.ide.mcu.externaltools.gnu-tools-for-stm32.14.3.rel1.win32_1.0.100.202602081740/tools/bin/../lib/gcc/arm-none-eabi/14.3.1/../../../../arm-none-eabi/lib/thumb/v8-m.main+fp/hard\libm.a
END GROUP
START GROUP
LOAD C:/ST/STM32CubeIDE_2.2.0/STM32CubeIDE/plugins/com.st.stm32cube.ide.mcu.externaltools.gnu-tools-for-stm32.14.3.rel1.win32_1.0.100.202602081740/tools/bin/../lib/gcc/arm-none-eabi/14.3.1/thumb/v8-m.main+fp/hard\libgcc.a
LOAD C:/ST/STM32CubeIDE_2.2.0/STM32CubeIDE/plugins/com.st.stm32cube.ide.mcu.externaltools.gnu-tools-for-stm32.14.3.rel1.win32_1.0.100.202602081740/tools/bin/../lib/gcc/arm-none-eabi/14.3.1/../../../../arm-none-eabi/lib/thumb/v8-m.main+fp/hard\libc_nano.a
END GROUP
START GROUP
LOAD C:/ST/STM32CubeIDE_2.2.0/STM32CubeIDE/plugins/com.st.stm32cube.ide.mcu.externaltools.gnu-tools-for-stm32.14.3.rel1.win32_1.0.100.202602081740/tools/bin/../lib/gcc/arm-none-eabi/14.3.1/thumb/v8-m.main+fp/hard\libgcc.a
LOAD C:/ST/STM32CubeIDE_2.2.0/STM32CubeIDE/plugins/com.st.stm32cube.ide.mcu.externaltools.gnu-tools-for-stm32.14.3.rel1.win32_1.0.100.202602081740/tools/bin/../lib/gcc/arm-none-eabi/14.3.1/../../../../arm-none-eabi/lib/thumb/v8-m.main+fp/hard\libc_nano.a
LOAD C:/ST/STM32CubeIDE_2.2.0/STM32CubeIDE/plugins/com.st.stm32cube.ide.mcu.externaltools.gnu-tools-for-stm32.14.3.rel1.win32_1.0.100.202602081740/tools/bin/../lib/gcc/arm-none-eabi/14.3.1/../../../../arm-none-eabi/lib/thumb/v8-m.main+fp/hard\libnosys.a
END GROUP
START GROUP
LOAD C:/ST/STM32CubeIDE_2.2.0/STM32CubeIDE/plugins/com.st.stm32cube.ide.mcu.externaltools.gnu-tools-for-stm32.14.3.rel1.win32_1.0.100.202602081740/tools/bin/../lib/gcc/arm-none-eabi/14.3.1/thumb/v8-m.main+fp/hard\libgcc.a
LOAD C:/ST/STM32CubeIDE_2.2.0/STM32CubeIDE/plugins/com.st.stm32cube.ide.mcu.externaltools.gnu-tools-for-stm32.14.3.rel1.win32_1.0.100.202602081740/tools/bin/../lib/gcc/arm-none-eabi/14.3.1/../../../../arm-none-eabi/lib/thumb/v8-m.main+fp/hard\libc_nano.a
LOAD C:/ST/STM32CubeIDE_2.2.0/STM32CubeIDE/plugins/com.st.stm32cube.ide.mcu.externaltools.gnu-tools-for-stm32.14.3.rel1.win32_1.0.100.202602081740/tools/bin/../lib/gcc/arm-none-eabi/14.3.1/../../../../arm-none-eabi/lib/thumb/v8-m.main+fp/hard\libnosys.a
END GROUP
LOAD C:/ST/STM32CubeIDE_2.2.0/STM32CubeIDE/plugins/com.st.stm32cube.ide.mcu.externaltools.gnu-tools-for-stm32.14.3.rel1.win32_1.0.100.202602081740/tools/bin/../lib/gcc/arm-none-eabi/14.3.1/thumb/v8-m.main+fp/hard/crtend.o
LOAD C:/ST/STM32CubeIDE_2.2.0/STM32CubeIDE/plugins/com.st.stm32cube.ide.mcu.externaltools.gnu-tools-for-stm32.14.3.rel1.win32_1.0.100.202602081740/tools/bin/../lib/gcc/arm-none-eabi/14.3.1/thumb/v8-m.main+fp/hard/crtn.o
                0x200c0000                        _estack = (ORIGIN (RAM) + LENGTH (RAM))
                0x200bfc00                        _sstack = (_estack - _Min_Stack_Size)
                0x00000200                        _Min_Heap_Size = 0x200
                0x00000400                        _Min_Stack_Size = 0x400

.isr_vector     0x08000000      0x238
 *(.isr_vector)
 .isr_vector    0x08000000      0x238 ./Core/Startup/startup_stm32u585ciux.o
                0x08000000                g_pfnVectors

.text           0x08000238     0x8d1c
 *(.text)
 .text          0x08000238       0x40 C:/ST/STM32CubeIDE_2.2.0/STM32CubeIDE/plugins/com.st.stm32cube.ide.mcu.externaltools.gnu-tools-for-stm32.14.3.rel1.win32_1.0.100.202602081740/tools/bin/../lib/gcc/arm-none-eabi/14.3.1/thumb/v8-m.main+fp/hard/crtbegin.o
 .text          0x08000278       0x30 C:/ST/STM32CubeIDE_2.2.0/STM32CubeIDE/plugins/com.st.stm32cube.ide.mcu.externaltools.gnu-tools-for-stm32.14.3.rel1.win32_1.0.100.202602081740/tools/bin/../lib/gcc/arm-none-eabi/14.3.1/thumb/v8-m.main+fp/hard\libgcc.a(_aeabi_uldivmod.o)
                0x08000278                __aeabi_uldivmod
 .text          0x080002a8      0x34c C:/ST/STM32CubeIDE_2.2.0/STM32CubeIDE/plugins/com.st.stm32cube.ide.mcu.externaltools.gnu-tools-for-stm32.14.3.rel1.win32_1.0.100.202602081740/tools/bin/../lib/gcc/arm-none-eabi/14.3.1/thumb/v8-m.main+fp/hard\libgcc.a(_udivmoddi4.o)
                0x080002a8                __udivmoddi4
 .text          0x080005f4        0x4 C:/ST/STM32CubeIDE_2.2.0/STM32CubeIDE/plugins/com.st.stm32cube.ide.mcu.externaltools.gnu-tools-for-stm32.14.3.rel1.win32_1.0.100.202602081740/tools/bin/../lib/gcc/arm-none-eabi/14.3.1/thumb/v8-m.main+fp/hard\libgcc.a(_dvmd_tls.o)
                0x080005f4                __aeabi_idiv0
                0x080005f4                __aeabi_ldiv0
 *(.text*)
 .text.app_uart_write_buffer
                0x080005f8       0x4c ./Core/Src/app_uart.o
 .text.app_uart_write
                0x08000644       0x3a ./Core/Src/app_uart.o
                0x08000644                app_uart_write
 *fill*         0x0800067e        0x2 
 .text.app_uart_write_line
                0x08000680       0x30 ./Core/Src/app_uart.o
                0x08000680                app_uart_write_line
 .text.app_uart_write_hex8
                0x080006b0       0x40 ./Core/Src/app_uart.o
                0x080006b0                app_uart_write_hex8
 .text.app_uart_write_u32
                0x080006f0       0x6c ./Core/Src/app_uart.o
                0x080006f0                app_uart_write_u32
 .text.app_uart_write_i8
                0x0800075c       0x50 ./Core/Src/app_uart.o
                0x0800075c                app_uart_write_i8
 .text.MX_GPIO_Init
                0x080007ac      0x1a8 ./Core/Src/gpio.o
                0x080007ac                MX_GPIO_Init
 .text.MX_ICACHE_Init
                0x08000954       0x26 ./Core/Src/icache.o
                0x08000954                MX_ICACHE_Init
 .text.node_id_is_valid
                0x0800097a       0x66 ./Core/Src/lora_protocol.o
 .text.sequence_is_valid
                0x080009e0       0x34 ./Core/Src/lora_protocol.o
 .text.encode_sequence
                0x08000a14       0x64 ./Core/Src/lora_protocol.o
 .text.decode_sequence
                0x08000a78       0x8c ./Core/Src/lora_protocol.o
 .text.lora_protocol_format_data
                0x08000b04       0x90 ./Core/Src/lora_protocol.o
                0x08000b04                lora_protocol_format_data
 .text.lora_protocol_ack_matches
                0x08000b94       0xa8 ./Core/Src/lora_protocol.o
                0x08000b94                lora_protocol_ack_matches
 .text.lora_protocol_next_sequence
                0x08000c3c       0x28 ./Core/Src/lora_protocol.o
                0x08000c3c                lora_protocol_next_sequence
 .text.map_status
                0x08000c64       0x2c ./Core/Src/lora_radio.o
 .text.set_packet_length
                0x08000c90       0x34 ./Core/Src/lora_radio.o
 .text.lora_radio_init
                0x08000cc4      0x1e0 ./Core/Src/lora_radio.o
                0x08000cc4                lora_radio_init
 .text.lora_radio_start_tx
                0x08000ea4       0xc8 ./Core/Src/lora_radio.o
                0x08000ea4                lora_radio_start_tx
 .text.start_rx
                0x08000f6c       0xa8 ./Core/Src/lora_radio.o
 .text.lora_radio_start_rx
                0x08001014       0x22 ./Core/Src/lora_radio.o
                0x08001014                lora_radio_start_rx
 .text.lora_radio_take_irq
                0x08001036       0x96 ./Core/Src/lora_radio.o
                0x08001036                lora_radio_take_irq
 .text.lora_radio_read_packet
                0x080010cc       0xd8 ./Core/Src/lora_radio.o
                0x080010cc                lora_radio_read_packet
 .text.main     0x080011a4       0x26 ./Core/Src/main.o
                0x080011a4                main
 .text.SystemClock_Config
                0x080011ca       0xb8 ./Core/Src/main.o
                0x080011ca                SystemClock_Config
 .text.Error_Handler
                0x08001282        0xc ./Core/Src/main.o
                0x08001282                Error_Handler
 .text.time_reached
                0x0800128e       0x22 ./Core/Src/node_app.o
 .text.log_sequence
                0x080012b0       0x48 ./Core/Src/node_app.o
 .text.finish_transaction
                0x080012f8       0x74 ./Core/Src/node_app.o
 .text.fail_attempt
                0x0800136c       0x54 ./Core/Src/node_app.o
 .text.start_attempt
                0x080013c0       0x88 ./Core/Src/node_app.o
 .text.restart_ack_rx
                0x08001448       0x50 ./Core/Src/node_app.o
 .text.node_app_init
                0x08001498       0x68 ./Core/Src/node_app.o
                0x08001498                node_app_init
 .text.node_app_process
                0x08001500      0x220 ./Core/Src/node_app.o
                0x08001500                node_app_process
 .text.MX_SPI1_Init
                0x08001720       0xe0 ./Core/Src/spi.o
                0x08001720                MX_SPI1_Init
 .text.HAL_SPI_MspInit
                0x08001800       0xd4 ./Core/Src/spi.o
                0x08001800                HAL_SPI_MspInit
 .text.HAL_MspInit
                0x080018d4       0x34 ./Core/Src/stm32u5xx_hal_msp.o
                0x080018d4                HAL_MspInit
 .text.NMI_Handler
                0x08001908        0x8 ./Core/Src/stm32u5xx_it.o
                0x08001908                NMI_Handler
 .text.HardFault_Handler
                0x08001910        0x8 ./Core/Src/stm32u5xx_it.o
                0x08001910                HardFault_Handler
 .text.MemManage_Handler
                0x08001918        0x8 ./Core/Src/stm32u5xx_it.o
                0x08001918                MemManage_Handler
 .text.BusFault_Handler
                0x08001920        0x8 ./Core/Src/stm32u5xx_it.o
                0x08001920                BusFault_Handler
 .text.UsageFault_Handler
                0x08001928        0x8 ./Core/Src/stm32u5xx_it.o
                0x08001928                UsageFault_Handler
 .text.SVC_Handler
                0x08001930        0xe ./Core/Src/stm32u5xx_it.o
                0x08001930                SVC_Handler
 .text.DebugMon_Handler
                0x0800193e        0xe ./Core/Src/stm32u5xx_it.o
                0x0800193e                DebugMon_Handler
 .text.PendSV_Handler
                0x0800194c        0xe ./Core/Src/stm32u5xx_it.o
                0x0800194c                PendSV_Handler
 .text.SysTick_Handler
                0x0800195a        0xc ./Core/Src/stm32u5xx_it.o
                0x0800195a                SysTick_Handler
 .text.EXTI4_IRQHandler
                0x08001966        0xe ./Core/Src/stm32u5xx_it.o
                0x08001966                EXTI4_IRQHandler
 .text.sx1262_board_validate_context
                0x08001974       0x30 ./Core/Src/sx1262_board.o
 .text.sx1262_board_wait_while_busy
                0x080019a4       0x4e ./Core/Src/sx1262_board.o
 *fill*         0x080019f2        0x2 
 .text.sx1262_board_context
                0x080019f4       0x14 ./Core/Src/sx1262_board.o
                0x080019f4                sx1262_board_context
 .text.sx1262_board_last_error
                0x08001a08       0x18 ./Core/Src/sx1262_board.o
                0x08001a08                sx1262_board_last_error
 .text.sx1262_board_last_status_byte
                0x08001a20       0x18 ./Core/Src/sx1262_board.o
                0x08001a20                sx1262_board_last_status_byte
 .text.sx1262_board_take_dio1_event
                0x08001a38       0x24 ./Core/Src/sx1262_board.o
                0x08001a38                sx1262_board_take_dio1_event
 .text.sx126x_hal_write
                0x08001a5c       0xf8 ./Core/Src/sx1262_board.o
                0x08001a5c                sx126x_hal_write
 .text.sx126x_hal_read
                0x08001b54       0xfc ./Core/Src/sx1262_board.o
                0x08001b54                sx126x_hal_read
 .text.sx126x_hal_reset
                0x08001c50       0x68 ./Core/Src/sx1262_board.o
                0x08001c50                sx126x_hal_reset
 .text.HAL_GPIO_EXTI_Rising_Callback
                0x08001cb8       0x28 ./Core/Src/sx1262_board.o
                0x08001cb8                HAL_GPIO_EXTI_Rising_Callback
 .text.sx1262_bringup_driver_failure
                0x08001ce0       0x22 ./Core/Src/sx1262_bringup.o
 *fill*         0x08001d02        0x2 
 .text.sx1262_bringup_reason
                0x08001d04       0x5c ./Core/Src/sx1262_bringup.o
 .text.sx1262_bringup_report_failure
                0x08001d60       0x50 ./Core/Src/sx1262_bringup.o
 .text.sx1262_bringup_status_is_valid
                0x08001db0       0x5c ./Core/Src/sx1262_bringup.o
 .text.sx1262_bringup_report_status
                0x08001e0c       0x8c ./Core/Src/sx1262_bringup.o
 .text.sx1262_bringup_run
                0x08001e98      0x10c ./Core/Src/sx1262_bringup.o
                0x08001e98                sx1262_bringup_run
 .text.SystemInit
                0x08001fa4       0x70 ./Core/Src/system_stm32u5xx.o
                0x08001fa4                SystemInit
 .text.MX_USART1_UART_Init
                0x08002014       0x98 ./Core/Src/usart.o
                0x08002014                MX_USART1_UART_Init
 .text.HAL_UART_MspInit
                0x080020ac       0xd0 ./Core/Src/usart.o
                0x080020ac                HAL_UART_MspInit
 .text.Reset_Handler
                0x0800217c       0x50 ./Core/Startup/startup_stm32u585ciux.o
                0x0800217c                Reset_Handler
 .text.Default_Handler
                0x080021cc        0x2 ./Core/Startup/startup_stm32u585ciux.o
                0x080021cc                EXTI2_IRQHandler
                0x080021cc                TIM8_TRG_COM_IRQHandler
                0x080021cc                TIM8_CC_IRQHandler
                0x080021cc                EXTI5_IRQHandler
                0x080021cc                FLASH_S_IRQHandler
                0x080021cc                EXTI13_IRQHandler
                0x080021cc                TIM1_CC_IRQHandler
                0x080021cc                TSC_IRQHandler
                0x080021cc                TAMP_IRQHandler
                0x080021cc                TIM6_IRQHandler
                0x080021cc                EXTI12_IRQHandler
                0x080021cc                CORDIC_IRQHandler
                0x080021cc                EXTI3_IRQHandler
                0x080021cc                LPTIM4_IRQHandler
                0x080021cc                GPDMA1_Channel5_IRQHandler
                0x080021cc                EXTI8_IRQHandler
                0x080021cc                LPTIM2_IRQHandler
                0x080021cc                I2C3_ER_IRQHandler
                0x080021cc                PWR_S3WU_IRQHandler
                0x080021cc                MDF1_FLT2_IRQHandler
                0x080021cc                LPDMA1_Channel3_IRQHandler
                0x080021cc                LPTIM3_IRQHandler
                0x080021cc                EXTI0_IRQHandler
                0x080021cc                I2C2_EV_IRQHandler
                0x080021cc                FPU_IRQHandler
                0x080021cc                GPDMA1_Channel3_IRQHandler
                0x080021cc                GPDMA1_Channel7_IRQHandler
                0x080021cc                MDF1_FLT4_IRQHandler
                0x080021cc                FDCAN1_IT1_IRQHandler
                0x080021cc                RAMCFG_IRQHandler
                0x080021cc                GPDMA1_Channel9_IRQHandler
                0x080021cc                DCACHE1_IRQHandler
                0x080021cc                SPI1_IRQHandler
                0x080021cc                OCTOSPI1_IRQHandler
                0x080021cc                GPDMA1_Channel2_IRQHandler
                0x080021cc                TIM8_UP_IRQHandler
                0x080021cc                RCC_S_IRQHandler
                0x080021cc                OCTOSPI2_IRQHandler
                0x080021cc                SAI2_IRQHandler
                0x080021cc                MDF1_FLT1_IRQHandler
                0x080021cc                ADC1_IRQHandler
                0x080021cc                PKA_IRQHandler
                0x080021cc                MDF1_FLT5_IRQHandler
                0x080021cc                EXTI15_IRQHandler
                0x080021cc                TIM17_IRQHandler
                0x080021cc                USART3_IRQHandler
                0x080021cc                RTC_IRQHandler
                0x080021cc                EXTI9_IRQHandler
                0x080021cc                UART5_IRQHandler
                0x080021cc                TIM4_IRQHandler
                0x080021cc                I2C1_EV_IRQHandler
                0x080021cc                GPDMA1_Channel12_IRQHandler
                0x080021cc                GPDMA1_Channel1_IRQHandler
                0x080021cc                TIM16_IRQHandler
                0x080021cc                GPDMA1_Channel15_IRQHandler
                0x080021cc                UART4_IRQHandler
                0x080021cc                SecureFault_Handler
                0x080021cc                TIM3_IRQHandler
                0x080021cc                RCC_IRQHandler
                0x080021cc                TIM1_TRG_COM_IRQHandler
                0x080021cc                Default_Handler
                0x080021cc                GPDMA1_Channel8_IRQHandler
                0x080021cc                FMAC_IRQHandler
                0x080021cc                OTFDEC1_IRQHandler
                0x080021cc                GPDMA1_Channel11_IRQHandler
                0x080021cc                TIM7_IRQHandler
                0x080021cc                SDMMC1_IRQHandler
                0x080021cc                SAES_IRQHandler
                0x080021cc                TIM5_IRQHandler
                0x080021cc                UCPD1_IRQHandler
                0x080021cc                GPDMA1_Channel0_IRQHandler
                0x080021cc                TIM15_IRQHandler
                0x080021cc                I2C3_EV_IRQHandler
                0x080021cc                LPDMA1_Channel0_IRQHandler
                0x080021cc                PVD_PVM_IRQHandler
                0x080021cc                SPI2_IRQHandler
                0x080021cc                LPDMA1_Channel1_IRQHandler
                0x080021cc                EXTI14_IRQHandler
                0x080021cc                EXTI11_IRQHandler
                0x080021cc                OTFDEC2_IRQHandler
                0x080021cc                CRS_IRQHandler
                0x080021cc                GPDMA1_Channel14_IRQHandler
                0x080021cc                LSECSSD_IRQHandler
                0x080021cc                RTC_S_IRQHandler
                0x080021cc                GPDMA1_Channel13_IRQHandler
                0x080021cc                RNG_IRQHandler
                0x080021cc                COMP_IRQHandler
                0x080021cc                TIM1_UP_IRQHandler
                0x080021cc                ADC4_IRQHandler
                0x080021cc                WWDG_IRQHandler
                0x080021cc                I2C4_EV_IRQHandler
                0x080021cc                ADF1_IRQHandler
                0x080021cc                IWDG_IRQHandler
                0x080021cc                LPUART1_IRQHandler
                0x080021cc                MDF1_FLT0_IRQHandler
                0x080021cc                FDCAN1_IT0_IRQHandler
                0x080021cc                TIM2_IRQHandler
                0x080021cc                GPDMA1_Channel4_IRQHandler
                0x080021cc                EXTI7_IRQHandler
                0x080021cc                DMA2D_IRQHandler
                0x080021cc                TIM1_BRK_IRQHandler
                0x080021cc                EXTI1_IRQHandler
                0x080021cc                SDMMC2_IRQHandler
                0x080021cc                AES_IRQHandler
                0x080021cc                DAC1_IRQHandler
                0x080021cc                GTZC_IRQHandler
                0x080021cc                MDF1_FLT3_IRQHandler
                0x080021cc                USART2_IRQHandler
                0x080021cc                GPDMA1_Channel6_IRQHandler
                0x080021cc                I2C2_ER_IRQHandler
                0x080021cc                TIM8_BRK_IRQHandler
                0x080021cc                FLASH_IRQHandler
                0x080021cc                USART1_IRQHandler
                0x080021cc                EXTI10_IRQHandler
                0x080021cc                OTG_FS_IRQHandler
                0x080021cc                SPI3_IRQHandler
                0x080021cc                LPDMA1_Channel2_IRQHandler
                0x080021cc                I2C1_ER_IRQHandler
                0x080021cc                FMC_IRQHandler
                0x080021cc                EXTI6_IRQHandler
                0x080021cc                LPTIM1_IRQHandler
                0x080021cc                DCMI_PSSI_IRQHandler
                0x080021cc                I2C4_ER_IRQHandler
                0x080021cc                GPDMA1_Channel10_IRQHandler
                0x080021cc                ICACHE_IRQHandler
                0x080021cc                SAI1_IRQHandler
                0x080021cc                HASH_IRQHandler
 *fill*         0x080021ce        0x2 
 .text.HAL_Init
                0x080021d0       0x60 ./Drivers/STM32U5xx_HAL_Driver/Src/stm32u5xx_hal.o
                0x080021d0                HAL_Init
 .text.HAL_InitTick
                0x08002230       0xec ./Drivers/STM32U5xx_HAL_Driver/Src/stm32u5xx_hal.o
                0x08002230                HAL_InitTick
 .text.HAL_IncTick
                0x0800231c       0x28 ./Drivers/STM32U5xx_HAL_Driver/Src/stm32u5xx_hal.o
                0x0800231c                HAL_IncTick
 .text.HAL_GetTick
                0x08002344       0x18 ./Drivers/STM32U5xx_HAL_Driver/Src/stm32u5xx_hal.o
                0x08002344                HAL_GetTick
 .text.HAL_Delay
                0x0800235c       0x48 ./Drivers/STM32U5xx_HAL_Driver/Src/stm32u5xx_hal.o
                0x0800235c                HAL_Delay
 .text.__NVIC_SetPriorityGrouping
                0x080023a4       0x48 ./Drivers/STM32U5xx_HAL_Driver/Src/stm32u5xx_hal_cortex.o
 .text.__NVIC_GetPriorityGrouping
                0x080023ec       0x1c ./Drivers/STM32U5xx_HAL_Driver/Src/stm32u5xx_hal_cortex.o
 .text.__NVIC_EnableIRQ
                0x08002408       0x3c ./Drivers/STM32U5xx_HAL_Driver/Src/stm32u5xx_hal_cortex.o
 .text.__NVIC_SetPriority
                0x08002444       0x54 ./Drivers/STM32U5xx_HAL_Driver/Src/stm32u5xx_hal_cortex.o
 .text.NVIC_EncodePriority
                0x08002498       0x66 ./Drivers/STM32U5xx_HAL_Driver/Src/stm32u5xx_hal_cortex.o
 .text.HAL_NVIC_SetPriorityGrouping
                0x080024fe       0x16 ./Drivers/STM32U5xx_HAL_Driver/Src/stm32u5xx_hal_cortex.o
                0x080024fe                HAL_NVIC_SetPriorityGrouping
 .text.HAL_NVIC_SetPriority
                0x08002514       0x34 ./Drivers/STM32U5xx_HAL_Driver/Src/stm32u5xx_hal_cortex.o
                0x08002514                HAL_NVIC_SetPriority
 .text.HAL_NVIC_EnableIRQ
                0x08002548       0x1c ./Drivers/STM32U5xx_HAL_Driver/Src/stm32u5xx_hal_cortex.o
                0x08002548                HAL_NVIC_EnableIRQ
 .text.HAL_SYSTICK_Config
                0x08002564       0x44 ./Drivers/STM32U5xx_HAL_Driver/Src/stm32u5xx_hal_cortex.o
                0x08002564                HAL_SYSTICK_Config
 .text.HAL_SYSTICK_CLKSourceConfig
                0x080025a8       0xb0 ./Drivers/STM32U5xx_HAL_Driver/Src/stm32u5xx_hal_cortex.o
                0x080025a8                HAL_SYSTICK_CLKSourceConfig
 .text.HAL_SYSTICK_GetCLKSourceConfig
                0x08002658       0x74 ./Drivers/STM32U5xx_HAL_Driver/Src/stm32u5xx_hal_cortex.o
                0x08002658                HAL_SYSTICK_GetCLKSourceConfig
 .text.HAL_GPIO_Init
                0x080026cc      0x3c0 ./Drivers/STM32U5xx_HAL_Driver/Src/stm32u5xx_hal_gpio.o
                0x080026cc                HAL_GPIO_Init
 .text.HAL_GPIO_ReadPin
                0x08002a8c       0x30 ./Drivers/STM32U5xx_HAL_Driver/Src/stm32u5xx_hal_gpio.o
                0x08002a8c                HAL_GPIO_ReadPin
 .text.HAL_GPIO_WritePin
                0x08002abc       0x30 ./Drivers/STM32U5xx_HAL_Driver/Src/stm32u5xx_hal_gpio.o
                0x08002abc                HAL_GPIO_WritePin
 .text.HAL_GPIO_EXTI_IRQHandler
                0x08002aec       0x4c ./Drivers/STM32U5xx_HAL_Driver/Src/stm32u5xx_hal_gpio.o
                0x08002aec                HAL_GPIO_EXTI_IRQHandler
 .text.HAL_GPIO_EXTI_Falling_Callback
                0x08002b38       0x16 ./Drivers/STM32U5xx_HAL_Driver/Src/stm32u5xx_hal_gpio.o
                0x08002b38                HAL_GPIO_EXTI_Falling_Callback
 *fill*         0x08002b4e        0x2 
 .text.HAL_ICACHE_ConfigAssociativityMode
                0x08002b50       0x40 ./Drivers/STM32U5xx_HAL_Driver/Src/stm32u5xx_hal_icache.o
                0x08002b50                HAL_ICACHE_ConfigAssociativityMode
 .text.HAL_ICACHE_Enable
                0x08002b90       0x20 ./Drivers/STM32U5xx_HAL_Driver/Src/stm32u5xx_hal_icache.o
                0x08002b90                HAL_ICACHE_Enable
 .text.HAL_PWREx_ControlVoltageScaling
                0x08002bb0       0xfc ./Drivers/STM32U5xx_HAL_Driver/Src/stm32u5xx_hal_pwr_ex.o
                0x08002bb0                HAL_PWREx_ControlVoltageScaling
 .text.HAL_PWREx_GetVoltageRange
                0x08002cac       0x1c ./Drivers/STM32U5xx_HAL_Driver/Src/stm32u5xx_hal_pwr_ex.o
                0x08002cac                HAL_PWREx_GetVoltageRange
 .text.HAL_RCC_OscConfig
                0x08002cc8      0xdb8 ./Drivers/STM32U5xx_HAL_Driver/Src/stm32u5xx_hal_rcc.o
                0x08002cc8                HAL_RCC_OscConfig
 .text.HAL_RCC_ClockConfig
                0x08003a80      0x3e4 ./Drivers/STM32U5xx_HAL_Driver/Src/stm32u5xx_hal_rcc.o
                0x08003a80                HAL_RCC_ClockConfig
 .text.HAL_RCC_GetSysClockFreq
                0x08003e64      0x204 ./Drivers/STM32U5xx_HAL_Driver/Src/stm32u5xx_hal_rcc.o
                0x08003e64                HAL_RCC_GetSysClockFreq
 .text.HAL_RCC_GetHCLKFreq
                0x08004068       0x34 ./Drivers/STM32U5xx_HAL_Driver/Src/stm32u5xx_hal_rcc.o
                0x08004068                HAL_RCC_GetHCLKFreq
 .text.HAL_RCC_GetPCLK1Freq
                0x0800409c       0x28 ./Drivers/STM32U5xx_HAL_Driver/Src/stm32u5xx_hal_rcc.o
                0x0800409c                HAL_RCC_GetPCLK1Freq
 .text.HAL_RCC_GetPCLK2Freq
                0x080040c4       0x28 ./Drivers/STM32U5xx_HAL_Driver/Src/stm32u5xx_hal_rcc.o
                0x080040c4                HAL_RCC_GetPCLK2Freq
 .text.HAL_RCC_GetPCLK3Freq
                0x080040ec       0x28 ./Drivers/STM32U5xx_HAL_Driver/Src/stm32u5xx_hal_rcc.o
                0x080040ec                HAL_RCC_GetPCLK3Freq
 .text.RCC_SetFlashLatencyFromMSIRange
                0x08004114      0x10c ./Drivers/STM32U5xx_HAL_Driver/Src/stm32u5xx_hal_rcc.o
 .text.HAL_RCCEx_PeriphCLKConfig
                0x08004220      0xb80 ./Drivers/STM32U5xx_HAL_Driver/Src/stm32u5xx_hal_rcc_ex.o
                0x08004220                HAL_RCCEx_PeriphCLKConfig
 .text.HAL_RCCEx_GetPLL1ClockFreq
                0x08004da0      0x2b4 ./Drivers/STM32U5xx_HAL_Driver/Src/stm32u5xx_hal_rcc_ex.o
                0x08004da0                HAL_RCCEx_GetPLL1ClockFreq
 .text.HAL_RCCEx_GetPLL2ClockFreq
                0x08005054      0x2b4 ./Drivers/STM32U5xx_HAL_Driver/Src/stm32u5xx_hal_rcc_ex.o
                0x08005054                HAL_RCCEx_GetPLL2ClockFreq
 .text.HAL_RCCEx_GetPLL3ClockFreq
                0x08005308      0x2b4 ./Drivers/STM32U5xx_HAL_Driver/Src/stm32u5xx_hal_rcc_ex.o
                0x08005308                HAL_RCCEx_GetPLL3ClockFreq
 .text.HAL_RCCEx_GetPeriphCLKFreq
                0x080055bc     0x13c4 ./Drivers/STM32U5xx_HAL_Driver/Src/stm32u5xx_hal_rcc_ex.o
                0x080055bc                HAL_RCCEx_GetPeriphCLKFreq
 .text.RCCEx_PLL2_Config
                0x08006980      0x130 ./Drivers/STM32U5xx_HAL_Driver/Src/stm32u5xx_hal_rcc_ex.o
 .text.RCCEx_PLL3_Config
                0x08006ab0      0x130 ./Drivers/STM32U5xx_HAL_Driver/Src/stm32u5xx_hal_rcc_ex.o
 .text.HAL_SPI_Init
                0x08006be0      0x22c ./Drivers/STM32U5xx_HAL_Driver/Src/stm32u5xx_hal_spi.o
                0x08006be0                HAL_SPI_Init
 .text.HAL_SPI_Transmit
                0x08006e0c      0x428 ./Drivers/STM32U5xx_HAL_Driver/Src/stm32u5xx_hal_spi.o
                0x08006e0c                HAL_SPI_Transmit
 .text.HAL_SPI_Receive
                0x08007234      0x5c4 ./Drivers/STM32U5xx_HAL_Driver/Src/stm32u5xx_hal_spi.o
                0x08007234                HAL_SPI_Receive
 .text.SPI_CloseTransfer
                0x080077f8      0x140 ./Drivers/STM32U5xx_HAL_Driver/Src/stm32u5xx_hal_spi.o
 .text.SPI_WaitOnFlagUntilTimeout
                0x08007938       0x5c ./Drivers/STM32U5xx_HAL_Driver/Src/stm32u5xx_hal_spi.o
 .text.SPI_GetPacketSize
                0x08007994       0x36 ./Drivers/STM32U5xx_HAL_Driver/Src/stm32u5xx_hal_spi.o
 .text.HAL_SPIEx_SetConfigAutonomousMode
                0x080079ca       0x82 ./Drivers/STM32U5xx_HAL_Driver/Src/stm32u5xx_hal_spi_ex.o
                0x080079ca                HAL_SPIEx_SetConfigAutonomousMode
 .text.HAL_UART_Init
                0x08007a4c       0xa0 ./Drivers/STM32U5xx_HAL_Driver/Src/stm32u5xx_hal_uart.o
                0x08007a4c                HAL_UART_Init
 .text.HAL_UART_Transmit
                0x08007aec      0x150 ./Drivers/STM32U5xx_HAL_Driver/Src/stm32u5xx_hal_uart.o
                0x08007aec                HAL_UART_Transmit
 .text.UART_SetConfig
                0x08007c3c      0x344 ./Drivers/STM32U5xx_HAL_Driver/Src/stm32u5xx_hal_uart.o
                0x08007c3c                UART_SetConfig
 .text.UART_AdvFeatureConfig
                0x08007f80      0x144 ./Drivers/STM32U5xx_HAL_Driver/Src/stm32u5xx_hal_uart.o
                0x08007f80                UART_AdvFeatureConfig
 .text.UART_CheckIdleState
                0x080080c4      0x154 ./Drivers/STM32U5xx_HAL_Driver/Src/stm32u5xx_hal_uart.o
                0x080080c4                UART_CheckIdleState
 .text.UART_WaitOnFlagUntilTimeout
                0x08008218       0xda ./Drivers/STM32U5xx_HAL_Driver/Src/stm32u5xx_hal_uart.o
                0x08008218                UART_WaitOnFlagUntilTimeout
 .text.UART_EndRxTransfer
                0x080082f2       0xcc ./Drivers/STM32U5xx_HAL_Driver/Src/stm32u5xx_hal_uart.o
 .text.HAL_UARTEx_DisableFifoMode
                0x080083be       0x72 ./Drivers/STM32U5xx_HAL_Driver/Src/stm32u5xx_hal_uart_ex.o
                0x080083be                HAL_UARTEx_DisableFifoMode
 .text.HAL_UARTEx_SetTxFifoThreshold
                0x08008430       0x7c ./Drivers/STM32U5xx_HAL_Driver/Src/stm32u5xx_hal_uart_ex.o
                0x08008430                HAL_UARTEx_SetTxFifoThreshold
 .text.HAL_UARTEx_SetRxFifoThreshold
                0x080084ac       0x7c ./Drivers/STM32U5xx_HAL_Driver/Src/stm32u5xx_hal_uart_ex.o
                0x080084ac                HAL_UARTEx_SetRxFifoThreshold
 .text.UARTEx_SetNbDataToProcess
                0x08008528       0x9c ./Drivers/STM32U5xx_HAL_Driver/Src/stm32u5xx_hal_uart_ex.o
 .text.sx126x_set_standby
                0x080085c4       0x30 ./Drivers/SX126x/Src/sx126x.o
                0x080085c4                sx126x_set_standby
 .text.sx126x_set_tx
                0x080085f4       0x30 ./Drivers/SX126x/Src/sx126x.o
                0x080085f4                sx126x_set_tx
 .text.sx126x_set_tx_with_timeout_in_rtc_step
                0x08008624       0x40 ./Drivers/SX126x/Src/sx126x.o
                0x08008624                sx126x_set_tx_with_timeout_in_rtc_step
 .text.sx126x_set_rx
                0x08008664       0x30 ./Drivers/SX126x/Src/sx126x.o
                0x08008664                sx126x_set_rx
 .text.sx126x_set_rx_with_timeout_in_rtc_step
                0x08008694       0x40 ./Drivers/SX126x/Src/sx126x.o
                0x08008694                sx126x_set_rx_with_timeout_in_rtc_step
 .text.sx126x_set_reg_mode
                0x080086d4       0x30 ./Drivers/SX126x/Src/sx126x.o
                0x080086d4                sx126x_set_reg_mode
 .text.sx126x_cal_img
                0x08008704       0x38 ./Drivers/SX126x/Src/sx126x.o
                0x08008704                sx126x_cal_img
 .text.sx126x_set_pa_cfg
                0x0800873c       0x42 ./Drivers/SX126x/Src/sx126x.o
                0x0800873c                sx126x_set_pa_cfg
 .text.sx126x_write_register
                0x0800877e       0x46 ./Drivers/SX126x/Src/sx126x.o
                0x0800877e                sx126x_write_register
 .text.sx126x_read_register
                0x080087c4       0x4a ./Drivers/SX126x/Src/sx126x.o
                0x080087c4                sx126x_read_register
 .text.sx126x_write_buffer
                0x0800880e       0x3a ./Drivers/SX126x/Src/sx126x.o
                0x0800880e                sx126x_write_buffer
 .text.sx126x_read_buffer
                0x08008848       0x3e ./Drivers/SX126x/Src/sx126x.o
                0x08008848                sx126x_read_buffer
 .text.sx126x_set_dio_irq_params
                0x08008886       0x7a ./Drivers/SX126x/Src/sx126x.o
                0x08008886                sx126x_set_dio_irq_params
 .text.sx126x_get_irq_status
                0x08008900       0x4a ./Drivers/SX126x/Src/sx126x.o
                0x08008900                sx126x_get_irq_status
 .text.sx126x_clear_irq_status
                0x0800894a       0x3c ./Drivers/SX126x/Src/sx126x.o
                0x0800894a                sx126x_clear_irq_status
 .text.sx126x_set_dio2_as_rf_sw_ctrl
                0x08008986       0x30 ./Drivers/SX126x/Src/sx126x.o
                0x08008986                sx126x_set_dio2_as_rf_sw_ctrl
 .text.sx126x_set_dio3_as_tcxo_ctrl
                0x080089b6       0x48 ./Drivers/SX126x/Src/sx126x.o
                0x080089b6                sx126x_set_dio3_as_tcxo_ctrl
 .text.sx126x_set_rf_freq
                0x080089fe       0x24 ./Drivers/SX126x/Src/sx126x.o
                0x080089fe                sx126x_set_rf_freq
 .text.sx126x_set_rf_freq_in_pll_steps
                0x08008a22       0x48 ./Drivers/SX126x/Src/sx126x.o
                0x08008a22                sx126x_set_rf_freq_in_pll_steps
 .text.sx126x_set_pkt_type
                0x08008a6a       0x30 ./Drivers/SX126x/Src/sx126x.o
                0x08008a6a                sx126x_set_pkt_type
 .text.sx126x_set_tx_params
                0x08008a9a       0x38 ./Drivers/SX126x/Src/sx126x.o
                0x08008a9a                sx126x_set_tx_params
 .text.sx126x_set_lora_mod_params
                0x08008ad2       0x64 ./Drivers/SX126x/Src/sx126x.o
                0x08008ad2                sx126x_set_lora_mod_params
 .text.sx126x_set_lora_pkt_params
                0x08008b36       0xc4 ./Drivers/SX126x/Src/sx126x.o
                0x08008b36                sx126x_set_lora_pkt_params
 .text.sx126x_set_buffer_base_address
                0x08008bfa       0x38 ./Drivers/SX126x/Src/sx126x.o
                0x08008bfa                sx126x_set_buffer_base_address
 .text.sx126x_get_status
                0x08008c32       0x56 ./Drivers/SX126x/Src/sx126x.o
                0x08008c32                sx126x_get_status
 .text.sx126x_get_rx_buffer_status
                0x08008c88       0x46 ./Drivers/SX126x/Src/sx126x.o
                0x08008c88                sx126x_get_rx_buffer_status
 .text.sx126x_get_lora_pkt_status
                0x08008cce       0x6a ./Drivers/SX126x/Src/sx126x.o
                0x08008cce                sx126x_get_lora_pkt_status
 .text.sx126x_reset
                0x08008d38       0x18 ./Drivers/SX126x/Src/sx126x.o
                0x08008d38                sx126x_reset
 .text.sx126x_convert_freq_in_hz_to_pll_step
                0x08008d50       0x4c ./Drivers/SX126x/Src/sx126x.o
                0x08008d50                sx126x_convert_freq_in_hz_to_pll_step
 .text.sx126x_convert_timeout_in_ms_to_rtc_step
                0x08008d9c       0x18 ./Drivers/SX126x/Src/sx126x.o
                0x08008d9c                sx126x_convert_timeout_in_ms_to_rtc_step
 .text.sx126x_set_lora_sync_word
                0x08008db4       0x78 ./Drivers/SX126x/Src/sx126x.o
                0x08008db4                sx126x_set_lora_sync_word
 .text.sx126x_tx_modulation_workaround
                0x08008e2c       0x7a ./Drivers/SX126x/Src/sx126x.o
 .text.memcmp   0x08008ea6       0x20 C:/ST/STM32CubeIDE_2.2.0/STM32CubeIDE/plugins/com.st.stm32cube.ide.mcu.externaltools.gnu-tools-for-stm32.14.3.rel1.win32_1.0.100.202602081740/tools/bin/../lib/gcc/arm-none-eabi/14.3.1/../../../../arm-none-eabi/lib/thumb/v8-m.main+fp/hard\libc_nano.a(libc_a-memcmp.o)
                0x08008ea6                memcmp
 .text.memset   0x08008ec6       0x10 C:/ST/STM32CubeIDE_2.2.0/STM32CubeIDE/plugins/com.st.stm32cube.ide.mcu.externaltools.gnu-tools-for-stm32.14.3.rel1.win32_1.0.100.202602081740/tools/bin/../lib/gcc/arm-none-eabi/14.3.1/../../../../arm-none-eabi/lib/thumb/v8-m.main+fp/hard\libc_nano.a(libc_a-memset.o)
                0x08008ec6                memset
 *fill*         0x08008ed6        0x2 
 .text.__libc_init_array
                0x08008ed8       0x48 C:/ST/STM32CubeIDE_2.2.0/STM32CubeIDE/plugins/com.st.stm32cube.ide.mcu.externaltools.gnu-tools-for-stm32.14.3.rel1.win32_1.0.100.202602081740/tools/bin/../lib/gcc/arm-none-eabi/14.3.1/../../../../arm-none-eabi/lib/thumb/v8-m.main+fp/hard\libc_nano.a(libc_a-init.o)
                0x08008ed8                __libc_init_array
 .text.memcpy   0x08008f20       0x1a C:/ST/STM32CubeIDE_2.2.0/STM32CubeIDE/plugins/com.st.stm32cube.ide.mcu.externaltools.gnu-tools-for-stm32.14.3.rel1.win32_1.0.100.202602081740/tools/bin/../lib/gcc/arm-none-eabi/14.3.1/../../../../arm-none-eabi/lib/thumb/v8-m.main+fp/hard\libc_nano.a(libc_a-memcpy-stub.o)
                0x08008f20                memcpy
 *(.glue_7)
 .glue_7        0x08008f3a        0x0 linker stubs
 *(.glue_7t)
 .glue_7t       0x08008f3a        0x0 linker stubs
 *(.eh_frame)
 *fill*         0x08008f3a        0x2 
 .eh_frame      0x08008f3c        0x0 C:/ST/STM32CubeIDE_2.2.0/STM32CubeIDE/plugins/com.st.stm32cube.ide.mcu.externaltools.gnu-tools-for-stm32.14.3.rel1.win32_1.0.100.202602081740/tools/bin/../lib/gcc/arm-none-eabi/14.3.1/thumb/v8-m.main+fp/hard/crtbegin.o
 *(.init)
 .init          0x08008f3c        0x4 C:/ST/STM32CubeIDE_2.2.0/STM32CubeIDE/plugins/com.st.stm32cube.ide.mcu.externaltools.gnu-tools-for-stm32.14.3.rel1.win32_1.0.100.202602081740/tools/bin/../lib/gcc/arm-none-eabi/14.3.1/thumb/v8-m.main+fp/hard/crti.o
                0x08008f3c                _init
 .init          0x08008f40        0x8 C:/ST/STM32CubeIDE_2.2.0/STM32CubeIDE/plugins/com.st.stm32cube.ide.mcu.externaltools.gnu-tools-for-stm32.14.3.rel1.win32_1.0.100.202602081740/tools/bin/../lib/gcc/arm-none-eabi/14.3.1/thumb/v8-m.main+fp/hard/crtn.o
 *(.fini)
 .fini          0x08008f48        0x4 C:/ST/STM32CubeIDE_2.2.0/STM32CubeIDE/plugins/com.st.stm32cube.ide.mcu.externaltools.gnu-tools-for-stm32.14.3.rel1.win32_1.0.100.202602081740/tools/bin/../lib/gcc/arm-none-eabi/14.3.1/thumb/v8-m.main+fp/hard/crti.o
                0x08008f48                _fini
 .fini          0x08008f4c        0x8 C:/ST/STM32CubeIDE_2.2.0/STM32CubeIDE/plugins/com.st.stm32cube.ide.mcu.externaltools.gnu-tools-for-stm32.14.3.rel1.win32_1.0.100.202602081740/tools/bin/../lib/gcc/arm-none-eabi/14.3.1/thumb/v8-m.main+fp/hard/crtn.o
                0x08008f54                        _etext = .

.vfp11_veneer   0x08008f54        0x0
 .vfp11_veneer  0x08008f54        0x0 linker stubs

.v4_bx          0x08008f54        0x0
 .v4_bx         0x08008f54        0x0 linker stubs

.iplt           0x08008f54        0x0
 .iplt          0x08008f54        0x0 C:/ST/STM32CubeIDE_2.2.0/STM32CubeIDE/plugins/com.st.stm32cube.ide.mcu.externaltools.gnu-tools-for-stm32.14.3.rel1.win32_1.0.100.202602081740/tools/bin/../lib/gcc/arm-none-eabi/14.3.1/thumb/v8-m.main+fp/hard/crtbegin.o

.rodata         0x08008f54      0x41c
 *(.rodata)
 .rodata        0x08008f54       0x11 ./Core/Src/lora_protocol.o
 *fill*         0x08008f65        0x3 
 .rodata        0x08008f68        0x8 ./Core/Src/lora_radio.o
 .rodata        0x08008f70      0x1fa ./Core/Src/node_app.o
 *fill*         0x0800916a        0x2 
 .rodata        0x0800916c       0xea ./Core/Src/sx1262_bringup.o
 *(.rodata*)
 *fill*         0x08009256        0x2 
 .rodata.line_ending.1
                0x08009258        0x2 ./Core/Src/app_uart.o
 *fill*         0x0800925a        0x2 
 .rodata.hex_digits.0
                0x0800925c       0x11 ./Core/Src/app_uart.o
 *fill*         0x0800926d        0x3 
 .rodata.AHBPrescTable
                0x08009270       0x10 ./Core/Src/system_stm32u5xx.o
                0x08009270                AHBPrescTable
 .rodata.APBPrescTable
                0x08009280        0x8 ./Core/Src/system_stm32u5xx.o
                0x08009280                APBPrescTable
 .rodata.MSIRangeTable
                0x08009288       0x40 ./Core/Src/system_stm32u5xx.o
                0x08009288                MSIRangeTable
 .rodata.LPGPIO_Map
                0x080092c8       0x80 ./Drivers/STM32U5xx_HAL_Driver/Src/stm32u5xx_hal_gpio.o
 .rodata.UARTPrescTable
                0x08009348       0x18 ./Drivers/STM32U5xx_HAL_Driver/Src/stm32u5xx_hal_uart.o
                0x08009348                UARTPrescTable
 .rodata.numerator.1
                0x08009360        0x8 ./Drivers/STM32U5xx_HAL_Driver/Src/stm32u5xx_hal_uart_ex.o
 .rodata.denominator.0
                0x08009368        0x8 ./Drivers/STM32U5xx_HAL_Driver/Src/stm32u5xx_hal_uart_ex.o

.ARM.extab
 *(.ARM.extab* .gnu.linkonce.armextab.*)

.ARM            0x08009370        0x8
                0x08009370                        __exidx_start = .
 *(.ARM.exidx*)
 .ARM.exidx     0x08009370        0x8 C:/ST/STM32CubeIDE_2.2.0/STM32CubeIDE/plugins/com.st.stm32cube.ide.mcu.externaltools.gnu-tools-for-stm32.14.3.rel1.win32_1.0.100.202602081740/tools/bin/../lib/gcc/arm-none-eabi/14.3.1/thumb/v8-m.main+fp/hard\libgcc.a(_udivmoddi4.o)
                0x08009378                        __exidx_end = .

.preinit_array  0x08009378        0x0
                0x08009378                        PROVIDE (__preinit_array_start = .)
 *(.preinit_array*)
                0x08009378                        PROVIDE (__preinit_array_end = .)

.init_array     0x08009378        0x4
                0x08009378                        PROVIDE (__init_array_start = .)
 *(SORT_BY_NAME(.init_array.*))
 *(.init_array*)
 .init_array    0x08009378        0x4 C:/ST/STM32CubeIDE_2.2.0/STM32CubeIDE/plugins/com.st.stm32cube.ide.mcu.externaltools.gnu-tools-for-stm32.14.3.rel1.win32_1.0.100.202602081740/tools/bin/../lib/gcc/arm-none-eabi/14.3.1/thumb/v8-m.main+fp/hard/crtbegin.o
                0x0800937c                        PROVIDE (__init_array_end = .)

.fini_array     0x0800937c        0x4
                [!provide]                        PROVIDE (__fini_array_start = .)
 *(SORT_BY_NAME(.fini_array.*))
 *(.fini_array*)
 .fini_array    0x0800937c        0x4 C:/ST/STM32CubeIDE_2.2.0/STM32CubeIDE/plugins/com.st.stm32cube.ide.mcu.externaltools.gnu-tools-for-stm32.14.3.rel1.win32_1.0.100.202602081740/tools/bin/../lib/gcc/arm-none-eabi/14.3.1/thumb/v8-m.main+fp/hard/crtbegin.o
                [!provide]                        PROVIDE (__fini_array_end = .)
                0x08009380                        _sidata = LOADADDR (.data)

.rel.dyn        0x08009380        0x0
 .rel.iplt      0x08009380        0x0 C:/ST/STM32CubeIDE_2.2.0/STM32CubeIDE/plugins/com.st.stm32cube.ide.mcu.externaltools.gnu-tools-for-stm32.14.3.rel1.win32_1.0.100.202602081740/tools/bin/../lib/gcc/arm-none-eabi/14.3.1/thumb/v8-m.main+fp/hard/crtbegin.o

.data           0x20000000       0x3d load address 0x08009380
                0x20000000                        _sdata = .
 *(.data)
 *(.data*)
 .data.packet_params
                0x20000000        0x6 ./Core/Src/lora_radio.o
 *fill*         0x20000006        0x2 
 .data.sequence
                0x20000008        0x4 ./Core/Src/node_app.o
 .data.board_context
                0x2000000c       0x28 ./Core/Src/sx1262_board.o
 .data.SystemCoreClock
                0x20000034        0x4 ./Core/Src/system_stm32u5xx.o
                0x20000034                SystemCoreClock
 .data.uwTickPrio
                0x20000038        0x4 ./Drivers/STM32U5xx_HAL_Driver/Src/stm32u5xx_hal.o
                0x20000038                uwTickPrio
 .data.uwTickFreq
                0x2000003c        0x1 ./Drivers/STM32U5xx_HAL_Driver/Src/stm32u5xx_hal.o
                0x2000003c                uwTickFreq
 *(.RamFunc)
 *(.RamFunc*)
                0x2000003d                        _edata = .

.igot.plt       0x20000040        0x0 load address 0x080093bd
 .igot.plt      0x20000040        0x0 C:/ST/STM32CubeIDE_2.2.0/STM32CubeIDE/plugins/com.st.stm32cube.ide.mcu.externaltools.gnu-tools-for-stm32.14.3.rel1.win32_1.0.100.202602081740/tools/bin/../lib/gcc/arm-none-eabi/14.3.1/thumb/v8-m.main+fp/hard/crtbegin.o

.bss            0x20000040      0x198 load address 0x080093bd
                0x20000040                        _sbss = .
                0x20000040                        __bss_start__ = _sbss
 *(.bss)
 .bss           0x20000040       0x1c C:/ST/STM32CubeIDE_2.2.0/STM32CubeIDE/plugins/com.st.stm32cube.ide.mcu.externaltools.gnu-tools-for-stm32.14.3.rel1.win32_1.0.100.202602081740/tools/bin/../lib/gcc/arm-none-eabi/14.3.1/thumb/v8-m.main+fp/hard/crtbegin.o
 *(.bss*)
 .bss.state     0x2000005c        0x1 ./Core/Src/node_app.o
 *fill*         0x2000005d        0x3 
 .bss.deadline_ms
                0x20000060        0x4 ./Core/Src/node_app.o
 .bss.attempt   0x20000064        0x1 ./Core/Src/node_app.o
 *fill*         0x20000065        0x3 
 .bss.tx_payload
                0x20000068       0x40 ./Core/Src/node_app.o
 .bss.tx_length
                0x200000a8        0x1 ./Core/Src/node_app.o
 *fill*         0x200000a9        0x3 
 .bss.hspi1     0x200000ac       0x90 ./Core/Src/spi.o
                0x200000ac                hspi1
 .bss.dio1_event_pending
                0x2000013c        0x1 ./Core/Src/sx1262_board.o
 *fill*         0x2000013d        0x3 
 .bss.huart1    0x20000140       0x94 ./Core/Src/usart.o
                0x20000140                huart1
 .bss.uwTick    0x200001d4        0x4 ./Drivers/STM32U5xx_HAL_Driver/Src/stm32u5xx_hal.o
                0x200001d4                uwTick
 *(COMMON)
                0x200001d8                        _ebss = .
                0x200001d8                        __bss_end__ = _ebss

._user_heap_stack
                0x200001d8      0x600 load address 0x080093bd
                0x200001d8                        . = ALIGN (0x8)
                [!provide]                        PROVIDE (end = .)
                0x200001d8                        PROVIDE (_end = .)
                0x200003d8                        . = (. + _Min_Heap_Size)
 *fill*         0x200001d8      0x200 
                0x200007d8                        . = (. + _Min_Stack_Size)
 *fill*         0x200003d8      0x400 
                0x200007d8                        . = ALIGN (0x8)

/DISCARD/
 libc.a(*)
 libm.a(*)
 libgcc.a(*)

.ARM.attributes
                0x00000000       0x36
 *(.ARM.attributes)
 .ARM.attributes
                0x00000000       0x26 C:/ST/STM32CubeIDE_2.2.0/STM32CubeIDE/plugins/com.st.stm32cube.ide.mcu.externaltools.gnu-tools-for-stm32.14.3.rel1.win32_1.0.100.202602081740/tools/bin/../lib/gcc/arm-none-eabi/14.3.1/thumb/v8-m.main+fp/hard/crti.o
 .ARM.attributes
                0x00000026       0x38 C:/ST/STM32CubeIDE_2.2.0/STM32CubeIDE/plugins/com.st.stm32cube.ide.mcu.externaltools.gnu-tools-for-stm32.14.3.rel1.win32_1.0.100.202602081740/tools/bin/../lib/gcc/arm-none-eabi/14.3.1/thumb/v8-m.main+fp/hard/crtbegin.o
 .ARM.attributes
                0x0000005e       0x3a ./Core/Src/app_uart.o
 .ARM.attributes
                0x00000098       0x3a ./Core/Src/gpio.o
 .ARM.attributes
                0x000000d2       0x3a ./Core/Src/icache.o
 .ARM.attributes
                0x0000010c       0x3a ./Core/Src/lora_protocol.o
 .ARM.attributes
                0x00000146       0x3a ./Core/Src/lora_radio.o
 .ARM.attributes
                0x00000180       0x3a ./Core/Src/main.o
 .ARM.attributes
                0x000001ba       0x3a ./Core/Src/node_app.o
 .ARM.attributes
                0x000001f4       0x3a ./Core/Src/spi.o
 .ARM.attributes
                0x0000022e       0x3a ./Core/Src/stm32u5xx_hal_msp.o
 .ARM.attributes
                0x00000268       0x3a ./Core/Src/stm32u5xx_it.o
 .ARM.attributes
                0x000002a2       0x3a ./Core/Src/sx1262_board.o
 .ARM.attributes
                0x000002dc       0x3a ./Core/Src/sx1262_bringup.o
 .ARM.attributes
                0x00000316       0x3a ./Core/Src/system_stm32u5xx.o
 .ARM.attributes
                0x00000350       0x3a ./Core/Src/usart.o
 .ARM.attributes
                0x0000038a       0x24 ./Core/Startup/startup_stm32u585ciux.o
 .ARM.attributes
                0x000003ae       0x3a ./Drivers/STM32U5xx_HAL_Driver/Src/stm32u5xx_hal.o
 .ARM.attributes
                0x000003e8       0x3a ./Drivers/STM32U5xx_HAL_Driver/Src/stm32u5xx_hal_cortex.o
 .ARM.attributes
                0x00000422       0x3a ./Drivers/STM32U5xx_HAL_Driver/Src/stm32u5xx_hal_gpio.o
 .ARM.attributes
                0x0000045c       0x3a ./Drivers/STM32U5xx_HAL_Driver/Src/stm32u5xx_hal_icache.o
 .ARM.attributes
                0x00000496       0x3a ./Drivers/STM32U5xx_HAL_Driver/Src/stm32u5xx_hal_pwr_ex.o
 .ARM.attributes
                0x000004d0       0x3a ./Drivers/STM32U5xx_HAL_Driver/Src/stm32u5xx_hal_rcc.o
 .ARM.attributes
                0x0000050a       0x3a ./Drivers/STM32U5xx_HAL_Driver/Src/stm32u5xx_hal_rcc_ex.o
 .ARM.attributes
                0x00000544       0x3a ./Drivers/STM32U5xx_HAL_Driver/Src/stm32u5xx_hal_spi.o
 .ARM.attributes
                0x0000057e       0x3a ./Drivers/STM32U5xx_HAL_Driver/Src/stm32u5xx_hal_spi_ex.o
 .ARM.attributes
                0x000005b8       0x3a ./Drivers/STM32U5xx_HAL_Driver/Src/stm32u5xx_hal_uart.o
 .ARM.attributes
                0x000005f2       0x3a ./Drivers/STM32U5xx_HAL_Driver/Src/stm32u5xx_hal_uart_ex.o
 .ARM.attributes
                0x0000062c       0x3a ./Drivers/SX126x/Src/sx126x.o
 .ARM.attributes
                0x00000666       0x38 C:/ST/STM32CubeIDE_2.2.0/STM32CubeIDE/plugins/com.st.stm32cube.ide.mcu.externaltools.gnu-tools-for-stm32.14.3.rel1.win32_1.0.100.202602081740/tools/bin/../lib/gcc/arm-none-eabi/14.3.1/../../../../arm-none-eabi/lib/thumb/v8-m.main+fp/hard\libc_nano.a(libc_a-memcmp.o)
 .ARM.attributes
                0x0000069e       0x38 C:/ST/STM32CubeIDE_2.2.0/STM32CubeIDE/plugins/com.st.stm32cube.ide.mcu.externaltools.gnu-tools-for-stm32.14.3.rel1.win32_1.0.100.202602081740/tools/bin/../lib/gcc/arm-none-eabi/14.3.1/../../../../arm-none-eabi/lib/thumb/v8-m.main+fp/hard\libc_nano.a(libc_a-memset.o)
 .ARM.attributes
                0x000006d6       0x38 C:/ST/STM32CubeIDE_2.2.0/STM32CubeIDE/plugins/com.st.stm32cube.ide.mcu.externaltools.gnu-tools-for-stm32.14.3.rel1.win32_1.0.100.202602081740/tools/bin/../lib/gcc/arm-none-eabi/14.3.1/../../../../arm-none-eabi/lib/thumb/v8-m.main+fp/hard\libc_nano.a(libc_a-init.o)
 .ARM.attributes
                0x0000070e       0x38 C:/ST/STM32CubeIDE_2.2.0/STM32CubeIDE/plugins/com.st.stm32cube.ide.mcu.externaltools.gnu-tools-for-stm32.14.3.rel1.win32_1.0.100.202602081740/tools/bin/../lib/gcc/arm-none-eabi/14.3.1/../../../../arm-none-eabi/lib/thumb/v8-m.main+fp/hard\libc_nano.a(libc_a-memcpy-stub.o)
 .ARM.attributes
                0x00000746       0x26 C:/ST/STM32CubeIDE_2.2.0/STM32CubeIDE/plugins/com.st.stm32cube.ide.mcu.externaltools.gnu-tools-for-stm32.14.3.rel1.win32_1.0.100.202602081740/tools/bin/../lib/gcc/arm-none-eabi/14.3.1/thumb/v8-m.main+fp/hard\libgcc.a(_aeabi_uldivmod.o)
 .ARM.attributes
                0x0000076c       0x38 C:/ST/STM32CubeIDE_2.2.0/STM32CubeIDE/plugins/com.st.stm32cube.ide.mcu.externaltools.gnu-tools-for-stm32.14.3.rel1.win32_1.0.100.202602081740/tools/bin/../lib/gcc/arm-none-eabi/14.3.1/thumb/v8-m.main+fp/hard\libgcc.a(_udivmoddi4.o)
 .ARM.attributes
                0x000007a4       0x26 C:/ST/STM32CubeIDE_2.2.0/STM32CubeIDE/plugins/com.st.stm32cube.ide.mcu.externaltools.gnu-tools-for-stm32.14.3.rel1.win32_1.0.100.202602081740/tools/bin/../lib/gcc/arm-none-eabi/14.3.1/thumb/v8-m.main+fp/hard\libgcc.a(_dvmd_tls.o)
 .ARM.attributes
                0x000007ca       0x26 C:/ST/STM32CubeIDE_2.2.0/STM32CubeIDE/plugins/com.st.stm32cube.ide.mcu.externaltools.gnu-tools-for-stm32.14.3.rel1.win32_1.0.100.202602081740/tools/bin/../lib/gcc/arm-none-eabi/14.3.1/thumb/v8-m.main+fp/hard/crtn.o
OUTPUT(Nodes.elf elf32-littlearm)
LOAD linker stubs
LOAD C:/ST/STM32CubeIDE_2.2.0/STM32CubeIDE/plugins/com.st.stm32cube.ide.mcu.externaltools.gnu-tools-for-stm32.14.3.rel1.win32_1.0.100.202602081740/tools/bin/../lib/gcc/arm-none-eabi/14.3.1/../../../../arm-none-eabi/lib/thumb/v8-m.main+fp/hard\libc.a
LOAD C:/ST/STM32CubeIDE_2.2.0/STM32CubeIDE/plugins/com.st.stm32cube.ide.mcu.externaltools.gnu-tools-for-stm32.14.3.rel1.win32_1.0.100.202602081740/tools/bin/../lib/gcc/arm-none-eabi/14.3.1/../../../../arm-none-eabi/lib/thumb/v8-m.main+fp/hard\libm.a
LOAD C:/ST/STM32CubeIDE_2.2.0/STM32CubeIDE/plugins/com.st.stm32cube.ide.mcu.externaltools.gnu-tools-for-stm32.14.3.rel1.win32_1.0.100.202602081740/tools/bin/../lib/gcc/arm-none-eabi/14.3.1/thumb/v8-m.main+fp/hard\libgcc.a

.debug_info     0x00000000    0x17ecc
 .debug_info    0x00000000      0xb5f ./Core/Src/app_uart.o
 .debug_info    0x00000b5f      0x98d ./Core/Src/gpio.o
 .debug_info    0x000014ec      0x114 ./Core/Src/icache.o
 .debug_info    0x00001600      0x412 ./Core/Src/lora_protocol.o
 .debug_info    0x00001a12      0xca4 ./Core/Src/lora_radio.o
 .debug_info    0x000026b6      0x388 ./Core/Src/main.o
 .debug_info    0x00002a3e      0x5d1 ./Core/Src/node_app.o
 .debug_info    0x0000300f     0x125c ./Core/Src/spi.o
 .debug_info    0x0000426b      0x40c ./Core/Src/stm32u5xx_hal_msp.o
 .debug_info    0x00004677      0x161 ./Core/Src/stm32u5xx_it.o
 .debug_info    0x000047d8      0xdfb ./Core/Src/sx1262_board.o
 .debug_info    0x000055d3      0x420 ./Core/Src/sx1262_bringup.o
 .debug_info    0x000059f3      0x929 ./Core/Src/system_stm32u5xx.o
 .debug_info    0x0000631c     0x120d ./Core/Src/usart.o
 .debug_info    0x00007529       0x30 ./Core/Startup/startup_stm32u585ciux.o
 .debug_info    0x00007559     0x120a ./Drivers/STM32U5xx_HAL_Driver/Src/stm32u5xx_hal.o
 .debug_info    0x00008763     0x1657 ./Drivers/STM32U5xx_HAL_Driver/Src/stm32u5xx_hal_cortex.o
 .debug_info    0x00009dba      0x859 ./Drivers/STM32U5xx_HAL_Driver/Src/stm32u5xx_hal_gpio.o
 .debug_info    0x0000a613      0x4d6 ./Drivers/STM32U5xx_HAL_Driver/Src/stm32u5xx_hal_icache.o
 .debug_info    0x0000aae9      0xe3e ./Drivers/STM32U5xx_HAL_Driver/Src/stm32u5xx_hal_pwr_ex.o
 .debug_info    0x0000b927     0x11f0 ./Drivers/STM32U5xx_HAL_Driver/Src/stm32u5xx_hal_rcc.o
 .debug_info    0x0000cb17     0x158b ./Drivers/STM32U5xx_HAL_Driver/Src/stm32u5xx_hal_rcc_ex.o
 .debug_info    0x0000e0a2     0x15c7 ./Drivers/STM32U5xx_HAL_Driver/Src/stm32u5xx_hal_spi.o
 .debug_info    0x0000f669      0xa97 ./Drivers/STM32U5xx_HAL_Driver/Src/stm32u5xx_hal_spi_ex.o
 .debug_info    0x00010100     0x405f ./Drivers/STM32U5xx_HAL_Driver/Src/stm32u5xx_hal_uart.o
 .debug_info    0x0001415f     0x11ef ./Drivers/STM32U5xx_HAL_Driver/Src/stm32u5xx_hal_uart_ex.o
 .debug_info    0x0001534e     0x2b7e ./Drivers/SX126x/Src/sx126x.o

.debug_abbrev   0x00000000     0x346a
 .debug_abbrev  0x00000000      0x1a2 ./Core/Src/app_uart.o
 .debug_abbrev  0x000001a2      0x182 ./Core/Src/gpio.o
 .debug_abbrev  0x00000324       0xb6 ./Core/Src/icache.o
 .debug_abbrev  0x000003da      0x17c ./Core/Src/lora_protocol.o
 .debug_abbrev  0x00000556      0x248 ./Core/Src/lora_radio.o
 .debug_abbrev  0x0000079e      0x180 ./Core/Src/main.o
 .debug_abbrev  0x0000091e      0x1ce ./Core/Src/node_app.o
 .debug_abbrev  0x00000aec      0x230 ./Core/Src/spi.o
 .debug_abbrev  0x00000d1c       0xde ./Core/Src/stm32u5xx_hal_msp.o
 .debug_abbrev  0x00000dfa       0xa0 ./Core/Src/stm32u5xx_it.o
 .debug_abbrev  0x00000e9a      0x261 ./Core/Src/sx1262_board.o
 .debug_abbrev  0x000010fb      0x1b9 ./Core/Src/sx1262_bringup.o
 .debug_abbrev  0x000012b4      0x129 ./Core/Src/system_stm32u5xx.o
 .debug_abbrev  0x000013dd      0x218 ./Core/Src/usart.o
 .debug_abbrev  0x000015f5       0x24 ./Core/Startup/startup_stm32u585ciux.o
 .debug_abbrev  0x00001619      0x2a5 ./Drivers/STM32U5xx_HAL_Driver/Src/stm32u5xx_hal.o
 .debug_abbrev  0x000018be      0x327 ./Drivers/STM32U5xx_HAL_Driver/Src/stm32u5xx_hal_cortex.o
 .debug_abbrev  0x00001be5      0x25a ./Drivers/STM32U5xx_HAL_Driver/Src/stm32u5xx_hal_gpio.o
 .debug_abbrev  0x00001e3f      0x228 ./Drivers/STM32U5xx_HAL_Driver/Src/stm32u5xx_hal_icache.o
 .debug_abbrev  0x00002067      0x215 ./Drivers/STM32U5xx_HAL_Driver/Src/stm32u5xx_hal_pwr_ex.o
 .debug_abbrev  0x0000227c      0x2cb ./Drivers/STM32U5xx_HAL_Driver/Src/stm32u5xx_hal_rcc.o
 .debug_abbrev  0x00002547      0x23d ./Drivers/STM32U5xx_HAL_Driver/Src/stm32u5xx_hal_rcc_ex.o
 .debug_abbrev  0x00002784      0x2bc ./Drivers/STM32U5xx_HAL_Driver/Src/stm32u5xx_hal_spi.o
 .debug_abbrev  0x00002a40      0x1c7 ./Drivers/STM32U5xx_HAL_Driver/Src/stm32u5xx_hal_spi_ex.o
 .debug_abbrev  0x00002c07      0x305 ./Drivers/STM32U5xx_HAL_Driver/Src/stm32u5xx_hal_uart.o
 .debug_abbrev  0x00002f0c      0x2d4 ./Drivers/STM32U5xx_HAL_Driver/Src/stm32u5xx_hal_uart_ex.o
 .debug_abbrev  0x000031e0      0x28a ./Drivers/SX126x/Src/sx126x.o

.debug_aranges  0x00000000     0x1308
 .debug_aranges
                0x00000000       0x50 ./Core/Src/app_uart.o
 .debug_aranges
                0x00000050       0x20 ./Core/Src/gpio.o
 .debug_aranges
                0x00000070       0x20 ./Core/Src/icache.o
 .debug_aranges
                0x00000090       0x60 ./Core/Src/lora_protocol.o
 .debug_aranges
                0x000000f0       0x60 ./Core/Src/lora_radio.o
 .debug_aranges
                0x00000150       0x30 ./Core/Src/main.o
 .debug_aranges
                0x00000180       0x58 ./Core/Src/node_app.o
 .debug_aranges
                0x000001d8       0x30 ./Core/Src/spi.o
 .debug_aranges
                0x00000208       0x20 ./Core/Src/stm32u5xx_hal_msp.o
 .debug_aranges
                0x00000228       0x68 ./Core/Src/stm32u5xx_it.o
 .debug_aranges
                0x00000290       0x70 ./Core/Src/sx1262_board.o
 .debug_aranges
                0x00000300       0x48 ./Core/Src/sx1262_bringup.o
 .debug_aranges
                0x00000348       0x28 ./Core/Src/system_stm32u5xx.o
 .debug_aranges
                0x00000370       0x30 ./Core/Src/usart.o
 .debug_aranges
                0x000003a0       0x28 ./Core/Startup/startup_stm32u585ciux.o
 .debug_aranges
                0x000003c8      0x148 ./Drivers/STM32U5xx_HAL_Driver/Src/stm32u5xx_hal.o
 .debug_aranges
                0x00000510      0x140 ./Drivers/STM32U5xx_HAL_Driver/Src/stm32u5xx_hal_cortex.o
 .debug_aranges
                0x00000650       0x78 ./Drivers/STM32U5xx_HAL_Driver/Src/stm32u5xx_hal_gpio.o
 .debug_aranges
                0x000006c8       0xa8 ./Drivers/STM32U5xx_HAL_Driver/Src/stm32u5xx_hal_icache.o
 .debug_aranges
                0x00000770      0x200 ./Drivers/STM32U5xx_HAL_Driver/Src/stm32u5xx_hal_pwr_ex.o
 .debug_aranges
                0x00000970       0xa8 ./Drivers/STM32U5xx_HAL_Driver/Src/stm32u5xx_hal_rcc.o
 .debug_aranges
                0x00000a18      0x160 ./Drivers/STM32U5xx_HAL_Driver/Src/stm32u5xx_hal_rcc_ex.o
 .debug_aranges
                0x00000b78      0x1a8 ./Drivers/STM32U5xx_HAL_Driver/Src/stm32u5xx_hal_spi.o
 .debug_aranges
                0x00000d20       0x48 ./Drivers/STM32U5xx_HAL_Driver/Src/stm32u5xx_hal_spi_ex.o
 .debug_aranges
                0x00000d68      0x248 ./Drivers/STM32U5xx_HAL_Driver/Src/stm32u5xx_hal_uart.o
 .debug_aranges
                0x00000fb0       0xb8 ./Drivers/STM32U5xx_HAL_Driver/Src/stm32u5xx_hal_uart_ex.o
 .debug_aranges
                0x00001068      0x2a0 ./Drivers/SX126x/Src/sx126x.o

.debug_rnglists
                0x00000000      0xe6c
 .debug_rnglists
                0x00000000       0x37 ./Core/Src/app_uart.o
 .debug_rnglists
                0x00000037       0x14 ./Core/Src/gpio.o
 .debug_rnglists
                0x0000004b       0x13 ./Core/Src/icache.o
 .debug_rnglists
                0x0000005e       0x48 ./Core/Src/lora_protocol.o
 .debug_rnglists
                0x000000a6       0x48 ./Core/Src/lora_radio.o
 .debug_rnglists
                0x000000ee       0x20 ./Core/Src/main.o
 .debug_rnglists
                0x0000010e       0x3f ./Core/Src/node_app.o
 .debug_rnglists
                0x0000014d       0x21 ./Core/Src/spi.o
 .debug_rnglists
                0x0000016e       0x13 ./Core/Src/stm32u5xx_hal_msp.o
 .debug_rnglists
                0x00000181       0x49 ./Core/Src/stm32u5xx_it.o
 .debug_rnglists
                0x000001ca       0x52 ./Core/Src/sx1262_board.o
 .debug_rnglists
                0x0000021c       0x33 ./Core/Src/sx1262_bringup.o
 .debug_rnglists
                0x0000024f       0x1a ./Core/Src/system_stm32u5xx.o
 .debug_rnglists
                0x00000269       0x21 ./Core/Src/usart.o
 .debug_rnglists
                0x0000028a       0x19 ./Core/Startup/startup_stm32u585ciux.o
 .debug_rnglists
                0x000002a3       0xf3 ./Drivers/STM32U5xx_HAL_Driver/Src/stm32u5xx_hal.o
 .debug_rnglists
                0x00000396       0xec ./Drivers/STM32U5xx_HAL_Driver/Src/stm32u5xx_hal_cortex.o
 .debug_rnglists
                0x00000482       0x5a ./Drivers/STM32U5xx_HAL_Driver/Src/stm32u5xx_hal_gpio.o
 .debug_rnglists
                0x000004dc       0x7a ./Drivers/STM32U5xx_HAL_Driver/Src/stm32u5xx_hal_icache.o
 .debug_rnglists
                0x00000556      0x186 ./Drivers/STM32U5xx_HAL_Driver/Src/stm32u5xx_hal_pwr_ex.o
 .debug_rnglists
                0x000006dc       0x7f ./Drivers/STM32U5xx_HAL_Driver/Src/stm32u5xx_hal_rcc.o
 .debug_rnglists
                0x0000075b      0x113 ./Drivers/STM32U5xx_HAL_Driver/Src/stm32u5xx_hal_rcc_ex.o
 .debug_rnglists
                0x0000086e      0x148 ./Drivers/STM32U5xx_HAL_Driver/Src/stm32u5xx_hal_spi.o
 .debug_rnglists
                0x000009b6       0x35 ./Drivers/STM32U5xx_HAL_Driver/Src/stm32u5xx_hal_spi_ex.o
 .debug_rnglists
                0x000009eb      0x1f8 ./Drivers/STM32U5xx_HAL_Driver/Src/stm32u5xx_hal_uart.o
 .debug_rnglists
                0x00000be3       0x8c ./Drivers/STM32U5xx_HAL_Driver/Src/stm32u5xx_hal_uart_ex.o
 .debug_rnglists
                0x00000c6f      0x1fd ./Drivers/SX126x/Src/sx126x.o

.debug_macro    0x00000000    0x34b4d
 .debug_macro   0x00000000      0x2a9 ./Core/Src/app_uart.o
 .debug_macro   0x000002a9      0xade ./Core/Src/app_uart.o
 .debug_macro   0x00000d87       0x22 ./Core/Src/app_uart.o
 .debug_macro   0x00000da9       0x8e ./Core/Src/app_uart.o
 .debug_macro   0x00000e37       0x51 ./Core/Src/app_uart.o
 .debug_macro   0x00000e88      0x103 ./Core/Src/app_uart.o
 .debug_macro   0x00000f8b       0x6a ./Core/Src/app_uart.o
 .debug_macro   0x00000ff5      0x1df ./Core/Src/app_uart.o
 .debug_macro   0x000011d4      0x190 ./Core/Src/app_uart.o
 .debug_macro   0x00001364      0x201 ./Core/Src/app_uart.o
 .debug_macro   0x00001565       0x2e ./Core/Src/app_uart.o
 .debug_macro   0x00001593       0x42 ./Core/Src/app_uart.o
 .debug_macro   0x000015d5       0x1c ./Core/Src/app_uart.o
 .debug_macro   0x000015f1       0x29 ./Core/Src/app_uart.o
 .debug_macro   0x0000161a       0xfb ./Core/Src/app_uart.o
 .debug_macro   0x00001715     0x1685 ./Core/Src/app_uart.o
 .debug_macro   0x00002d9a       0x5e ./Core/Src/app_uart.o
 .debug_macro   0x00002df8    0x23ced ./Core/Src/app_uart.o
 .debug_macro   0x00026ae5       0x6d ./Core/Src/app_uart.o
 .debug_macro   0x00026b52     0x393e ./Core/Src/app_uart.o
 .debug_macro   0x0002a490       0x61 ./Core/Src/app_uart.o
 .debug_macro   0x0002a4f1       0x2a ./Core/Src/app_uart.o
 .debug_macro   0x0002a51b       0x43 ./Core/Src/app_uart.o
 .debug_macro   0x0002a55e       0x34 ./Core/Src/app_uart.o
 .debug_macro   0x0002a592      0x364 ./Core/Src/app_uart.o
 .debug_macro   0x0002a8f6       0x16 ./Core/Src/app_uart.o
 .debug_macro   0x0002a90c       0x4a ./Core/Src/app_uart.o
 .debug_macro   0x0002a956       0x34 ./Core/Src/app_uart.o
 .debug_macro   0x0002a98a       0x10 ./Core/Src/app_uart.o
 .debug_macro   0x0002a99a       0x58 ./Core/Src/app_uart.o
 .debug_macro   0x0002a9f2       0x8e ./Core/Src/app_uart.o
 .debug_macro   0x0002aa80       0x1c ./Core/Src/app_uart.o
 .debug_macro   0x0002aa9c      0x17e ./Core/Src/app_uart.o
 .debug_macro   0x0002ac1a      0x19b ./Core/Src/app_uart.o
 .debug_macro   0x0002adb5       0x5d ./Core/Src/app_uart.o
 .debug_macro   0x0002ae12     0x1bfd ./Core/Src/app_uart.o
 .debug_macro   0x0002ca0f      0x7ff ./Core/Src/app_uart.o
 .debug_macro   0x0002d20e      0x166 ./Core/Src/app_uart.o
 .debug_macro   0x0002d374      0x2aa ./Core/Src/app_uart.o
 .debug_macro   0x0002d61e       0xc9 ./Core/Src/app_uart.o
 .debug_macro   0x0002d6e7      0x5a5 ./Core/Src/app_uart.o
 .debug_macro   0x0002dc8c      0x439 ./Core/Src/app_uart.o
 .debug_macro   0x0002e0c5       0xd6 ./Core/Src/app_uart.o
 .debug_macro   0x0002e19b      0x1cd ./Core/Src/app_uart.o
 .debug_macro   0x0002e368      0x432 ./Core/Src/app_uart.o
 .debug_macro   0x0002e79a       0x95 ./Core/Src/app_uart.o
 .debug_macro   0x0002e82f      0x11c ./Core/Src/app_uart.o
 .debug_macro   0x0002e94b      0x525 ./Core/Src/app_uart.o
 .debug_macro   0x0002ee70      0x4bf ./Core/Src/app_uart.o
 .debug_macro   0x0002f32f      0x5cf ./Core/Src/app_uart.o
 .debug_macro   0x0002f8fe       0xee ./Core/Src/app_uart.o
 .debug_macro   0x0002f9ec       0xeb ./Core/Src/app_uart.o
 .debug_macro   0x0002fad7      0x677 ./Core/Src/app_uart.o
 .debug_macro   0x0003014e      0x1a1 ./Core/Src/app_uart.o
 .debug_macro   0x000302ef      0x1c0 ./Core/Src/app_uart.o
 .debug_macro   0x000304af      0x361 ./Core/Src/app_uart.o
 .debug_macro   0x00030810       0x8e ./Core/Src/app_uart.o
 .debug_macro   0x0003089e      0x295 ./Core/Src/gpio.o
 .debug_macro   0x00030b33      0x295 ./Core/Src/icache.o
 .debug_macro   0x00030dc8      0x176 ./Core/Src/lora_protocol.o
 .debug_macro   0x00030f3e       0x22 ./Core/Src/lora_protocol.o
 .debug_macro   0x00030f60       0x10 ./Core/Src/lora_protocol.o
 .debug_macro   0x00030f70       0x10 ./Core/Src/lora_protocol.o
 .debug_macro   0x00030f80       0x3c ./Core/Src/lora_protocol.o
 .debug_macro   0x00030fbc       0x20 ./Core/Src/lora_protocol.o
 .debug_macro   0x00030fdc      0x2d9 ./Core/Src/lora_radio.o
 .debug_macro   0x000312b5       0xac ./Core/Src/lora_radio.o
 .debug_macro   0x00031361      0x2ca ./Core/Src/main.o
 .debug_macro   0x0003162b      0x2f2 ./Core/Src/node_app.o
 .debug_macro   0x0003191d       0x16 ./Core/Src/node_app.o
 .debug_macro   0x00031933      0x295 ./Core/Src/spi.o
 .debug_macro   0x00031bc8      0x28b ./Core/Src/stm32u5xx_hal_msp.o
 .debug_macro   0x00031e53      0x295 ./Core/Src/stm32u5xx_it.o
 .debug_macro   0x000320e8      0x2d7 ./Core/Src/sx1262_board.o
 .debug_macro   0x000323bf       0x10 ./Core/Src/sx1262_board.o
 .debug_macro   0x000323cf       0x93 ./Core/Src/sx1262_bringup.o
 .debug_macro   0x00032462      0x283 ./Core/Src/system_stm32u5xx.o
 .debug_macro   0x000326e5      0x295 ./Core/Src/usart.o
 .debug_macro   0x0003297a      0x2a0 ./Drivers/STM32U5xx_HAL_Driver/Src/stm32u5xx_hal.o
 .debug_macro   0x00032c1a      0x27c ./Drivers/STM32U5xx_HAL_Driver/Src/stm32u5xx_hal_cortex.o
 .debug_macro   0x00032e96      0x2b1 ./Drivers/STM32U5xx_HAL_Driver/Src/stm32u5xx_hal_gpio.o
 .debug_macro   0x00033147      0x2ae ./Drivers/STM32U5xx_HAL_Driver/Src/stm32u5xx_hal_icache.o
 .debug_macro   0x000333f5      0x2a7 ./Drivers/STM32U5xx_HAL_Driver/Src/stm32u5xx_hal_pwr_ex.o
 .debug_macro   0x0003369c      0x382 ./Drivers/STM32U5xx_HAL_Driver/Src/stm32u5xx_hal_rcc.o
 .debug_macro   0x00033a1e      0x3ad ./Drivers/STM32U5xx_HAL_Driver/Src/stm32u5xx_hal_rcc_ex.o
 .debug_macro   0x00033dcb      0x284 ./Drivers/STM32U5xx_HAL_Driver/Src/stm32u5xx_hal_spi.o
 .debug_macro   0x0003404f      0x27c ./Drivers/STM32U5xx_HAL_Driver/Src/stm32u5xx_hal_spi_ex.o
 .debug_macro   0x000342cb      0x2a7 ./Drivers/STM32U5xx_HAL_Driver/Src/stm32u5xx_hal_uart.o
 .debug_macro   0x00034572      0x288 ./Drivers/STM32U5xx_HAL_Driver/Src/stm32u5xx_hal_uart_ex.o
 .debug_macro   0x000347fa      0x172 ./Drivers/SX126x/Src/sx126x.o
 .debug_macro   0x0003496c       0xa6 ./Drivers/SX126x/Src/sx126x.o
 .debug_macro   0x00034a12      0x13b ./Drivers/SX126x/Src/sx126x.o

.debug_line     0x00000000    0x193b8
 .debug_line    0x00000000      0x9c0 ./Core/Src/app_uart.o
 .debug_line    0x000009c0      0x8f7 ./Core/Src/gpio.o
 .debug_line    0x000012b7      0x8b2 ./Core/Src/icache.o
 .debug_line    0x00001b69      0x8c0 ./Core/Src/lora_protocol.o
 .debug_line    0x00002429      0xc65 ./Core/Src/lora_radio.o
 .debug_line    0x0000308e      0x974 ./Core/Src/main.o
 .debug_line    0x00003a02      0xb93 ./Core/Src/node_app.o
 .debug_line    0x00004595      0x95d ./Core/Src/spi.o
 .debug_line    0x00004ef2      0x898 ./Core/Src/stm32u5xx_hal_msp.o
 .debug_line    0x0000578a      0x960 ./Core/Src/stm32u5xx_it.o
 .debug_line    0x000060ea      0xb43 ./Core/Src/sx1262_board.o
 .debug_line    0x00006c2d      0x657 ./Core/Src/sx1262_bringup.o
 .debug_line    0x00007284      0x99d ./Core/Src/system_stm32u5xx.o
 .debug_line    0x00007c21      0x94c ./Core/Src/usart.o
 .debug_line    0x0000856d       0x79 ./Core/Startup/startup_stm32u585ciux.o
 .debug_line    0x000085e6      0xd42 ./Drivers/STM32U5xx_HAL_Driver/Src/stm32u5xx_hal.o
 .debug_line    0x00009328      0xeec ./Drivers/STM32U5xx_HAL_Driver/Src/stm32u5xx_hal_cortex.o
 .debug_line    0x0000a214      0xe4b ./Drivers/STM32U5xx_HAL_Driver/Src/stm32u5xx_hal_gpio.o
 .debug_line    0x0000b05f      0xb8c ./Drivers/STM32U5xx_HAL_Driver/Src/stm32u5xx_hal_icache.o
 .debug_line    0x0000bbeb     0x1229 ./Drivers/STM32U5xx_HAL_Driver/Src/stm32u5xx_hal_pwr_ex.o
 .debug_line    0x0000ce14     0x1728 ./Drivers/STM32U5xx_HAL_Driver/Src/stm32u5xx_hal_rcc.o
 .debug_line    0x0000e53c     0x2392 ./Drivers/STM32U5xx_HAL_Driver/Src/stm32u5xx_hal_rcc_ex.o
 .debug_line    0x000108ce     0x25db ./Drivers/STM32U5xx_HAL_Driver/Src/stm32u5xx_hal_spi.o
 .debug_line    0x00012ea9      0xa7c ./Drivers/STM32U5xx_HAL_Driver/Src/stm32u5xx_hal_spi_ex.o
 .debug_line    0x00013925     0x3531 ./Drivers/STM32U5xx_HAL_Driver/Src/stm32u5xx_hal_uart.o
 .debug_line    0x00016e56      0xedb ./Drivers/STM32U5xx_HAL_Driver/Src/stm32u5xx_hal_uart_ex.o
 .debug_line    0x00017d31     0x1687 ./Drivers/SX126x/Src/sx126x.o

.debug_str      0x00000000   0x145a86
 .debug_str     0x00000000   0x145a86 ./Core/Src/app_uart.o
                             0x13a2c4 (size before relaxing)
 .debug_str     0x00145a86   0x13a56e ./Core/Src/gpio.o
 .debug_str     0x00145a86   0x139b69 ./Core/Src/icache.o
 .debug_str     0x00145a86     0x75d5 ./Core/Src/lora_protocol.o
 .debug_str     0x00145a86   0x13af97 ./Core/Src/lora_radio.o
 .debug_str     0x00145a86   0x139e0c ./Core/Src/main.o
 .debug_str     0x00145a86   0x13a76a ./Core/Src/node_app.o
 .debug_str     0x00145a86   0x13a8b1 ./Core/Src/spi.o
 .debug_str     0x00145a86   0x139d24 ./Core/Src/stm32u5xx_hal_msp.o
 .debug_str     0x00145a86   0x139baf ./Core/Src/stm32u5xx_it.o
 .debug_str     0x00145a86   0x13a690 ./Core/Src/sx1262_board.o
 .debug_str     0x00145a86     0x4987 ./Core/Src/sx1262_bringup.o
 .debug_str     0x00145a86   0x139caa ./Core/Src/system_stm32u5xx.o
 .debug_str     0x00145a86   0x13a81e ./Core/Src/usart.o
 .debug_str     0x00145a86       0x7c ./Core/Startup/startup_stm32u585ciux.o
 .debug_str     0x00145a86   0x13ab56 ./Drivers/STM32U5xx_HAL_Driver/Src/stm32u5xx_hal.o
 .debug_str     0x00145a86   0x13a925 ./Drivers/STM32U5xx_HAL_Driver/Src/stm32u5xx_hal_cortex.o
 .debug_str     0x00145a86   0x139ccf ./Drivers/STM32U5xx_HAL_Driver/Src/stm32u5xx_hal_gpio.o
 .debug_str     0x00145a86   0x139fcc ./Drivers/STM32U5xx_HAL_Driver/Src/stm32u5xx_hal_icache.o
 .debug_str     0x00145a86   0x13a3ea ./Drivers/STM32U5xx_HAL_Driver/Src/stm32u5xx_hal_pwr_ex.o
 .debug_str     0x00145a86   0x13b39f ./Drivers/STM32U5xx_HAL_Driver/Src/stm32u5xx_hal_rcc.o
 .debug_str     0x00145a86   0x13c692 ./Drivers/STM32U5xx_HAL_Driver/Src/stm32u5xx_hal_rcc_ex.o
 .debug_str     0x00145a86   0x13a59e ./Drivers/STM32U5xx_HAL_Driver/Src/stm32u5xx_hal_spi.o
 .debug_str     0x00145a86   0x13a10e ./Drivers/STM32U5xx_HAL_Driver/Src/stm32u5xx_hal_spi_ex.o
 .debug_str     0x00145a86   0x13a971 ./Drivers/STM32U5xx_HAL_Driver/Src/stm32u5xx_hal_uart.o
 .debug_str     0x00145a86   0x13a423 ./Drivers/STM32U5xx_HAL_Driver/Src/stm32u5xx_hal_uart_ex.o
 .debug_str     0x00145a86     0xad75 ./Drivers/SX126x/Src/sx126x.o

.comment        0x00000000       0x43
 .comment       0x00000000       0x43 ./Core/Src/app_uart.o
                                 0x44 (size before relaxing)
 .comment       0x00000043       0x44 ./Core/Src/gpio.o
 .comment       0x00000043       0x44 ./Core/Src/icache.o
 .comment       0x00000043       0x44 ./Core/Src/lora_protocol.o
 .comment       0x00000043       0x44 ./Core/Src/lora_radio.o
 .comment       0x00000043       0x44 ./Core/Src/main.o
 .comment       0x00000043       0x44 ./Core/Src/node_app.o
 .comment       0x00000043       0x44 ./Core/Src/spi.o
 .comment       0x00000043       0x44 ./Core/Src/stm32u5xx_hal_msp.o
 .comment       0x00000043       0x44 ./Core/Src/stm32u5xx_it.o
 .comment       0x00000043       0x44 ./Core/Src/sx1262_board.o
 .comment       0x00000043       0x44 ./Core/Src/sx1262_bringup.o
 .comment       0x00000043       0x44 ./Core/Src/system_stm32u5xx.o
 .comment       0x00000043       0x44 ./Core/Src/usart.o
 .comment       0x00000043       0x44 ./Drivers/STM32U5xx_HAL_Driver/Src/stm32u5xx_hal.o
 .comment       0x00000043       0x44 ./Drivers/STM32U5xx_HAL_Driver/Src/stm32u5xx_hal_cortex.o
 .comment       0x00000043       0x44 ./Drivers/STM32U5xx_HAL_Driver/Src/stm32u5xx_hal_gpio.o
 .comment       0x00000043       0x44 ./Drivers/STM32U5xx_HAL_Driver/Src/stm32u5xx_hal_icache.o
 .comment       0x00000043       0x44 ./Drivers/STM32U5xx_HAL_Driver/Src/stm32u5xx_hal_pwr_ex.o
 .comment       0x00000043       0x44 ./Drivers/STM32U5xx_HAL_Driver/Src/stm32u5xx_hal_rcc.o
 .comment       0x00000043       0x44 ./Drivers/STM32U5xx_HAL_Driver/Src/stm32u5xx_hal_rcc_ex.o
 .comment       0x00000043       0x44 ./Drivers/STM32U5xx_HAL_Driver/Src/stm32u5xx_hal_spi.o
 .comment       0x00000043       0x44 ./Drivers/STM32U5xx_HAL_Driver/Src/stm32u5xx_hal_spi_ex.o
 .comment       0x00000043       0x44 ./Drivers/STM32U5xx_HAL_Driver/Src/stm32u5xx_hal_uart.o
 .comment       0x00000043       0x44 ./Drivers/STM32U5xx_HAL_Driver/Src/stm32u5xx_hal_uart_ex.o
 .comment       0x00000043       0x44 ./Drivers/SX126x/Src/sx126x.o

.debug_frame    0x00000000     0x4944
 .debug_frame   0x00000000      0x10c ./Core/Src/app_uart.o
 .debug_frame   0x0000010c       0x34 ./Core/Src/gpio.o
 .debug_frame   0x00000140       0x2c ./Core/Src/icache.o
 .debug_frame   0x0000016c      0x154 ./Core/Src/lora_protocol.o
 .debug_frame   0x000002c0      0x154 ./Core/Src/lora_radio.o
 .debug_frame   0x00000414       0x6c ./Core/Src/main.o
 .debug_frame   0x00000480      0x128 ./Core/Src/node_app.o
 .debug_frame   0x000005a8       0x80 ./Core/Src/spi.o
 .debug_frame   0x00000628       0x34 ./Core/Src/stm32u5xx_hal_msp.o
 .debug_frame   0x0000065c      0x114 ./Core/Src/stm32u5xx_it.o
 .debug_frame   0x00000770      0x184 ./Core/Src/sx1262_board.o
 .debug_frame   0x000008f4       0xe0 ./Core/Src/sx1262_bringup.o
 .debug_frame   0x000009d4       0x50 ./Core/Src/system_stm32u5xx.o
 .debug_frame   0x00000a24       0x78 ./Core/Src/usart.o
 .debug_frame   0x00000a9c      0x480 ./Drivers/STM32U5xx_HAL_Driver/Src/stm32u5xx_hal.o
 .debug_frame   0x00000f1c      0x508 ./Drivers/STM32U5xx_HAL_Driver/Src/stm32u5xx_hal_cortex.o
 .debug_frame   0x00001424      0x1c0 ./Drivers/STM32U5xx_HAL_Driver/Src/stm32u5xx_hal_gpio.o
 .debug_frame   0x000015e4      0x260 ./Drivers/STM32U5xx_HAL_Driver/Src/stm32u5xx_hal_icache.o
 .debug_frame   0x00001844      0x764 ./Drivers/STM32U5xx_HAL_Driver/Src/stm32u5xx_hal_pwr_ex.o
 .debug_frame   0x00001fa8      0x268 ./Drivers/STM32U5xx_HAL_Driver/Src/stm32u5xx_hal_rcc.o
 .debug_frame   0x00002210      0x590 ./Drivers/STM32U5xx_HAL_Driver/Src/stm32u5xx_hal_rcc_ex.o
 .debug_frame   0x000027a0      0x73c ./Drivers/STM32U5xx_HAL_Driver/Src/stm32u5xx_hal_spi.o
 .debug_frame   0x00002edc       0xe8 ./Drivers/STM32U5xx_HAL_Driver/Src/stm32u5xx_hal_spi_ex.o
 .debug_frame   0x00002fc4      0xa10 ./Drivers/STM32U5xx_HAL_Driver/Src/stm32u5xx_hal_uart.o
 .debug_frame   0x000039d4      0x2e8 ./Drivers/STM32U5xx_HAL_Driver/Src/stm32u5xx_hal_uart_ex.o
 .debug_frame   0x00003cbc      0xb88 ./Drivers/SX126x/Src/sx126x.o
 .debug_frame   0x00004844       0x28 C:/ST/STM32CubeIDE_2.2.0/STM32CubeIDE/plugins/com.st.stm32cube.ide.mcu.externaltools.gnu-tools-for-stm32.14.3.rel1.win32_1.0.100.202602081740/tools/bin/../lib/gcc/arm-none-eabi/14.3.1/../../../../arm-none-eabi/lib/thumb/v8-m.main+fp/hard\libc_nano.a(libc_a-memcmp.o)
 .debug_frame   0x0000486c       0x20 C:/ST/STM32CubeIDE_2.2.0/STM32CubeIDE/plugins/com.st.stm32cube.ide.mcu.externaltools.gnu-tools-for-stm32.14.3.rel1.win32_1.0.100.202602081740/tools/bin/../lib/gcc/arm-none-eabi/14.3.1/../../../../arm-none-eabi/lib/thumb/v8-m.main+fp/hard\libc_nano.a(libc_a-memset.o)
 .debug_frame   0x0000488c       0x2c C:/ST/STM32CubeIDE_2.2.0/STM32CubeIDE/plugins/com.st.stm32cube.ide.mcu.externaltools.gnu-tools-for-stm32.14.3.rel1.win32_1.0.100.202602081740/tools/bin/../lib/gcc/arm-none-eabi/14.3.1/../../../../arm-none-eabi/lib/thumb/v8-m.main+fp/hard\libc_nano.a(libc_a-init.o)
 .debug_frame   0x000048b8       0x28 C:/ST/STM32CubeIDE_2.2.0/STM32CubeIDE/plugins/com.st.stm32cube.ide.mcu.externaltools.gnu-tools-for-stm32.14.3.rel1.win32_1.0.100.202602081740/tools/bin/../lib/gcc/arm-none-eabi/14.3.1/../../../../arm-none-eabi/lib/thumb/v8-m.main+fp/hard\libc_nano.a(libc_a-memcpy-stub.o)
 .debug_frame   0x000048e0       0x2c C:/ST/STM32CubeIDE_2.2.0/STM32CubeIDE/plugins/com.st.stm32cube.ide.mcu.externaltools.gnu-tools-for-stm32.14.3.rel1.win32_1.0.100.202602081740/tools/bin/../lib/gcc/arm-none-eabi/14.3.1/thumb/v8-m.main+fp/hard\libgcc.a(_aeabi_uldivmod.o)
 .debug_frame   0x0000490c       0x38 C:/ST/STM32CubeIDE_2.2.0/STM32CubeIDE/plugins/com.st.stm32cube.ide.mcu.externaltools.gnu-tools-for-stm32.14.3.rel1.win32_1.0.100.202602081740/tools/bin/../lib/gcc/arm-none-eabi/14.3.1/thumb/v8-m.main+fp/hard\libgcc.a(_udivmoddi4.o)

.debug_line_str
                0x00000000       0x60
 .debug_line_str
                0x00000000       0x60 ./Core/Startup/startup_stm32u585ciux.o
